Archive member included to satisfy reference by file (symbol)

C:/Users/rian_/.pico-sdk/toolchain/14_2_Rel1/bin/../lib/gcc/arm-none-eabi/14.2.1/thumb/v6-m/nofp\libgcc.a(_dvmd_tls.o)
                              CMakeFiles/Teste_Voltimetro.dir/C_/Users/rian_/.pico-sdk/sdk/2.1.1/src/rp2_common/pico_divider/divider_hardware.S.obj (__aeabi_idiv0)
C:/Users/rian_/.pico-sdk/toolchain/14_2_Rel1/bin/../lib/gcc/arm-none-eabi/14.2.1/thumb/v6-m/nofp\libg.a(libc_a-calloc.o)
                              CMakeFiles/Teste_Voltimetro.dir/C_/Users/rian_/.pico-sdk/sdk/2.1.1/src/rp2_common/pico_malloc/malloc.c.obj (calloc)
C:/Users/rian_/.pico-sdk/toolchain/14_2_Rel1/bin/../lib/gcc/arm-none-eabi/14.2.1/thumb/v6-m/nofp\libg.a(libc_a-callocr.o)
                              C:/Users/rian_/.pico-sdk/toolchain/14_2_Rel1/bin/../lib/gcc/arm-none-eabi/14.2.1/thumb/v6-m/nofp\libg.a(libc_a-calloc.o) (_calloc_r)
C:/Users/rian_/.pico-sdk/toolchain/14_2_Rel1/bin/../lib/gcc/arm-none-eabi/14.2.1/thumb/v6-m/nofp\libg.a(libc_a-malloc.o)
                              CMakeFiles/Teste_Voltimetro.dir/C_/Users/rian_/.pico-sdk/sdk/2.1.1/src/rp2_common/pico_malloc/malloc.c.obj (malloc)
C:/Users/rian_/.pico-sdk/toolchain/14_2_Rel1/bin/../lib/gcc/arm-none-eabi/14.2.1/thumb/v6-m/nofp\libg.a(libc_a-mallocr.o)
                              C:/Users/rian_/.pico-sdk/toolchain/14_2_Rel1/bin/../lib/gcc/arm-none-eabi/14.2.1/thumb/v6-m/nofp\libg.a(libc_a-callocr.o) (_malloc_r)
C:/Users/rian_/.pico-sdk/toolchain/14_2_Rel1/bin/../lib/gcc/arm-none-eabi/14.2.1/thumb/v6-m/nofp\libg.a(libc_a-mlock.o)
                              C:/Users/rian_/.pico-sdk/toolchain/14_2_Rel1/bin/../lib/gcc/arm-none-eabi/14.2.1/thumb/v6-m/nofp\libg.a(libc_a-mallocr.o) (__malloc_lock)
C:/Users/rian_/.pico-sdk/toolchain/14_2_Rel1/bin/../lib/gcc/arm-none-eabi/14.2.1/thumb/v6-m/nofp\libg.a(libc_a-realloc.o)
                              CMakeFiles/Teste_Voltimetro.dir/C_/Users/rian_/.pico-sdk/sdk/2.1.1/src/rp2_common/pico_malloc/malloc.c.obj (realloc)
C:/Users/rian_/.pico-sdk/toolchain/14_2_Rel1/bin/../lib/gcc/arm-none-eabi/14.2.1/thumb/v6-m/nofp\libg.a(libc_a-reallocr.o)
                              C:/Users/rian_/.pico-sdk/toolchain/14_2_Rel1/bin/../lib/gcc/arm-none-eabi/14.2.1/thumb/v6-m/nofp\libg.a(libc_a-realloc.o) (_realloc_r)
C:/Users/rian_/.pico-sdk/toolchain/14_2_Rel1/bin/../lib/gcc/arm-none-eabi/14.2.1/thumb/v6-m/nofp\libg.a(libc_a-memcmp.o)
                              CMakeFiles/Teste_Voltimetro.dir/C_/Users/rian_/.pico-sdk/sdk/2.1.1/src/rp2_common/pico_atomic/atomic.c.obj (memcmp)
C:/Users/rian_/.pico-sdk/toolchain/14_2_Rel1/bin/../lib/gcc/arm-none-eabi/14.2.1/thumb/v6-m/nofp\libg.a(libc_a-memmove.o)
                              C:/Users/rian_/.pico-sdk/toolchain/14_2_Rel1/bin/../lib/gcc/arm-none-eabi/14.2.1/thumb/v6-m/nofp\libg.a(libc_a-reallocr.o) (memmove)
C:/Users/rian_/.pico-sdk/toolchain/14_2_Rel1/bin/../lib/gcc/arm-none-eabi/14.2.1/thumb/v6-m/nofp\libg.a(libc_a-lcltime_r.o)
                              CMakeFiles/Teste_Voltimetro.dir/C_/Users/rian_/.pico-sdk/sdk/2.1.1/src/common/pico_util/datetime.c.obj (localtime_r)
C:/Users/rian_/.pico-sdk/toolchain/14_2_Rel1/bin/../lib/gcc/arm-none-eabi/14.2.1/thumb/v6-m/nofp\libg.a(libc_a-mktime.o)
                              CMakeFiles/Teste_Voltimetro.dir/C_/Users/rian_/.pico-sdk/sdk/2.1.1/src/common/pico_util/datetime.c.obj (mktime)
C:/Users/rian_/.pico-sdk/toolchain/14_2_Rel1/bin/../lib/gcc/arm-none-eabi/14.2.1/thumb/v6-m/nofp\libg.a(libc_a-month_lengths.o)
                              C:/Users/rian_/.pico-sdk/toolchain/14_2_Rel1/bin/../lib/gcc/arm-none-eabi/14.2.1/thumb/v6-m/nofp\libg.a(libc_a-lcltime_r.o) (__month_lengths)
C:/Users/rian_/.pico-sdk/toolchain/14_2_Rel1/bin/../lib/gcc/arm-none-eabi/14.2.1/thumb/v6-m/nofp\libg.a(libc_a-tzcalc_limits.o)
                              C:/Users/rian_/.pico-sdk/toolchain/14_2_Rel1/bin/../lib/gcc/arm-none-eabi/14.2.1/thumb/v6-m/nofp\libg.a(libc_a-lcltime_r.o) (__tzcalc_limits)
C:/Users/rian_/.pico-sdk/toolchain/14_2_Rel1/bin/../lib/gcc/arm-none-eabi/14.2.1/thumb/v6-m/nofp\libg.a(libc_a-tzlock.o)
                              C:/Users/rian_/.pico-sdk/toolchain/14_2_Rel1/bin/../lib/gcc/arm-none-eabi/14.2.1/thumb/v6-m/nofp\libg.a(libc_a-lcltime_r.o) (__tz_lock)
C:/Users/rian_/.pico-sdk/toolchain/14_2_Rel1/bin/../lib/gcc/arm-none-eabi/14.2.1/thumb/v6-m/nofp\libg.a(libc_a-tzset.o)
                              C:/Users/rian_/.pico-sdk/toolchain/14_2_Rel1/bin/../lib/gcc/arm-none-eabi/14.2.1/thumb/v6-m/nofp\libg.a(libc_a-lcltime_r.o) (_tzset_unlocked)
C:/Users/rian_/.pico-sdk/toolchain/14_2_Rel1/bin/../lib/gcc/arm-none-eabi/14.2.1/thumb/v6-m/nofp\libg.a(libc_a-tzset_r.o)
                              C:/Users/rian_/.pico-sdk/toolchain/14_2_Rel1/bin/../lib/gcc/arm-none-eabi/14.2.1/thumb/v6-m/nofp\libg.a(libc_a-tzset.o) (_tzset_unlocked_r)
C:/Users/rian_/.pico-sdk/toolchain/14_2_Rel1/bin/../lib/gcc/arm-none-eabi/14.2.1/thumb/v6-m/nofp\libg.a(libc_a-tzvars.o)
[...]
Memory Configuration

Name             Origin             Length             Attributes
FLASH            0x10000000         0x00200000         xr
RAM              0x20000000         0x00040000         xrw
SCRATCH_X        0x20040000         0x00001000         xrw
SCRATCH_Y        0x20041000         0x00001000         xrw
*default*        0x00000000         0xffffffff

Linker script and memory map

LOAD C:/Users/rian_/.pico-sdk/toolchain/14_2_Rel1/bin/../lib/gcc/arm-none-eabi/14.2.1/thumb/v6-m/nofp/crti.o
LOAD C:/Users/rian_/.pico-sdk/toolchain/14_2_Rel1/bin/../lib/gcc/arm-none-eabi/14.2.1/thumb/v6-m/nofp/crtbegin.o
LOAD C:/Users/rian_/.pico-sdk/toolchain/14_2_Rel1/bin/../lib/gcc/arm-none-eabi/14.2.1/thumb/v6-m/nofp/crt0.o

.flash_begin    0x10000000        0x0
                0x10000000                        __flash_binary_start = .

.boot2          0x10000000      0x100
                0x10000000                        __boot2_start__ = .
 *(.boot2)
 .boot2         0x10000000      0x100 pico-sdk/src/rp2040/boot_stage2/CMakeFiles/bs2_default_library.dir/./bs2_default_padded_checksummed.S.obj
                0x10000100                        __boot2_end__ = .
                0x00000001                        ASSERT (((__boot2_end__ - __boot2_start__) == 0x100), ERROR: Pico second stage bootloader must be 256 bytes in size)

.text           0x10000100     0x9894
                0x10000100                        __logical_binary_start = .
 *(.vectors)
 .vectors       0x10000100       0xd4 CMakeFiles/Teste_Voltimetro.dir/C_/Users/rian_/.pico-sdk/sdk/2.1.1/src/rp2_common/pico_crt0/crt0.S.obj
                0x10000100                __VECTOR_TABLE
                0x10000100                __vectors
                0x100001c0                isr_invalid
                0x100001c0                __default_isrs_start
                0x100001c2                isr_nmi
                0x100001c4                isr_hardfault
                0x100001c6                isr_svcall
                0x100001c8                isr_pendsv
                0x100001ca                isr_systick
                0x100001cc                isr_irq23
                0x100001cc                isr_irq18
                0x100001cc                isr_irq11
                0x100001cc                isr_irq28
                0x100001cc                isr_irq19
                0x100001cc                isr_irq0
                0x100001cc                isr_irq6
                0x100001cc                isr_irq5
                0x100001cc                isr_irq12
                0x100001cc                isr_irq22
                0x100001cc                isr_irq31
                0x100001cc                isr_irq17
                0x100001cc                isr_irq27
                0x100001cc                isr_irq30
                0x100001cc                isr_irq2
                0x100001cc                isr_irq10
                0x100001cc                isr_irq8
                0x100001cc                isr_irq24
                0x100001cc                isr_irq1
                0x100001cc                isr_irq7
                0x100001cc                isr_irq21
                0x100001cc                isr_irq20
                0x100001cc                isr_irq15
                0x100001cc                isr_irq25
                0x100001cc                isr_irq13
                0x100001cc                __unhandled_user_irq
                0x100001cc                isr_irq4
                0x100001cc                isr_irq16
                0x100001cc                isr_irq29
                0x100001cc                isr_irq26
                0x100001cc                __default_isrs_end
                0x100001cc                isr_irq3
                0x100001cc                isr_irq14
                0x100001cc                isr_irq9
                0x100001d2                unhandled_user_irq_num_in_r0
 *(.binary_info_header)
 .binary_info_header
                0x100001d4       0x14 CMakeFiles/Teste_Voltimetro.dir/C_/Users/rian_/.pico-sdk/sdk/2.1.1/src/rp2_common/pico_crt0/crt0.S.obj
                0x100001e8                        __binary_info_header_end = .
 *(.embedded_block)
                0x100001e8                        __embedded_block_end = .
 *(.reset)
 .reset         0x100001e8       0x9c CMakeFiles/Teste_Voltimetro.dir/C_/Users/rian_/.pico-sdk/sdk/2.1.1/src/rp2_common/pico_crt0/crt0.S.obj
                0x100001e8                _entry_point
 *(.init)
 .init          0x10000284        0x4 C:/Users/rian_/.pico-sdk/toolchain/14_2_Rel1/bin/../lib/gcc/arm-none-eabi/14.2.1/thumb/v6-m/nofp/crti.o
                0x10000284                _init
 *(EXCLUDE_FILE(*libm.a: *libc.a:*lib_a-mem*.o *libgcc.a:) .text*)
 .text.register_tm_clones
                0x10000288       0x28 C:/Users/rian_/.pico-sdk/toolchain/14_2_Rel1/bin/../lib/gcc/arm-none-eabi/14.2.1/thumb/v6-m/nofp/crtbegin.o
 .text.frame_dummy
                0x100002b0       0x24 C:/Users/rian_/.pico-sdk/toolchain/14_2_Rel1/bin/../lib/gcc/arm-none-eabi/14.2.1/thumb/v6-m/nofp/crtbegin.o
 .text.gpio_irq_handler
                0x100002d4        0xc CMakeFiles/Teste_Voltimetro.dir/Ohmimetro01.c.obj
                0x100002d4                gpio_irq_handler
 .text.ws2818b_program_init
                0x100002e0       0xdc CMakeFiles/Teste_Voltimetro.dir/Ohmimetro01.c.obj
                0x100002e0                ws2818b_program_init
 .text.npInit   0x100003bc       0x80 CMakeFiles/Teste_Voltimetro.dir/Ohmimetro01.c.obj
                0x100003bc                npInit
 .text.npWrite  0x1000043c       0x58 CMakeFiles/Teste_Voltimetro.dir/Ohmimetro01.c.obj
                0x1000043c                npWrite
 .text.printResistorColors
                0x10000494      0x1a8 CMakeFiles/Teste_Voltimetro.dir/Ohmimetro01.c.obj
                0x10000494                printResistorColors
 .text.startup.main
                0x1000063c      0x488 CMakeFiles/Teste_Voltimetro.dir/Ohmimetro01.c.obj
                0x1000063c                main
 .text.ssd1306_init
                0x10000ac4       0x34 CMakeFiles/Teste_Voltimetro.dir/lib/ssd1306.c.obj
                0x10000ac4                ssd1306_init
 .text.ssd1306_config
                0x10000af8      0x1d0 CMakeFiles/Teste_Voltimetro.dir/lib/ssd1306.c.obj
                0x10000af8                ssd1306_config
 .text.ssd1306_send_data
                0x10000cc8       0x8c CMakeFiles/Teste_Voltimetro.dir/lib/ssd1306.c.obj
                0x10000cc8                ssd1306_send_data
 .text.ssd1306_fill
                0x10000d54       0x7c CMakeFiles/Teste_Voltimetro.dir/lib/ssd1306.c.obj
                0x10000d54                ssd1306_fill
 .text.ssd1306_rect
                0x10000dd0      0x278 CMakeFiles/Teste_Voltimetro.dir/lib/ssd1306.c.obj
                0x10000dd0                ssd1306_rect
 .text.ssd1306_line
                0x10001048      0x158 CMakeFiles/Teste_Voltimetro.dir/lib/ssd1306.c.obj
                0x10001048                ssd1306_line
 .text.ssd1306_draw_char
                0x100011a0      0x20c CMakeFiles/Teste_Voltimetro.dir/lib/ssd1306.c.obj
                0x100011a0                ssd1306_draw_char
 .text.ssd1306_draw_string
                0x100013ac       0x40 CMakeFiles/Teste_Voltimetro.dir/lib/ssd1306.c.obj
                0x100013ac                ssd1306_draw_string
 .text.gpio_default_irq_handler
                0x100013ec      0x2c8 CMakeFiles/Teste_Voltimetro.dir/C_/Users/rian_/.pico-sdk/sdk/2.1.1/src/rp2_common/hardware_gpio/gpio.c.obj
 .text.gpio_set_function
                0x100016b4       0x34 CMakeFiles/Teste_Voltimetro.dir/C_/Users/rian_/.pico-sdk/sdk/2.1.1/src/rp2_common/hardware_gpio/gpio.c.obj
                0x100016b4                gpio_set_function
 .text.gpio_set_pulls
                0x100016e8       0x28 CMakeFiles/Teste_Voltimetro.dir/C_/Users/rian_/.pico-sdk/sdk/2.1.1/src/rp2_common/hardware_gpio/gpio.c.obj
                0x100016e8                gpio_set_pulls
 .text.gpio_set_irq_enabled_with_callback
                0x10001710       0xd0 CMakeFiles/Teste_Voltimetro.dir/C_/Users/rian_/.pico-sdk/sdk/2.1.1/src/rp2_common/hardware_gpio/gpio.c.obj
                0x10001710                gpio_set_irq_enabled_with_callback
 .text.gpio_set_input_enabled
                0x100017e0       0x28 CMakeFiles/Teste_Voltimetro.dir/C_/Users/rian_/.pico-sdk/sdk/2.1.1/src/rp2_common/hardware_gpio/gpio.c.obj
                0x100017e0                gpio_set_input_enabled
 .text.gpio_init
                0x10001808       0x40 CMakeFiles/Teste_Voltimetro.dir/C_/Users/rian_/.pico-sdk/sdk/2.1.1/src/rp2_common/hardware_gpio/gpio.c.obj
                0x10001808                gpio_init
 .text.rp2040_chip_version
                0x10001848        0xc CMakeFiles/Teste_Voltimetro.dir/C_/Users/rian_/.pico-sdk/sdk/2.1.1/src/rp2040/pico_platform/platform.c.obj
                0x10001848                rp2040_chip_version
 .text.panic    0x10001854       0x30 CMakeFiles/Teste_Voltimetro.dir/C_/Users/rian_/.pico-sdk/sdk/2.1.1/src/rp2_common/pico_platform_panic/panic.c.obj
                0x10001854                panic
 .text.hw_claim_lock
                0x10001884       0x18 CMakeFiles/Teste_Voltimetro.dir/C_/Users/rian_/.pico-sdk/sdk/2.1.1/src/common/hardware_claim/claim.c.obj
                0x10001884                hw_claim_lock
 .text.hw_claim_unlock
                0x1000189c       0x14 CMakeFiles/Teste_Voltimetro.dir/C_/Users/rian_/.pico-sdk/sdk/2.1.1/src/common/hardware_claim/claim.c.obj
                0x1000189c                hw_claim_unlock
 .text.hw_claim_or_assert
                0x100018b0       0x44 CMakeFiles/Teste_Voltimetro.dir/C_/Users/rian_/.pico-sdk/sdk/2.1.1/src/common/hardware_claim/claim.c.obj
                0x100018b0                hw_claim_or_assert
 .text.hw_claim_unused_from_range
                0x100018f4       0x88 CMakeFiles/Teste_Voltimetro.dir/C_/Users/rian_/.pico-sdk/sdk/2.1.1/src/common/hardware_claim/claim.c.obj
                0x100018f4                hw_claim_unused_from_range
 .text.next_striped_spin_lock_num
                0x1000197c       0x18 CMakeFiles/Teste_Voltimetro.dir/C_/Users/rian_/.pico-sdk/sdk/2.1.1/src/rp2_common/hardware_sync/sync.c.obj
                0x1000197c                next_striped_spin_lock_num
 .text.spin_lock_claim_unused
                0x10001994       0x24 CMakeFiles/Teste_Voltimetro.dir/C_/Users/rian_/.pico-sdk/sdk/2.1.1/src/rp2_common/hardware_sync/sync.c.obj
                0x10001994                spin_lock_claim_unused
 .text.spin_locks_reset
                0x100019b8       0x1c CMakeFiles/Teste_Voltimetro.dir/C_/Users/rian_/.pico-sdk/sdk/2.1.1/src/rp2_common/hardware_sync_spin_lock/sync_spin_lock.c.obj
                0x100019b8                spin_locks_reset
 .text.runtime_init_per_core_irq_priorities
                0x100019d4       0x24 CMakeFiles/Teste_Voltimetro.dir/C_/Users/rian_/.pico-sdk/sdk/2.1.1/src/rp2_common/hardware_irq/irq.c.obj
                0x100019d4                runtime_init_per_core_irq_priorities
 .text.irq_set_enabled
                0x100019f8       0x24 CMakeFiles/Teste_Voltimetro.dir/C_/Users/rian_/.pico-sdk/sdk/2.1.1/src/rp2_common/hardware_irq/irq.c.obj
                0x100019f8                irq_set_enabled
 .text.irq_is_enabled
                0x10001a1c       0x18 CMakeFiles/Teste_Voltimetro.dir/C_/Users/rian_/.pico-sdk/sdk/2.1.1/src/rp2_common/hardware_irq/irq.c.obj
                0x10001a1c                irq_is_enabled
 .text.irq_set_pending
                0x10001a34       0x10 CMakeFiles/Teste_Voltimetro.dir/C_/Users/rian_/.pico-sdk/sdk/2.1.1/src/rp2_common/hardware_irq/irq.c.obj
                0x10001a34                irq_set_pending
 .text.irq_has_shared_handler
                0x10001a44       0x24 CMakeFiles/Teste_Voltimetro.dir/C_/Users/rian_/.pico-sdk/sdk/2.1.1/src/rp2_common/hardware_irq/irq.c.obj
                0x10001a44                irq_has_shared_handler
 .text.irq_set_exclusive_handler
                0x10001a68       0x54 CMakeFiles/Teste_Voltimetro.dir/C_/Users/rian_/.pico-sdk/sdk/2.1.1/src/rp2_common/hardware_irq/irq.c.obj
                0x10001a68                irq_set_exclusive_handler
 .text.irq_add_shared_handler
                0x10001abc      0x1f4 CMakeFiles/Teste_Voltimetro.dir/C_/Users/rian_/.pico-sdk/sdk/2.1.1/src/rp2_common/hardware_irq/irq.c.obj
                0x10001abc                irq_add_shared_handler
 .text.irq_remove_handler
                0x10001cb0      0x1d4 CMakeFiles/Teste_Voltimetro.dir/C_/Users/rian_/.pico-sdk/sdk/2.1.1/src/rp2_common/hardware_irq/irq.c.obj
                0x10001cb0                irq_remove_handler
 .text.irq_add_tail_to_free_list
                0x10001e84       0xb4 CMakeFiles/Teste_Voltimetro.dir/C_/Users/rian_/.pico-sdk/sdk/2.1.1/src/rp2_common/hardware_irq/irq.c.obj
                0x10001e84                irq_add_tail_to_free_list
 .text.user_irq_claim_unused
                0x10001f38       0x2c CMakeFiles/Teste_Voltimetro.dir/C_/Users/rian_/.pico-sdk/sdk/2.1.1/src/rp2_common/hardware_irq/irq.c.obj
                0x10001f38                user_irq_claim_unused
 .text.lock_init
                0x10001f64       0x10 CMakeFiles/Teste_Voltimetro.dir/C_/Users/rian_/.pico-sdk/sdk/2.1.1/src/common/pico_sync/lock_core.c.obj
                0x10001f64                lock_init
 .text.runtime_init_mutex
                0x10001f74       0x50 CMakeFiles/Teste_Voltimetro.dir/C_/Users/rian_/.pico-sdk/sdk/2.1.1/src/common/pico_sync/mutex.c.obj
                0x10001f74                runtime_init_mutex
 .text.mutex_init
                0x10001fc4       0x1c CMakeFiles/Teste_Voltimetro.dir/C_/Users/rian_/.pico-sdk/sdk/2.1.1/src/common/pico_sync/mutex.c.obj
                0x10001fc4                mutex_init
 .text.critical_section_init
                0x10001fe0       0x1c CMakeFiles/Teste_Voltimetro.dir/C_/Users/rian_/.pico-sdk/sdk/2.1.1/src/common/pico_sync/critical_section.c.obj
                0x10001fe0                critical_section_init
 .text.critical_section_init_with_lock_num
                0x10001ffc       0x14 CMakeFiles/Teste_Voltimetro.dir/C_/Users/rian_/.pico-sdk/sdk/2.1.1/src/common/pico_sync/critical_section.c.obj
                0x10001ffc                critical_section_init_with_lock_num
 .text.sleep_until_callback
                0x10002010       0x30 CMakeFiles/Teste_Voltimetro.dir/C_/Users/rian_/.pico-sdk/sdk/2.1.1/src/common/pico_time/time.c.obj
 .text.alarm_pool_irq_handler
                0x10002040      0x300 CMakeFiles/Teste_Voltimetro.dir/C_/Users/rian_/.pico-sdk/sdk/2.1.1/src/common/pico_time/time.c.obj
 .text.runtime_init_default_alarm_pool
                0x10002340       0xdc CMakeFiles/Teste_Voltimetro.dir/C_/Users/rian_/.pico-sdk/sdk/2.1.1/src/common/pico_time/time.c.obj
                0x10002340                runtime_init_default_alarm_pool
 .text.alarm_pool_get_default
                0x1000241c        0x8 CMakeFiles/Teste_Voltimetro.dir/C_/Users/rian_/.pico-sdk/sdk/2.1.1/src/common/pico_time/time.c.obj
                0x1000241c                alarm_pool_get_default
 .text.alarm_pool_add_alarm_at
                0x10002424       0xd0 CMakeFiles/Teste_Voltimetro.dir/C_/Users/rian_/.pico-sdk/sdk/2.1.1/src/common/pico_time/time.c.obj
                0x10002424                alarm_pool_add_alarm_at
 .text.alarm_pool_add_alarm_at_force_in_context
                0x100024f4       0xb0 CMakeFiles/Teste_Voltimetro.dir/C_/Users/rian_/.pico-sdk/sdk/2.1.1/src/common/pico_time/time.c.obj
                0x100024f4                alarm_pool_add_alarm_at_force_in_context
 .text.alarm_pool_cancel_alarm
                0x100025a4       0x74 CMakeFiles/Teste_Voltimetro.dir/C_/Users/rian_/.pico-sdk/sdk/2.1.1/src/common/pico_time/time.c.obj
                0x100025a4                alarm_pool_cancel_alarm
 .text.alarm_pool_core_num
                0x10002618        0x4 CMakeFiles/Teste_Voltimetro.dir/C_/Users/rian_/.pico-sdk/sdk/2.1.1/src/common/pico_time/time.c.obj
                0x10002618                alarm_pool_core_num
 .text.sleep_us
                0x1000261c       0xec CMakeFiles/Teste_Voltimetro.dir/C_/Users/rian_/.pico-sdk/sdk/2.1.1/src/common/pico_time/time.c.obj
                0x1000261c                sleep_us
 .text.sleep_ms
                0x10002708       0xfc CMakeFiles/Teste_Voltimetro.dir/C_/Users/rian_/.pico-sdk/sdk/2.1.1/src/common/pico_time/time.c.obj
                0x10002708                sleep_ms
 .text.best_effort_wfe_or_timeout
                0x10002804      0x10c CMakeFiles/Teste_Voltimetro.dir/C_/Users/rian_/.pico-sdk/sdk/2.1.1/src/common/pico_time/time.c.obj
                0x10002804                best_effort_wfe_or_timeout
 .text.timer_hardware_alarm_claim
                0x10002910       0x14 CMakeFiles/Teste_Voltimetro.dir/C_/Users/rian_/.pico-sdk/sdk/2.1.1/src/rp2_common/hardware_timer/timer.c.obj
                0x10002910                timer_hardware_alarm_claim
 .text.timer_time_us_64
                0x10002924       0x10 CMakeFiles/Teste_Voltimetro.dir/C_/Users/rian_/.pico-sdk/sdk/2.1.1/src/rp2_common/hardware_timer/timer.c.obj
                0x10002924                timer_time_us_64
 .text.time_us_64
                0x10002934       0x14 CMakeFiles/Teste_Voltimetro.dir/C_/Users/rian_/.pico-sdk/sdk/2.1.1/src/rp2_common/hardware_timer/timer.c.obj
                0x10002934                time_us_64
 .text.busy_wait_us
                0x10002948       0x68 CMakeFiles/Teste_Voltimetro.dir/C_/Users/rian_/.pico-sdk/sdk/2.1.1/src/rp2_common/hardware_timer/timer.c.obj
                0x10002948                busy_wait_us
 .text.busy_wait_until
                0x100029b0       0x20 CMakeFiles/Teste_Voltimetro.dir/C_/Users/rian_/.pico-sdk/sdk/2.1.1/src/rp2_common/hardware_timer/timer.c.obj
                0x100029b0                busy_wait_until
 .text.uart_init
                0x100029d0      0x120 CMakeFiles/Teste_Voltimetro.dir/C_/Users/rian_/.pico-sdk/sdk/2.1.1/src/rp2_common/hardware_uart/uart.c.obj
                0x100029d0                uart_init
 .text.clock_configure_int_divider
                0x10002af0       0xf4 CMakeFiles/Teste_Voltimetro.dir/C_/Users/rian_/.pico-sdk/sdk/2.1.1/src/rp2_common/hardware_clocks/clocks.c.obj
                0x10002af0                clock_configure_int_divider
 .text.clock_configure_undivided
                0x10002be4       0xe8 CMakeFiles/Teste_Voltimetro.dir/C_/Users/rian_/.pico-sdk/sdk/2.1.1/src/rp2_common/hardware_clocks/clocks.c.obj
                0x10002be4                clock_configure_undivided
 .text.clock_get_hz
                0x10002ccc        0xc CMakeFiles/Teste_Voltimetro.dir/C_/Users/rian_/.pico-sdk/sdk/2.1.1/src/rp2_common/hardware_clocks/clocks.c.obj
                0x10002ccc                clock_get_hz
 .text.pll_init
                0x10002cd8       0xa4 CMakeFiles/Teste_Voltimetro.dir/C_/Users/rian_/.pico-sdk/sdk/2.1.1/src/rp2_common/hardware_pll/pll.c.obj
                0x10002cd8                pll_init
 .text.watchdog_reboot
                0x10002d7c       0x9c CMakeFiles/Teste_Voltimetro.dir/C_/Users/rian_/.pico-sdk/sdk/2.1.1/src/rp2_common/hardware_watchdog/watchdog.c.obj
                0x10002d7c                watchdog_reboot
 .text.tick_start
                0x10002e18       0x10 CMakeFiles/Teste_Voltimetro.dir/C_/Users/rian_/.pico-sdk/sdk/2.1.1/src/rp2_common/hardware_ticks/ticks.c.obj
                0x10002e18                tick_start
 .text.rom_func_lookup
                0x10002e28       0x10 CMakeFiles/Teste_Voltimetro.dir/C_/Users/rian_/.pico-sdk/sdk/2.1.1/src/rp2_common/pico_bootrom/bootrom.c.obj
                0x10002e28                rom_func_lookup
 .text.rom_data_lookup
                0x10002e38       0x10 CMakeFiles/Teste_Voltimetro.dir/C_/Users/rian_/.pico-sdk/sdk/2.1.1/src/rp2_common/pico_bootrom/bootrom.c.obj
                0x10002e38                rom_data_lookup
 .text.rom_funcs_lookup
                0x10002e48       0x44 CMakeFiles/Teste_Voltimetro.dir/C_/Users/rian_/.pico-sdk/sdk/2.1.1/src/rp2_common/pico_bootrom/bootrom.c.obj
                0x10002e48                rom_funcs_lookup
 .text.rom_reset_usb_boot
                0x10002e8c       0x1c CMakeFiles/Teste_Voltimetro.dir/C_/Users/rian_/.pico-sdk/sdk/2.1.1/src/rp2_common/pico_bootrom/bootrom.c.obj
                0x10002e8c                rom_reset_usb_boot
 .text.rom_reset_usb_boot_extra
                0x10002ea8       0x24 CMakeFiles/Teste_Voltimetro.dir/C_/Users/rian_/.pico-sdk/sdk/2.1.1/src/rp2_common/pico_bootrom/bootrom.c.obj
                0x10002ea8                rom_reset_usb_boot_extra
 .text.xosc_init
                0x10002ecc       0x28 CMakeFiles/Teste_Voltimetro.dir/C_/Users/rian_/.pico-sdk/sdk/2.1.1/src/rp2_common/hardware_xosc/xosc.c.obj
                0x10002ecc                xosc_init
 .text.first_per_core_initializer
                0x10002ef4        0x4 CMakeFiles/Teste_Voltimetro.dir/C_/Users/rian_/.pico-sdk/sdk/2.1.1/src/rp2_common/pico_runtime/runtime.c.obj
 .text.hard_assertion_failure
                0x10002ef8        0xc CMakeFiles/Teste_Voltimetro.dir/C_/Users/rian_/.pico-sdk/sdk/2.1.1/src/rp2_common/pico_runtime/runtime.c.obj
                0x10002ef8                hard_assertion_failure
 .text.runtime_run_initializers
                0x10002f04       0x28 CMakeFiles/Teste_Voltimetro.dir/C_/Users/rian_/.pico-sdk/sdk/2.1.1/src/rp2_common/pico_runtime/runtime.c.obj
                0x10002f04                runtime_run_initializers
 .text.runtime_init_early_resets
                0x10002f2c       0x2c CMakeFiles/Teste_Voltimetro.dir/C_/Users/rian_/.pico-sdk/sdk/2.1.1/src/rp2_common/pico_runtime_init/runtime_init.c.obj
                0x10002f2c                runtime_init_early_resets
 .text.runtime_init_usb_power_down
                0x10002f58       0x1c CMakeFiles/Teste_Voltimetro.dir/C_/Users/rian_/.pico-sdk/sdk/2.1.1/src/rp2_common/pico_runtime_init/runtime_init.c.obj
                0x10002f58                runtime_init_usb_power_down
 .text.runtime_init_post_clock_resets
                0x10002f74       0x20 CMakeFiles/Teste_Voltimetro.dir/C_/Users/rian_/.pico-sdk/sdk/2.1.1/src/rp2_common/pico_runtime_init/runtime_init.c.obj
                0x10002f74                runtime_init_post_clock_resets
 .text.runtime_init_rp2040_gpio_ie_disable
                0x10002f94       0x14 CMakeFiles/Teste_Voltimetro.dir/C_/Users/rian_/.pico-sdk/sdk/2.1.1/src/rp2_common/pico_runtime_init/runtime_init.c.obj
                0x10002f94                runtime_init_rp2040_gpio_ie_disable
 .text.runtime_init_spin_locks_reset
                0x10002fa8        0x8 CMakeFiles/Teste_Voltimetro.dir/C_/Users/rian_/.pico-sdk/sdk/2.1.1/src/rp2_common/pico_runtime_init/runtime_init.c.obj
                0x10002fa8                runtime_init_spin_locks_reset
 .text.runtime_init_install_ram_vector_table
                0x10002fb0       0x1c CMakeFiles/Teste_Voltimetro.dir/C_/Users/rian_/.pico-sdk/sdk/2.1.1/src/rp2_common/pico_runtime_init/runtime_init.c.obj
                0x10002fb0                runtime_init_install_ram_vector_table
 .text.runtime_init_clocks
                0x10002fcc       0xd8 CMakeFiles/Teste_Voltimetro.dir/C_/Users/rian_/.pico-sdk/sdk/2.1.1/src/rp2_common/pico_runtime_init/runtime_init_clocks.c.obj
                0x10002fcc                runtime_init_clocks
 .text          0x100030a4       0x10 CMakeFiles/Teste_Voltimetro.dir/C_/Users/rian_/.pico-sdk/sdk/2.1.1/src/rp2_common/pico_bit_ops/bit_ops_aeabi.S.obj
 .text.__wrap___aeabi_idiv
                0x100030b4       0x50 CMakeFiles/Teste_Voltimetro.dir/C_/Users/rian_/.pico-sdk/sdk/2.1.1/src/rp2_common/pico_divider/divider_hardware.S.obj
                0x100030b4                __wrap___aeabi_idivmod
                0x100030b4                divmod_s32s32
                0x100030b4                div_s32s32
                0x100030b4                __wrap___aeabi_idiv
                0x100030bc                divmod_s32s32_unsafe
                0x100030e8                divmod_s32s32_savestate
 .text.__wrap___aeabi_uidiv
                0x10003104       0x4c CMakeFiles/Teste_Voltimetro.dir/C_/Users/rian_/.pico-sdk/sdk/2.1.1/src/rp2_common/pico_divider/divider_hardware.S.obj
                0x10003104                __wrap___aeabi_uidiv
                0x10003104                __wrap___aeabi_uidivmod
                0x10003104                div_u32u32
                0x10003104                divmod_u32u32
                0x1000310c                divmod_u32u32_unsafe
                0x10003134                divmod_u32u32_savestate
 .text.__wrap___aeabi_ldiv
                0x10003150      0x424 CMakeFiles/Teste_Voltimetro.dir/C_/Users/rian_/.pico-sdk/sdk/2.1.1/src/rp2_common/pico_divider/divider_hardware.S.obj
                0x10003150                div_s64s64
                0x10003150                divmod_s64s64
                0x10003150                __wrap___aeabi_ldivmod
                0x10003180                divmod_u64u64
                0x10003180                div_u64u64
                0x10003180                __wrap___aeabi_uldivmod
                0x10003190                divmod_u64u64_savestate
                0x100031b0                divmod_s64s64_unsafe
                0x10003238                divmod_u64u64_unsafe
 .text.__wrap___aeabi_darithmetic
                0x10003574       0x60 CMakeFiles/Teste_Voltimetro.dir/C_/Users/rian_/.pico-sdk/sdk/2.1.1/src/rp2_common/pico_double/double_aeabi_rp2040.S.obj
                0x10003574                __wrap___aeabi_drsub
                0x1000357a                __wrap___aeabi_dsub
                0x10003584                __wrap___aeabi_dadd
                0x1000358e                __wrap___aeabi_ddiv
                0x100035c2                __wrap___aeabi_dmul
 .text.__wrap___aeabi_cdcmple
                0x100035d4       0x6c CMakeFiles/Teste_Voltimetro.dir/C_/Users/rian_/.pico-sdk/sdk/2.1.1/src/rp2_common/pico_double/double_aeabi_rp2040.S.obj
                0x100035d4                __wrap___aeabi_cdrcmple
                0x100035e4                __wrap___aeabi_cdcmpeq
                0x100035e4                __wrap___aeabi_cdcmple
 .text.__wrap___aeabi_dcmpeq
                0x10003640       0x10 CMakeFiles/Teste_Voltimetro.dir/C_/Users/rian_/.pico-sdk/sdk/2.1.1/src/rp2_common/pico_double/double_aeabi_rp2040.S.obj
                0x10003640                __wrap___aeabi_dcmpeq
 .text.__wrap___aeabi_dcmplt
                0x10003650        0xc CMakeFiles/Teste_Voltimetro.dir/C_/Users/rian_/.pico-sdk/sdk/2.1.1/src/rp2_common/pico_double/double_aeabi_rp2040.S.obj
                0x10003650                __wrap___aeabi_dcmplt
 .text.__wrap___aeabi_dcmple
                0x1000365c       0x10 CMakeFiles/Teste_Voltimetro.dir/C_/Users/rian_/.pico-sdk/sdk/2.1.1/src/rp2_common/pico_double/double_aeabi_rp2040.S.obj
                0x1000365c                __wrap___aeabi_dcmple
 .text.__wrap___aeabi_dcmpge
                0x1000366c       0x10 CMakeFiles/Teste_Voltimetro.dir/C_/Users/rian_/.pico-sdk/sdk/2.1.1/src/rp2_common/pico_double/double_aeabi_rp2040.S.obj
                0x1000366c                __wrap___aeabi_dcmpge
 .text.__wrap___aeabi_dcmpgt
                0x1000367c        0xa CMakeFiles/Teste_Voltimetro.dir/C_/Users/rian_/.pico-sdk/sdk/2.1.1/src/rp2_common/pico_double/double_aeabi_rp2040.S.obj
                0x1000367c                __wrap___aeabi_dcmpgt
 .text.__wrap___aeabi_dcmpun
                0x10003686       0x18 CMakeFiles/Teste_Voltimetro.dir/C_/Users/rian_/.pico-sdk/sdk/2.1.1/src/rp2_common/pico_double/double_aeabi_rp2040.S.obj
                0x10003686                __wrap___aeabi_dcmpun
 *fill*         0x1000369e        0x2 
 .text.__wrap___aeabi_i2d
                0x100036a0       0x38 CMakeFiles/Teste_Voltimetro.dir/C_/Users/rian_/.pico-sdk/sdk/2.1.1/src/rp2_common/pico_double/double_aeabi_rp2040.S.obj
                0x100036a0                uint2double
                0x100036a0                __wrap___aeabi_ui2d
                0x100036a8                int2double
                0x100036a8                __wrap___aeabi_i2d
 .text.__wrap___aeabi_d2iz
                0x100036d8       0x48 CMakeFiles/Teste_Voltimetro.dir/C_/Users/rian_/.pico-sdk/sdk/2.1.1/src/rp2_common/pico_double/double_aeabi_rp2040.S.obj
                0x100036d8                double2int_z
                0x100036d8                __wrap___aeabi_d2iz
 .text.__wrap___aeabi_d2uiz
                0x10003720       0x10 CMakeFiles/Teste_Voltimetro.dir/C_/Users/rian_/.pico-sdk/sdk/2.1.1/src/rp2_common/pico_double/double_aeabi_rp2040.S.obj
                0x10003720                double2uint
                0x10003720                __wrap___aeabi_d2uiz
                0x10003720                double2uint_z
 .text.__wrap___aeabi_d2f
                0x10003730       0x10 CMakeFiles/Teste_Voltimetro.dir/C_/Users/rian_/.pico-sdk/sdk/2.1.1/src/rp2_common/pico_double/double_aeabi_rp2040.S.obj
                0x10003730                __wrap___aeabi_d2f
 .text.__wrap_exp
                0x10003740       0x10 CMakeFiles/Teste_Voltimetro.dir/C_/Users/rian_/.pico-sdk/sdk/2.1.1/src/rp2_common/pico_double/double_aeabi_rp2040.S.obj
                0x10003740                __wrap_exp
 .text.__wrap_log
                0x10003750       0x10 CMakeFiles/Teste_Voltimetro.dir/C_/Users/rian_/.pico-sdk/sdk/2.1.1/src/rp2_common/pico_double/double_aeabi_rp2040.S.obj
                0x10003750                __wrap_log
 .text.missing_double_func_shim
                0x10003760        0xc CMakeFiles/Teste_Voltimetro.dir/C_/Users/rian_/.pico-sdk/sdk/2.1.1/src/rp2_common/pico_double/double_init_rom_rp2040.c.obj
 .text.__aeabi_double_init
                0x1000376c       0xa0 CMakeFiles/Teste_Voltimetro.dir/C_/Users/rian_/.pico-sdk/sdk/2.1.1/src/rp2_common/pico_double/double_init_rom_rp2040.c.obj
                0x1000376c                __aeabi_double_init
 .text.dpow_1   0x1000380c      0x2a0 CMakeFiles/Teste_Voltimetro.dir/C_/Users/rian_/.pico-sdk/sdk/2.1.1/src/rp2_common/pico_double/double_math.c.obj
 .text.dpow_int2
                0x10003aac       0xd8 CMakeFiles/Teste_Voltimetro.dir/C_/Users/rian_/.pico-sdk/sdk/2.1.1/src/rp2_common/pico_double/double_math.c.obj
 .text.dpow_0   0x10003b84      0x16c CMakeFiles/Teste_Voltimetro.dir/C_/Users/rian_/.pico-sdk/sdk/2.1.1/src/rp2_common/pico_double/double_math.c.obj
 .text.__wrap_ldexp
                0x10003cf0       0x4c CMakeFiles/Teste_Voltimetro.dir/C_/Users/rian_/.pico-sdk/sdk/2.1.1/src/rp2_common/pico_double/double_math.c.obj
                0x10003cf0                __wrap_ldexp
 .text.__wrap_round
                0x10003d3c       0x9c CMakeFiles/Teste_Voltimetro.dir/C_/Users/rian_/.pico-sdk/sdk/2.1.1/src/rp2_common/pico_double/double_math.c.obj
                0x10003d3c                __wrap_round
 .text.__wrap_exp2
                0x10003dd8       0xbc CMakeFiles/Teste_Voltimetro.dir/C_/Users/rian_/.pico-sdk/sdk/2.1.1/src/rp2_common/pico_double/double_math.c.obj
                0x10003dd8                __wrap_exp2
 .text.__wrap_log10
                0x10003e94       0x18 CMakeFiles/Teste_Voltimetro.dir/C_/Users/rian_/.pico-sdk/sdk/2.1.1/src/rp2_common/pico_double/double_math.c.obj
                0x10003e94                __wrap_log10
 .text.__wrap_pow
                0x10003eac      0x328 CMakeFiles/Teste_Voltimetro.dir/C_/Users/rian_/.pico-sdk/sdk/2.1.1/src/rp2_common/pico_double/double_math.c.obj
                0x10003eac                __wrap_pow
 .text.double_table_shim_on_use_helper
                0x100041d4       0x2c CMakeFiles/Teste_Voltimetro.dir/C_/Users/rian_/.pico-sdk/sdk/2.1.1/src/rp2_common/pico_double/double_v1_rom_shim_rp2040.S.obj
                0x100041d4                double_table_shim_on_use_helper
 .text.__aeabi_lmul
                0x10004200       0x32 CMakeFiles/Teste_Voltimetro.dir/C_/Users/rian_/.pico-sdk/sdk/2.1.1/src/rp2_common/pico_int64_ops/pico_int64_ops_aeabi.S.obj
                0x10004200                __wrap___aeabi_lmul
 *fill*         0x10004232        0x2 
 .text.__wrap___aeabi_farithmetic
                0x10004234       0x48 CMakeFiles/Teste_Voltimetro.dir/C_/Users/rian_/.pico-sdk/sdk/2.1.1/src/rp2_common/pico_float/float_aeabi_rp2040.S.obj
                0x10004234                __wrap___aeabi_frsub
                0x1000423a                __wrap___aeabi_fsub
                0x10004240                __wrap___aeabi_fadd
                0x10004246                __wrap___aeabi_fdiv
                0x1000426e                __wrap___aeabi_fmul
 .text.__wrap___aeabi_cfcmple
                0x1000427c       0x50 CMakeFiles/Teste_Voltimetro.dir/C_/Users/rian_/.pico-sdk/sdk/2.1.1/src/rp2_common/pico_float/float_aeabi_rp2040.S.obj
                0x1000427c                __wrap___aeabi_cfrcmple
                0x10004288                __wrap___aeabi_cfcmple
                0x10004288                __wrap___aeabi_cfcmpeq
 .text.__wrap___aeabi_fcmplt
                0x100042cc        0xc CMakeFiles/Teste_Voltimetro.dir/C_/Users/rian_/.pico-sdk/sdk/2.1.1/src/rp2_common/pico_float/float_aeabi_rp2040.S.obj
                0x100042cc                __wrap___aeabi_fcmplt
 .text.__wrap___aeabi_ui2f
                0x100042d8        0xa CMakeFiles/Teste_Voltimetro.dir/C_/Users/rian_/.pico-sdk/sdk/2.1.1/src/rp2_common/pico_float/float_aeabi_rp2040.S.obj
                0x100042d8                __wrap___aeabi_ui2f
                0x100042d8                uint2float
 *fill*         0x100042e2        0x2 
 .text.__wrap___aeabi_i2f
                0x100042e4       0x44 CMakeFiles/Teste_Voltimetro.dir/C_/Users/rian_/.pico-sdk/sdk/2.1.1/src/rp2_common/pico_float/float_aeabi_rp2040.S.obj
                0x100042e4                __wrap___aeabi_i2f
                0x100042e4                int2float
 .text.__wrap___aeabi_f2uiz
                0x10004328        0xc CMakeFiles/Teste_Voltimetro.dir/C_/Users/rian_/.pico-sdk/sdk/2.1.1/src/rp2_common/pico_float/float_aeabi_rp2040.S.obj
                0x10004328                float2uint_z
                0x10004328                __wrap___aeabi_f2uiz
                0x10004328                float2uint
 .text.__wrap___aeabi_f2d
                0x10004334        0xc CMakeFiles/Teste_Voltimetro.dir/C_/Users/rian_/.pico-sdk/sdk/2.1.1/src/rp2_common/pico_float/float_aeabi_rp2040.S.obj
                0x10004334                __wrap___aeabi_f2d
 .text.missing_float_func_shim
                0x10004340        0xc CMakeFiles/Teste_Voltimetro.dir/C_/Users/rian_/.pico-sdk/sdk/2.1.1/src/rp2_common/pico_float/float_init_rom_rp2040.c.obj
 .text.__aeabi_float_init
                0x1000434c       0x5c CMakeFiles/Teste_Voltimetro.dir/C_/Users/rian_/.pico-sdk/sdk/2.1.1/src/rp2_common/pico_float/float_init_rom_rp2040.c.obj
                0x1000434c                __aeabi_float_init
 .text.__wrap_calloc
                0x100043a8       0x28 CMakeFiles/Teste_Voltimetro.dir/C_/Users/rian_/.pico-sdk/sdk/2.1.1/src/rp2_common/pico_malloc/malloc.c.obj
                0x100043a8                __wrap_calloc
 .text          0x100043d0       0x10 CMakeFiles/Teste_Voltimetro.dir/C_/Users/rian_/.pico-sdk/sdk/2.1.1/src/rp2_common/pico_mem_ops/mem_ops_aeabi.S.obj
                0x100043d0                __aeabi_mem_init
 .text.memset   0x100043e0        0xc CMakeFiles/Teste_Voltimetro.dir/C_/Users/rian_/.pico-sdk/sdk/2.1.1/src/rp2_common/pico_mem_ops/mem_ops_aeabi.S.obj
                0x100043e0                __wrap_memset
 .text.memcpy   0x100043ec        0xc CMakeFiles/Teste_Voltimetro.dir/C_/Users/rian_/.pico-sdk/sdk/2.1.1/src/rp2_common/pico_mem_ops/mem_ops_aeabi.S.obj
                0x100043ec                __wrap_memcpy
                0x100043ec                __wrap___aeabi_memcpy
 .text._out_buffer
                0x100043f8        0x8 CMakeFiles/Teste_Voltimetro.dir/C_/Users/rian_/.pico-sdk/sdk/2.1.1/src/rp2_common/pico_printf/printf.c.obj
 .text._out_null
                0x10004400        0x4 CMakeFiles/Teste_Voltimetro.dir/C_/Users/rian_/.pico-sdk/sdk/2.1.1/src/rp2_common/pico_printf/printf.c.obj
 .text._out_rev
                0x10004404       0xac CMakeFiles/Teste_Voltimetro.dir/C_/Users/rian_/.pico-sdk/sdk/2.1.1/src/rp2_common/pico_printf/printf.c.obj
 .text._ntoa_format
                0x100044b0      0x1cc CMakeFiles/Teste_Voltimetro.dir/C_/Users/rian_/.pico-sdk/sdk/2.1.1/src/rp2_common/pico_printf/printf.c.obj
 .text._out_char
                0x1000467c       0x10 CMakeFiles/Teste_Voltimetro.dir/C_/Users/rian_/.pico-sdk/sdk/2.1.1/src/rp2_common/pico_printf/printf.c.obj
 .text._ftoa    0x1000468c      0x4a8 CMakeFiles/Teste_Voltimetro.dir/C_/Users/rian_/.pico-sdk/sdk/2.1.1/src/rp2_common/pico_printf/printf.c.obj
 .text._etoa    0x10004b34      0x57c CMakeFiles/Teste_Voltimetro.dir/C_/Users/rian_/.pico-sdk/sdk/2.1.1/src/rp2_common/pico_printf/printf.c.obj
 .text._vsnprintf
                0x100050b0      0xbe0 CMakeFiles/Teste_Voltimetro.dir/C_/Users/rian_/.pico-sdk/sdk/2.1.1/src/rp2_common/pico_printf/printf.c.obj
 .text.__wrap_sprintf
                0x10005c90       0x2c CMakeFiles/Teste_Voltimetro.dir/C_/Users/rian_/.pico-sdk/sdk/2.1.1/src/rp2_common/pico_printf/printf.c.obj
                0x10005c90                __wrap_sprintf
 .text.weak_raw_vprintf
                0x10005cbc       0x30 CMakeFiles/Teste_Voltimetro.dir/C_/Users/rian_/.pico-sdk/sdk/2.1.1/src/rp2_common/pico_printf/printf.c.obj
                0x10005cbc                weak_raw_vprintf
 .text._exit    0x10005cec        0x4 CMakeFiles/Teste_Voltimetro.dir/C_/Users/rian_/.pico-sdk/sdk/2.1.1/src/rp2_common/pico_clib_interface/newlib_interface.c.obj
                0x10005cec                _exit
 .text._sbrk    0x10005cf0       0x34 CMakeFiles/Teste_Voltimetro.dir/C_/Users/rian_/.pico-sdk/sdk/2.1.1/src/rp2_common/pico_clib_interface/newlib_interface.c.obj
                0x10005cf0                _sbrk
 .text.exit     0x10005d24        0x8 CMakeFiles/Teste_Voltimetro.dir/C_/Users/rian_/.pico-sdk/sdk/2.1.1/src/rp2_common/pico_clib_interface/newlib_interface.c.obj
                0x10005d24                exit
 .text.runtime_init
                0x10005d2c       0x2c CMakeFiles/Teste_Voltimetro.dir/C_/Users/rian_/.pico-sdk/sdk/2.1.1/src/rp2_common/pico_clib_interface/newlib_interface.c.obj
                0x10005d2c                runtime_init
 .text.stdio_out_chars_no_crlf
                0x10005d58       0x10 CMakeFiles/Teste_Voltimetro.dir/C_/Users/rian_/.pico-sdk/sdk/2.1.1/src/rp2_common/pico_stdio/stdio.c.obj
 .text.stdio_out_chars_crlf
                0x10005d68       0xb0 CMakeFiles/Teste_Voltimetro.dir/C_/Users/rian_/.pico-sdk/sdk/2.1.1/src/rp2_common/pico_stdio/stdio.c.obj
 .text.stdio_put_string
                0x10005e18       0xfc CMakeFiles/Teste_Voltimetro.dir/C_/Users/rian_/.pico-sdk/sdk/2.1.1/src/rp2_common/pico_stdio/stdio.c.obj
                0x10005e18                stdio_put_string
 .text.stdio_set_driver_enabled
                0x10005f14       0x30 CMakeFiles/Teste_Voltimetro.dir/C_/Users/rian_/.pico-sdk/sdk/2.1.1/src/rp2_common/pico_stdio/stdio.c.obj
                0x10005f14                stdio_set_driver_enabled
 .text.stdio_init_all
                0x10005f44       0x10 CMakeFiles/Teste_Voltimetro.dir/C_/Users/rian_/.pico-sdk/sdk/2.1.1/src/rp2_common/pico_stdio/stdio.c.obj
                0x10005f44                stdio_init_all
 .text.__wrap_putchar
                0x10005f54       0x94 CMakeFiles/Teste_Voltimetro.dir/C_/Users/rian_/.pico-sdk/sdk/2.1.1/src/rp2_common/pico_stdio/stdio.c.obj
                0x10005f54                __wrap_putchar
                0x10005f54                stdio_putchar
 .text.__wrap_puts
                0x10005fe8       0x3c CMakeFiles/Teste_Voltimetro.dir/C_/Users/rian_/.pico-sdk/sdk/2.1.1/src/rp2_common/pico_stdio/stdio.c.obj
                0x10005fe8                stdio_puts
                0x10005fe8                __wrap_puts
 .text.stdio_uart_out_chars
                0x10006024       0x4c CMakeFiles/Teste_Voltimetro.dir/C_/Users/rian_/.pico-sdk/sdk/2.1.1/src/rp2_common/pico_stdio_uart/stdio_uart.c.obj
 .text.stdio_uart_in_chars
                0x10006070       0x90 CMakeFiles/Teste_Voltimetro.dir/C_/Users/rian_/.pico-sdk/sdk/2.1.1/src/rp2_common/pico_stdio_uart/stdio_uart.c.obj
                0x10006070                stdio_uart_in_chars
 .text.on_uart_rx
                0x10006100       0x28 CMakeFiles/Teste_Voltimetro.dir/C_/Users/rian_/.pico-sdk/sdk/2.1.1/src/rp2_common/pico_stdio_uart/stdio_uart.c.obj
 .text.stdio_uart_out_flush
                0x10006128       0x14 CMakeFiles/Teste_Voltimetro.dir/C_/Users/rian_/.pico-sdk/sdk/2.1.1/src/rp2_common/pico_stdio_uart/stdio_uart.c.obj
 .text.stdio_uart_set_chars_available_callback
                0x1000613c       0x84 CMakeFiles/Teste_Voltimetro.dir/C_/Users/rian_/.pico-sdk/sdk/2.1.1/src/rp2_common/pico_stdio_uart/stdio_uart.c.obj
 .text.stdio_uart_init
                0x100061c0       0x50 CMakeFiles/Teste_Voltimetro.dir/C_/Users/rian_/.pico-sdk/sdk/2.1.1/src/rp2_common/pico_stdio_uart/stdio_uart.c.obj
                0x100061c0                stdio_uart_init
 .text.resetd_init
                0x10006210        0x4 CMakeFiles/Teste_Voltimetro.dir/C_/Users/rian_/.pico-sdk/sdk/2.1.1/src/rp2_common/pico_stdio_usb/reset_interface.c.obj
 .text.resetd_reset
                0x10006214        0xc CMakeFiles/Teste_Voltimetro.dir/C_/Users/rian_/.pico-sdk/sdk/2.1.1/src/rp2_common/pico_stdio_usb/reset_interface.c.obj
 .text.resetd_open
                0x10006220       0x28 CMakeFiles/Teste_Voltimetro.dir/C_/Users/rian_/.pico-sdk/sdk/2.1.1/src/rp2_common/pico_stdio_usb/reset_interface.c.obj
 .text.resetd_xfer_cb
                0x10006248        0x4 CMakeFiles/Teste_Voltimetro.dir/C_/Users/rian_/.pico-sdk/sdk/2.1.1/src/rp2_common/pico_stdio_usb/reset_interface.c.obj
 .text.resetd_control_xfer_cb
                0x1000624c       0x54 CMakeFiles/Teste_Voltimetro.dir/C_/Users/rian_/.pico-sdk/sdk/2.1.1/src/rp2_common/pico_stdio_usb/reset_interface.c.obj
 .text.tud_descriptor_bos_cb
                0x100062a0        0x8 CMakeFiles/Teste_Voltimetro.dir/C_/Users/rian_/.pico-sdk/sdk/2.1.1/src/rp2_common/pico_stdio_usb/reset_interface.c.obj
                0x100062a0                tud_descriptor_bos_cb
 .text.tud_vendor_control_xfer_cb
                0x100062a8       0x34 CMakeFiles/Teste_Voltimetro.dir/C_/Users/rian_/.pico-sdk/sdk/2.1.1/src/rp2_common/pico_stdio_usb/reset_interface.c.obj
                0x100062a8                tud_vendor_control_xfer_cb
 .text.usbd_app_driver_get_cb
                0x100062dc        0xc CMakeFiles/Teste_Voltimetro.dir/C_/Users/rian_/.pico-sdk/sdk/2.1.1/src/rp2_common/pico_stdio_usb/reset_interface.c.obj
                0x100062dc                usbd_app_driver_get_cb
 .text.tud_cdc_line_coding_cb
                0x100062e8       0x2c CMakeFiles/Teste_Voltimetro.dir/C_/Users/rian_/.pico-sdk/sdk/2.1.1/src/rp2_common/pico_stdio_usb/reset_interface.c.obj
                0x100062e8                tud_cdc_line_coding_cb
 .text.stdio_usb_set_chars_available_callback
                0x10006314       0x14 CMakeFiles/Teste_Voltimetro.dir/C_/Users/rian_/.pico-sdk/sdk/2.1.1/src/rp2_common/pico_stdio_usb/stdio_usb.c.obj
                0x10006314                stdio_usb_set_chars_available_callback
 .text.usb_irq  0x10006328       0x10 CMakeFiles/Teste_Voltimetro.dir/C_/Users/rian_/.pico-sdk/sdk/2.1.1/src/rp2_common/pico_stdio_usb/stdio_usb.c.obj
 .text.timer_task
                0x10006338       0x64 CMakeFiles/Teste_Voltimetro.dir/C_/Users/rian_/.pico-sdk/sdk/2.1.1/src/rp2_common/pico_stdio_usb/stdio_usb.c.obj
 .text.stdio_usb_in_chars
                0x1000639c       0x8c CMakeFiles/Teste_Voltimetro.dir/C_/Users/rian_/.pico-sdk/sdk/2.1.1/src/rp2_common/pico_stdio_usb/stdio_usb.c.obj
                0x1000639c                stdio_usb_in_chars
 .text.stdio_usb_out_flush
                0x10006428       0x4c CMakeFiles/Teste_Voltimetro.dir/C_/Users/rian_/.pico-sdk/sdk/2.1.1/src/rp2_common/pico_stdio_usb/stdio_usb.c.obj
 .text.stdio_usb_out_chars
                0x10006474      0x100 CMakeFiles/Teste_Voltimetro.dir/C_/Users/rian_/.pico-sdk/sdk/2.1.1/src/rp2_common/pico_stdio_usb/stdio_usb.c.obj
 .text.low_priority_worker_irq
                0x10006574       0xc8 CMakeFiles/Teste_Voltimetro.dir/C_/Users/rian_/.pico-sdk/sdk/2.1.1/src/rp2_common/pico_stdio_usb/stdio_usb.c.obj
 .text.stdio_usb_init
                0x1000663c       0xe8 CMakeFiles/Teste_Voltimetro.dir/C_/Users/rian_/.pico-sdk/sdk/2.1.1/src/rp2_common/pico_stdio_usb/stdio_usb.c.obj
                0x1000663c                stdio_usb_init
 .text.tud_descriptor_device_cb
                0x10006724        0x8 CMakeFiles/Teste_Voltimetro.dir/C_/Users/rian_/.pico-sdk/sdk/2.1.1/src/rp2_common/pico_stdio_usb/stdio_usb_descriptors.c.obj
                0x10006724                tud_descriptor_device_cb
 .text.tud_descriptor_configuration_cb
                0x1000672c        0x8 CMakeFiles/Teste_Voltimetro.dir/C_/Users/rian_/.pico-sdk/sdk/2.1.1/src/rp2_common/pico_stdio_usb/stdio_usb_descriptors.c.obj
                0x1000672c                tud_descriptor_configuration_cb
 .text.tud_descriptor_string_cb
                0x10006734       0x78 CMakeFiles/Teste_Voltimetro.dir/C_/Users/rian_/.pico-sdk/sdk/2.1.1/src/rp2_common/pico_stdio_usb/stdio_usb_descriptors.c.obj
                0x10006734                tud_descriptor_string_cb
 .text.startup._retrieve_unique_id_on_boot
                0x100067ac       0x10 CMakeFiles/Teste_Voltimetro.dir/C_/Users/rian_/.pico-sdk/sdk/2.1.1/src/rp2_common/pico_unique_id/unique_id.c.obj
 .text.pico_get_unique_board_id_string
                0x100067bc      0x1a8 CMakeFiles/Teste_Voltimetro.dir/C_/Users/rian_/.pico-sdk/sdk/2.1.1/src/rp2_common/pico_unique_id/unique_id.c.obj
                0x100067bc                pico_get_unique_board_id_string
 .text.flash_get_unique_id
                0x10006964       0x3c CMakeFiles/Teste_Voltimetro.dir/C_/Users/rian_/.pico-sdk/sdk/2.1.1/src/rp2_common/hardware_flash/flash.c.obj
                0x10006964                flash_get_unique_id
 .text.dcd_init
                0x100069a0       0x90 CMakeFiles/Teste_Voltimetro.dir/C_/Users/rian_/.pico-sdk/sdk/2.1.1/lib/tinyusb/src/portable/raspberrypi/rp2040/dcd_rp2040.c.obj
                0x100069a0                dcd_init
 .text.dcd_int_enable
                0x10006a30        0xc CMakeFiles/Teste_Voltimetro.dir/C_/Users/rian_/.pico-sdk/sdk/2.1.1/lib/tinyusb/src/portable/raspberrypi/rp2040/dcd_rp2040.c.obj
                0x10006a30                dcd_int_enable
 .text.dcd_set_address
                0x10006a3c       0x14 CMakeFiles/Teste_Voltimetro.dir/C_/Users/rian_/.pico-sdk/sdk/2.1.1/lib/tinyusb/src/portable/raspberrypi/rp2040/dcd_rp2040.c.obj
                0x10006a3c                dcd_set_address
 .text.dcd_sof_enable
                0x10006a50       0x1c CMakeFiles/Teste_Voltimetro.dir/C_/Users/rian_/.pico-sdk/sdk/2.1.1/lib/tinyusb/src/portable/raspberrypi/rp2040/dcd_rp2040.c.obj
                0x10006a50                dcd_sof_enable
 .text.dcd_edpt0_status_complete
                0x10006a6c       0x1c CMakeFiles/Teste_Voltimetro.dir/C_/Users/rian_/.pico-sdk/sdk/2.1.1/lib/tinyusb/src/portable/raspberrypi/rp2040/dcd_rp2040.c.obj
                0x10006a6c                dcd_edpt0_status_complete
 .text.dcd_edpt_open
                0x10006a88      0x114 CMakeFiles/Teste_Voltimetro.dir/C_/Users/rian_/.pico-sdk/sdk/2.1.1/lib/tinyusb/src/portable/raspberrypi/rp2040/dcd_rp2040.c.obj
                0x10006a88                dcd_edpt_open
 .text.dcd_edpt_close_all
                0x10006b9c        0x8 CMakeFiles/Teste_Voltimetro.dir/C_/Users/rian_/.pico-sdk/sdk/2.1.1/lib/tinyusb/src/portable/raspberrypi/rp2040/dcd_rp2040.c.obj
                0x10006b9c                dcd_edpt_close_all
 .text.dcd_edpt_xfer
                0x10006ba4       0x24 CMakeFiles/Teste_Voltimetro.dir/C_/Users/rian_/.pico-sdk/sdk/2.1.1/lib/tinyusb/src/portable/raspberrypi/rp2040/dcd_rp2040.c.obj
                0x10006ba4                dcd_edpt_xfer
 .text.dcd_edpt_stall
                0x10006bc8       0x3c CMakeFiles/Teste_Voltimetro.dir/C_/Users/rian_/.pico-sdk/sdk/2.1.1/lib/tinyusb/src/portable/raspberrypi/rp2040/dcd_rp2040.c.obj
                0x10006bc8                dcd_edpt_stall
 .text.dcd_edpt_clear_stall
                0x10006c04       0x30 CMakeFiles/Teste_Voltimetro.dir/C_/Users/rian_/.pico-sdk/sdk/2.1.1/lib/tinyusb/src/portable/raspberrypi/rp2040/dcd_rp2040.c.obj
                0x10006c04                dcd_edpt_clear_stall
 .text.rp2040_usb_init
                0x10006c34       0x40 CMakeFiles/Teste_Voltimetro.dir/C_/Users/rian_/.pico-sdk/sdk/2.1.1/lib/tinyusb/src/portable/raspberrypi/rp2040/rp2040_usb.c.obj
                0x10006c34                rp2040_usb_init
 .text.hw_endpoint_xfer_start
                0x10006c74       0x40 CMakeFiles/Teste_Voltimetro.dir/C_/Users/rian_/.pico-sdk/sdk/2.1.1/lib/tinyusb/src/portable/raspberrypi/rp2040/rp2040_usb.c.obj
                0x10006c74                hw_endpoint_xfer_start
 .text.tud_event_hook_cb
                0x10006cb4        0x4 CMakeFiles/Teste_Voltimetro.dir/C_/Users/rian_/.pico-sdk/sdk/2.1.1/lib/tinyusb/src/device/usbd.c.obj
                0x10006cb4                tud_event_hook_cb
 .text.tud_sof_cb
                0x10006cb8        0x4 CMakeFiles/Teste_Voltimetro.dir/C_/Users/rian_/.pico-sdk/sdk/2.1.1/lib/tinyusb/src/device/usbd.c.obj
                0x10006cb8                tud_sof_cb
 .text.tud_descriptor_device_qualifier_cb
                0x10006cbc        0x4 CMakeFiles/Teste_Voltimetro.dir/C_/Users/rian_/.pico-sdk/sdk/2.1.1/lib/tinyusb/src/device/usbd.c.obj
                0x10006cbc                tud_descriptor_device_qualifier_cb
 .text.tud_descriptor_other_speed_configuration_cb
                0x10006cc0        0x4 CMakeFiles/Teste_Voltimetro.dir/C_/Users/rian_/.pico-sdk/sdk/2.1.1/lib/tinyusb/src/device/usbd.c.obj
                0x10006cc0                tud_descriptor_other_speed_configuration_cb
 .text.tud_mount_cb
                0x10006cc4        0x4 CMakeFiles/Teste_Voltimetro.dir/C_/Users/rian_/.pico-sdk/sdk/2.1.1/lib/tinyusb/src/device/usbd.c.obj
                0x10006cc4                tud_mount_cb
 .text.tud_umount_cb
                0x10006cc8        0x4 CMakeFiles/Teste_Voltimetro.dir/C_/Users/rian_/.pico-sdk/sdk/2.1.1/lib/tinyusb/src/device/usbd.c.obj
                0x10006cc8                tud_umount_cb
 .text.tud_suspend_cb
                0x10006ccc        0x4 CMakeFiles/Teste_Voltimetro.dir/C_/Users/rian_/.pico-sdk/sdk/2.1.1/lib/tinyusb/src/device/usbd.c.obj
                0x10006ccc                tud_suspend_cb
 .text.tud_resume_cb
                0x10006cd0        0x4 CMakeFiles/Teste_Voltimetro.dir/C_/Users/rian_/.pico-sdk/sdk/2.1.1/lib/tinyusb/src/device/usbd.c.obj
                0x10006cd0                tud_resume_cb
 .text.tud_mounted
                0x10006cd4       0x10 CMakeFiles/Teste_Voltimetro.dir/C_/Users/rian_/.pico-sdk/sdk/2.1.1/lib/tinyusb/src/device/usbd.c.obj
                0x10006cd4                tud_mounted
 .text.tud_suspended
                0x10006ce4       0x10 CMakeFiles/Teste_Voltimetro.dir/C_/Users/rian_/.pico-sdk/sdk/2.1.1/lib/tinyusb/src/device/usbd.c.obj
                0x10006ce4                tud_suspended
 .text.tud_rhport_init
                0x10006cf4       0xf4 CMakeFiles/Teste_Voltimetro.dir/C_/Users/rian_/.pico-sdk/sdk/2.1.1/lib/tinyusb/src/device/usbd.c.obj
                0x10006cf4                tud_rhport_init
 .text.tud_task_ext
                0x10006de8      0x800 CMakeFiles/Teste_Voltimetro.dir/C_/Users/rian_/.pico-sdk/sdk/2.1.1/lib/tinyusb/src/device/usbd.c.obj
                0x10006de8                tud_task_ext
 .text.usbd_open_edpt_pair
                0x100075e8       0x9c CMakeFiles/Teste_Voltimetro.dir/C_/Users/rian_/.pico-sdk/sdk/2.1.1/lib/tinyusb/src/device/usbd.c.obj
                0x100075e8                usbd_open_edpt_pair
 .text.usbd_edpt_open
                0x10007684       0x34 CMakeFiles/Teste_Voltimetro.dir/C_/Users/rian_/.pico-sdk/sdk/2.1.1/lib/tinyusb/src/device/usbd.c.obj
                0x10007684                usbd_edpt_open
 .text.usbd_edpt_claim
                0x100076b8       0x28 CMakeFiles/Teste_Voltimetro.dir/C_/Users/rian_/.pico-sdk/sdk/2.1.1/lib/tinyusb/src/device/usbd.c.obj
                0x100076b8                usbd_edpt_claim
 .text.usbd_edpt_release
                0x100076e0       0x28 CMakeFiles/Teste_Voltimetro.dir/C_/Users/rian_/.pico-sdk/sdk/2.1.1/lib/tinyusb/src/device/usbd.c.obj
                0x100076e0                usbd_edpt_release
 .text.usbd_edpt_xfer
                0x10007708       0x4c CMakeFiles/Teste_Voltimetro.dir/C_/Users/rian_/.pico-sdk/sdk/2.1.1/lib/tinyusb/src/device/usbd.c.obj
                0x10007708                usbd_edpt_xfer
 .text.tud_control_status
                0x10007754       0x2c CMakeFiles/Teste_Voltimetro.dir/C_/Users/rian_/.pico-sdk/sdk/2.1.1/lib/tinyusb/src/device/usbd_control.c.obj
                0x10007754                tud_control_status
 .text.tud_control_xfer
                0x10007780       0xa8 CMakeFiles/Teste_Voltimetro.dir/C_/Users/rian_/.pico-sdk/sdk/2.1.1/lib/tinyusb/src/device/usbd_control.c.obj
                0x10007780                tud_control_xfer
 .text.usbd_control_reset
                0x10007828       0x14 CMakeFiles/Teste_Voltimetro.dir/C_/Users/rian_/.pico-sdk/sdk/2.1.1/lib/tinyusb/src/device/usbd_control.c.obj
                0x10007828                usbd_control_reset
 .text.usbd_control_set_complete_callback
                0x1000783c        0xc CMakeFiles/Teste_Voltimetro.dir/C_/Users/rian_/.pico-sdk/sdk/2.1.1/lib/tinyusb/src/device/usbd_control.c.obj
                0x1000783c                usbd_control_set_complete_callback
 .text.usbd_control_set_request
                0x10007848       0x1c CMakeFiles/Teste_Voltimetro.dir/C_/Users/rian_/.pico-sdk/sdk/2.1.1/lib/tinyusb/src/device/usbd_control.c.obj
                0x10007848                usbd_control_set_request
 .text.usbd_control_xfer_cb
                0x10007864       0xec CMakeFiles/Teste_Voltimetro.dir/C_/Users/rian_/.pico-sdk/sdk/2.1.1/lib/tinyusb/src/device/usbd_control.c.obj
                0x10007864                usbd_control_xfer_cb
 .text._prep_out_transaction.isra.0
                0x10007950       0x6c CMakeFiles/Teste_Voltimetro.dir/C_/Users/rian_/.pico-sdk/sdk/2.1.1/lib/tinyusb/src/class/cdc/cdc_device.c.obj
 .text.tud_cdc_n_connected
                0x100079bc       0x2c CMakeFiles/Teste_Voltimetro.dir/C_/Users/rian_/.pico-sdk/sdk/2.1.1/lib/tinyusb/src/class/cdc/cdc_device.c.obj
                0x100079bc                tud_cdc_n_connected
 .text.tud_cdc_n_available
                0x100079e8       0x14 CMakeFiles/Teste_Voltimetro.dir/C_/Users/rian_/.pico-sdk/sdk/2.1.1/lib/tinyusb/src/class/cdc/cdc_device.c.obj
                0x100079e8                tud_cdc_n_available
 .text.tud_cdc_n_read
                0x100079fc       0x88 CMakeFiles/Teste_Voltimetro.dir/C_/Users/rian_/.pico-sdk/sdk/2.1.1/lib/tinyusb/src/class/cdc/cdc_device.c.obj
                0x100079fc                tud_cdc_n_read
 .text.tud_cdc_n_write_flush
                0x10007a84       0x74 CMakeFiles/Teste_Voltimetro.dir/C_/Users/rian_/.pico-sdk/sdk/2.1.1/lib/tinyusb/src/class/cdc/cdc_device.c.obj
                0x10007a84                tud_cdc_n_write_flush
 .text.tud_cdc_n_write
                0x10007af8       0x40 CMakeFiles/Teste_Voltimetro.dir/C_/Users/rian_/.pico-sdk/sdk/2.1.1/lib/tinyusb/src/class/cdc/cdc_device.c.obj
                0x10007af8                tud_cdc_n_write
 .text.tud_cdc_n_write_available
                0x10007b38       0x14 CMakeFiles/Teste_Voltimetro.dir/C_/Users/rian_/.pico-sdk/sdk/2.1.1/lib/tinyusb/src/class/cdc/cdc_device.c.obj
                0x10007b38                tud_cdc_n_write_available
 .text.cdcd_init
                0x10007b4c       0x70 CMakeFiles/Teste_Voltimetro.dir/C_/Users/rian_/.pico-sdk/sdk/2.1.1/lib/tinyusb/src/class/cdc/cdc_device.c.obj
                0x10007b4c                cdcd_init
 .text.cdcd_deinit
                0x10007bbc       0x30 CMakeFiles/Teste_Voltimetro.dir/C_/Users/rian_/.pico-sdk/sdk/2.1.1/lib/tinyusb/src/class/cdc/cdc_device.c.obj
                0x10007bbc                cdcd_deinit
 .text.cdcd_reset
                0x10007bec       0x4c CMakeFiles/Teste_Voltimetro.dir/C_/Users/rian_/.pico-sdk/sdk/2.1.1/lib/tinyusb/src/class/cdc/cdc_device.c.obj
                0x10007bec                cdcd_reset
 .text.cdcd_open
                0x10007c38       0xa4 CMakeFiles/Teste_Voltimetro.dir/C_/Users/rian_/.pico-sdk/sdk/2.1.1/lib/tinyusb/src/class/cdc/cdc_device.c.obj
                0x10007c38                cdcd_open
 .text.cdcd_control_xfer_cb
                0x10007cdc       0xe8 CMakeFiles/Teste_Voltimetro.dir/C_/Users/rian_/.pico-sdk/sdk/2.1.1/lib/tinyusb/src/class/cdc/cdc_device.c.obj
                0x10007cdc                cdcd_control_xfer_cb
 .text.cdcd_xfer_cb
                0x10007dc4      0x100 CMakeFiles/Teste_Voltimetro.dir/C_/Users/rian_/.pico-sdk/sdk/2.1.1/lib/tinyusb/src/class/cdc/cdc_device.c.obj
                0x10007dc4                cdcd_xfer_cb
 .text.vendord_init
                0x10007ec4       0x5c CMakeFiles/Teste_Voltimetro.dir/C_/Users/rian_/.pico-sdk/sdk/2.1.1/lib/tinyusb/src/class/vendor/vendor_device.c.obj
                0x10007ec4                vendord_init
 .text.vendord_deinit
                0x10007f20       0x1c CMakeFiles/Teste_Voltimetro.dir/C_/Users/rian_/.pico-sdk/sdk/2.1.1/lib/tinyusb/src/class/vendor/vendor_device.c.obj
                0x10007f20                vendord_deinit
 .text.vendord_reset
                0x10007f3c       0x28 CMakeFiles/Teste_Voltimetro.dir/C_/Users/rian_/.pico-sdk/sdk/2.1.1/lib/tinyusb/src/class/vendor/vendor_device.c.obj
                0x10007f3c                vendord_reset
 .text.vendord_open
                0x10007f64      0x120 CMakeFiles/Teste_Voltimetro.dir/C_/Users/rian_/.pico-sdk/sdk/2.1.1/lib/tinyusb/src/class/vendor/vendor_device.c.obj
                0x10007f64                vendord_open
 .text.vendord_xfer_cb
                0x10008084       0x9c CMakeFiles/Teste_Voltimetro.dir/C_/Users/rian_/.pico-sdk/sdk/2.1.1/lib/tinyusb/src/class/vendor/vendor_device.c.obj
                0x10008084                vendord_xfer_cb
 .text.tusb_rhport_init
                0x10008120       0x4c CMakeFiles/Teste_Voltimetro.dir/C_/Users/rian_/.pico-sdk/sdk/2.1.1/lib/tinyusb/src/tusb.c.obj
                0x10008120                tusb_rhport_init
 .text.tu_edpt_claim
                0x1000816c       0x50 CMakeFiles/Teste_Voltimetro.dir/C_/Users/rian_/.pico-sdk/sdk/2.1.1/lib/tinyusb/src/tusb.c.obj
                0x1000816c                tu_edpt_claim
 .text.tu_edpt_release
                0x100081bc       0x38 CMakeFiles/Teste_Voltimetro.dir/C_/Users/rian_/.pico-sdk/sdk/2.1.1/lib/tinyusb/src/tusb.c.obj
                0x100081bc                tu_edpt_release
 .text.tu_edpt_validate
                0x100081f4       0x7c CMakeFiles/Teste_Voltimetro.dir/C_/Users/rian_/.pico-sdk/sdk/2.1.1/lib/tinyusb/src/tusb.c.obj
                0x100081f4                tu_edpt_validate
 .text.tu_edpt_bind_driver
                0x10008270       0x34 CMakeFiles/Teste_Voltimetro.dir/C_/Users/rian_/.pico-sdk/sdk/2.1.1/lib/tinyusb/src/tusb.c.obj
                0x10008270                tu_edpt_bind_driver
 .text.tu_edpt_stream_init
                0x100082a4       0x6c CMakeFiles/Teste_Voltimetro.dir/C_/Users/rian_/.pico-sdk/sdk/2.1.1/lib/tinyusb/src/tusb.c.obj
                0x100082a4                tu_edpt_stream_init
 .text.tu_edpt_stream_deinit
                0x10008310        0x4 CMakeFiles/Teste_Voltimetro.dir/C_/Users/rian_/.pico-sdk/sdk/2.1.1/lib/tinyusb/src/tusb.c.obj
                0x10008310                tu_edpt_stream_deinit
 .text.tu_edpt_stream_write_zlp_if_needed
                0x10008314       0x68 CMakeFiles/Teste_Voltimetro.dir/C_/Users/rian_/.pico-sdk/sdk/2.1.1/lib/tinyusb/src/tusb.c.obj
                0x10008314                tu_edpt_stream_write_zlp_if_needed
 .text.tu_edpt_stream_write_xfer
                0x1000837c       0x68 CMakeFiles/Teste_Voltimetro.dir/C_/Users/rian_/.pico-sdk/sdk/2.1.1/lib/tinyusb/src/tusb.c.obj
                0x1000837c                tu_edpt_stream_write_xfer
 .text.tu_edpt_stream_read_xfer
                0x100083e4       0xd8 CMakeFiles/Teste_Voltimetro.dir/C_/Users/rian_/.pico-sdk/sdk/2.1.1/lib/tinyusb/src/tusb.c.obj
                0x100083e4                tu_edpt_stream_read_xfer
 .text.tu_fifo_config
                0x100084bc       0x6c CMakeFiles/Teste_Voltimetro.dir/C_/Users/rian_/.pico-sdk/sdk/2.1.1/lib/tinyusb/src/common/tusb_fifo.c.obj
                0x100084bc                tu_fifo_config
 .text.tu_fifo_count
                0x10008528       0x2c CMakeFiles/Teste_Voltimetro.dir/C_/Users/rian_/.pico-sdk/sdk/2.1.1/lib/tinyusb/src/common/tusb_fifo.c.obj
                0x10008528                tu_fifo_count
 .text.tu_fifo_empty
                0x10008554       0x10 CMakeFiles/Teste_Voltimetro.dir/C_/Users/rian_/.pico-sdk/sdk/2.1.1/lib/tinyusb/src/common/tusb_fifo.c.obj
                0x10008554                tu_fifo_empty
 .text.tu_fifo_remaining
                0x10008564       0x2c CMakeFiles/Teste_Voltimetro.dir/C_/Users/rian_/.pico-sdk/sdk/2.1.1/lib/tinyusb/src/common/tusb_fifo.c.obj
                0x10008564                tu_fifo_remaining
 .text.tu_fifo_read
                0x10008590       0x9c CMakeFiles/Teste_Voltimetro.dir/C_/Users/rian_/.pico-sdk/sdk/2.1.1/lib/tinyusb/src/common/tusb_fifo.c.obj
                0x10008590                tu_fifo_read
 .text.tu_fifo_read_n
                0x1000862c       0xe8 CMakeFiles/Teste_Voltimetro.dir/C_/Users/rian_/.pico-sdk/sdk/2.1.1/lib/tinyusb/src/common/tusb_fifo.c.obj
                0x1000862c                tu_fifo_read_n
 .text.tu_fifo_write
                0x10008714       0xa4 CMakeFiles/Teste_Voltimetro.dir/C_/Users/rian_/.pico-sdk/sdk/2.1.1/lib/tinyusb/src/common/tusb_fifo.c.obj
                0x10008714                tu_fifo_write
 .text.tu_fifo_write_n
                0x100087b8      0x178 CMakeFiles/Teste_Voltimetro.dir/C_/Users/rian_/.pico-sdk/sdk/2.1.1/lib/tinyusb/src/common/tusb_fifo.c.obj
                0x100087b8                tu_fifo_write_n
 .text.tu_fifo_clear
                0x10008930       0x40 CMakeFiles/Teste_Voltimetro.dir/C_/Users/rian_/.pico-sdk/sdk/2.1.1/lib/tinyusb/src/common/tusb_fifo.c.obj
                0x10008930                tu_fifo_clear
 .text.tu_fifo_set_overwritable
                0x10008970       0x48 CMakeFiles/Teste_Voltimetro.dir/C_/Users/rian_/.pico-sdk/sdk/2.1.1/lib/tinyusb/src/common/tusb_fifo.c.obj
                0x10008970                tu_fifo_set_overwritable
 .text.i2c_write_blocking_internal.constprop.0
                0x100089b8       0xf8 CMakeFiles/Teste_Voltimetro.dir/C_/Users/rian_/.pico-sdk/sdk/2.1.1/src/rp2_common/hardware_i2c/i2c.c.obj
 .text.i2c_set_baudrate
                0x10008ab0       0xc0 CMakeFiles/Teste_Voltimetro.dir/C_/Users/rian_/.pico-sdk/sdk/2.1.1/src/rp2_common/hardware_i2c/i2c.c.obj
                0x10008ab0                i2c_set_baudrate
 .text.i2c_init
                0x10008b70       0x50 CMakeFiles/Teste_Voltimetro.dir/C_/Users/rian_/.pico-sdk/sdk/2.1.1/src/rp2_common/hardware_i2c/i2c.c.obj
                0x10008b70                i2c_init
 .text.i2c_write_blocking
                0x10008bc0       0x14 CMakeFiles/Teste_Voltimetro.dir/C_/Users/rian_/.pico-sdk/sdk/2.1.1/src/rp2_common/hardware_i2c/i2c.c.obj
                0x10008bc0                i2c_write_blocking
 .text.adc_init
                0x10008bd4       0x38 CMakeFiles/Teste_Voltimetro.dir/C_/Users/rian_/.pico-sdk/sdk/2.1.1/src/rp2_common/hardware_adc/adc.c.obj
                0x10008bd4                adc_init
 .text.pio_claim_unused_sm
                0x10008c0c       0x38 CMakeFiles/Teste_Voltimetro.dir/C_/Users/rian_/.pico-sdk/sdk/2.1.1/src/rp2_common/hardware_pio/pio.c.obj
                0x10008c0c                pio_claim_unused_sm
 .text.pio_add_program
                0x10008c44       0xf8 CMakeFiles/Teste_Voltimetro.dir/C_/Users/rian_/.pico-sdk/sdk/2.1.1/src/rp2_common/hardware_pio/pio.c.obj
                0x10008c44                pio_add_program
 .text.pio_sm_set_consecutive_pindirs
                0x10008d3c       0xb4 CMakeFiles/Teste_Voltimetro.dir/C_/Users/rian_/.pico-sdk/sdk/2.1.1/src/rp2_common/hardware_pio/pio.c.obj
                0x10008d3c                pio_sm_set_consecutive_pindirs
 .text.pio_sm_init
                0x10008df0       0x9c CMakeFiles/Teste_Voltimetro.dir/C_/Users/rian_/.pico-sdk/sdk/2.1.1/src/rp2_common/hardware_pio/pio.c.obj
                0x10008df0                pio_sm_init
 .text.calloc   0x10008e8c       0x18 C:/Users/rian_/.pico-sdk/toolchain/14_2_Rel1/bin/../lib/gcc/arm-none-eabi/14.2.1/thumb/v6-m/nofp\libg.a(libc_a-calloc.o)
                0x10008e8c                calloc
 .text._calloc_r
                0x10008ea4       0xa8 C:/Users/rian_/.pico-sdk/toolchain/14_2_Rel1/bin/../lib/gcc/arm-none-eabi/14.2.1/thumb/v6-m/nofp\libg.a(libc_a-callocr.o)
                0x10008ea4                _calloc_r
 .text._malloc_r
                0x10008f4c      0x5cc C:/Users/rian_/.pico-sdk/toolchain/14_2_Rel1/bin/../lib/gcc/arm-none-eabi/14.2.1/thumb/v6-m/nofp\libg.a(libc_a-mallocr.o)
                0x10008f4c                _malloc_r
 .text.__malloc_lock
                0x10009518       0x10 C:/Users/rian_/.pico-sdk/toolchain/14_2_Rel1/bin/../lib/gcc/arm-none-eabi/14.2.1/thumb/v6-m/nofp\libg.a(libc_a-mlock.o)
                0x10009518                __malloc_lock
 .text.__malloc_unlock
                0x10009528       0x10 C:/Users/rian_/.pico-sdk/toolchain/14_2_Rel1/bin/../lib/gcc/arm-none-eabi/14.2.1/thumb/v6-m/nofp\libg.a(libc_a-mlock.o)
                0x10009528                __malloc_unlock
 .text._sbrk_r  0x10009538       0x24 C:/Users/rian_/.pico-sdk/toolchain/14_2_Rel1/bin/../lib/gcc/arm-none-eabi/14.2.1/thumb/v6-m/nofp\libg.a(libc_a-sbrkr.o)
                0x10009538                _sbrk_r
 .text.__errno  0x1000955c        0xc C:/Users/rian_/.pico-sdk/toolchain/14_2_Rel1/bin/../lib/gcc/arm-none-eabi/14.2.1/thumb/v6-m/nofp\libg.a(libc_a-errno.o)
                0x1000955c                __errno
 .text.__retarget_lock_acquire_recursive
                0x10009568        0x4 C:/Users/rian_/.pico-sdk/toolchain/14_2_Rel1/bin/../lib/gcc/arm-none-eabi/14.2.1/thumb/v6-m/nofp\libg.a(libc_a-lock.o)
                0x10009568                __retarget_lock_acquire_recursive
 .text.__retarget_lock_release_recursive
                0x1000956c        0x4 C:/Users/rian_/.pico-sdk/toolchain/14_2_Rel1/bin/../lib/gcc/arm-none-eabi/14.2.1/thumb/v6-m/nofp\libg.a(libc_a-lock.o)
                0x1000956c                __retarget_lock_release_recursive
 .text.sysconf  0x10009570       0x1c C:/Users/rian_/.pico-sdk/toolchain/14_2_Rel1/bin/../lib/gcc/arm-none-eabi/14.2.1/thumb/v6-m/nofp\libg.a(libc_a-sysconf.o)
                0x10009570                sysconf
 .text.strlen   0x1000958c       0x5c C:/Users/rian_/.pico-sdk/toolchain/14_2_Rel1/bin/../lib/gcc/arm-none-eabi/14.2.1/thumb/v6-m/nofp\libg.a(libc_a-strlen-stub.o)
                0x1000958c                strlen
 .text._malloc_trim_r
                0x100095e8       0xb4 C:/Users/rian_/.pico-sdk/toolchain/14_2_Rel1/bin/../lib/gcc/arm-none-eabi/14.2.1/thumb/v6-m/nofp\libg.a(libc_a-freer.o)
                0x100095e8                _malloc_trim_r
 .text._free_r  0x1000969c      0x1f0 C:/Users/rian_/.pico-sdk/toolchain/14_2_Rel1/bin/../lib/gcc/arm-none-eabi/14.2.1/thumb/v6-m/nofp\libg.a(libc_a-freer.o)
                0x1000969c                _free_r
 *(.fini)
 .fini          0x1000988c        0x4 C:/Users/rian_/.pico-sdk/toolchain/14_2_Rel1/bin/../lib/gcc/arm-none-eabi/14.2.1/thumb/v6-m/nofp/crti.o
                0x1000988c                _fini
 .fini.__stub   0x10009890       0xc0 linker stubs
 *crtbegin.o(.ctors)
 *crtbegin?.o(.ctors)
 *(EXCLUDE_FILE(*crtend.o *crtend?.o) .ctors)
 *(SORT_BY_NAME(.ctors.*))
 *(.ctors)
 *crtbegin.o(.dtors)
 *crtbegin?.o(.dtors)
 *(EXCLUDE_FILE(*crtend.o *crtend?.o) .dtors)
 *(SORT_BY_NAME(.dtors.*))
 *(.dtors)
                0x10009950                        . = ALIGN (0x4)
                0x10009950                        PROVIDE (__preinit_array_start = .)
 *(SORT_BY_NAME(.preinit_array.*))
 .preinit_array.00100
                0x10009950        0x4 CMakeFiles/Teste_Voltimetro.dir/C_/Users/rian_/.pico-sdk/sdk/2.1.1/src/rp2_common/pico_runtime_init/runtime_init.c.obj
                0x10009950                __pre_init_runtime_init_early_resets
 .preinit_array.00101
                0x10009954        0x4 CMakeFiles/Teste_Voltimetro.dir/C_/Users/rian_/.pico-sdk/sdk/2.1.1/src/rp2_common/pico_runtime_init/runtime_init.c.obj
                0x10009954                __pre_init_runtime_init_usb_power_down
 .preinit_array.00275
                0x10009958        0x4 CMakeFiles/Teste_Voltimetro.dir/C_/Users/rian_/.pico-sdk/sdk/2.1.1/src/rp2_common/pico_bit_ops/bit_ops_aeabi.S.obj
 .preinit_array.00300
                0x1000995c        0x4 CMakeFiles/Teste_Voltimetro.dir/C_/Users/rian_/.pico-sdk/sdk/2.1.1/src/rp2_common/pico_mem_ops/mem_ops_aeabi.S.obj
 .preinit_array.00350
                0x10009960        0x4 CMakeFiles/Teste_Voltimetro.dir/C_/Users/rian_/.pico-sdk/sdk/2.1.1/src/rp2_common/pico_double/double_aeabi_rp2040.S.obj
 .preinit_array.00350
                0x10009964        0x4 CMakeFiles/Teste_Voltimetro.dir/C_/Users/rian_/.pico-sdk/sdk/2.1.1/src/rp2_common/pico_float/float_aeabi_rp2040.S.obj
 .preinit_array.00500
                0x10009968        0x4 CMakeFiles/Teste_Voltimetro.dir/C_/Users/rian_/.pico-sdk/sdk/2.1.1/src/rp2_common/pico_runtime_init/runtime_init.c.obj
                0x10009968                __pre_init_runtime_init_clocks
 .preinit_array.00600
                0x1000996c        0x4 CMakeFiles/Teste_Voltimetro.dir/C_/Users/rian_/.pico-sdk/sdk/2.1.1/src/rp2_common/pico_runtime_init/runtime_init.c.obj
                0x1000996c                __pre_init_runtime_init_post_clock_resets
 .preinit_array.00700
                0x10009970        0x4 CMakeFiles/Teste_Voltimetro.dir/C_/Users/rian_/.pico-sdk/sdk/2.1.1/src/rp2_common/pico_runtime_init/runtime_init.c.obj
                0x10009970                __pre_init_runtime_init_rp2040_gpio_ie_disable
 .preinit_array.01000
                0x10009974        0x4 CMakeFiles/Teste_Voltimetro.dir/C_/Users/rian_/.pico-sdk/sdk/2.1.1/src/rp2_common/pico_runtime_init/runtime_init.c.obj
                0x10009974                __pre_init_runtime_init_spin_locks_reset
 .preinit_array.01100
                0x10009978        0x4 CMakeFiles/Teste_Voltimetro.dir/C_/Users/rian_/.pico-sdk/sdk/2.1.1/src/common/pico_sync/mutex.c.obj
                0x10009978                __pre_init_runtime_init_mutex
 .preinit_array.10080
                0x1000997c        0x4 CMakeFiles/Teste_Voltimetro.dir/C_/Users/rian_/.pico-sdk/sdk/2.1.1/src/rp2_common/pico_runtime_init/runtime_init.c.obj
                0x1000997c                __pre_init_runtime_init_install_ram_vector_table
 .preinit_array.11000
                0x10009980        0x4 CMakeFiles/Teste_Voltimetro.dir/C_/Users/rian_/.pico-sdk/sdk/2.1.1/src/common/pico_time/time.c.obj
                0x10009980                __pre_init_runtime_init_default_alarm_pool
 .preinit_array.YYYYY
                0x10009984        0x4 CMakeFiles/Teste_Voltimetro.dir/C_/Users/rian_/.pico-sdk/sdk/2.1.1/src/rp2_common/pico_runtime/runtime.c.obj
                0x10009984                __pre_init_first_per_core_initializer
 .preinit_array.ZZZZZ.01200
                0x10009988        0x4 CMakeFiles/Teste_Voltimetro.dir/C_/Users/rian_/.pico-sdk/sdk/2.1.1/src/rp2_common/hardware_irq/irq.c.obj
                0x10009988                __pre_init_runtime_init_per_core_irq_priorities
 *(.preinit_array)
                0x1000998c                        PROVIDE (__preinit_array_end = .)
                0x1000998c                        . = ALIGN (0x4)
                0x1000998c                        PROVIDE (__init_array_start = .)
 *(SORT_BY_NAME(.init_array.*))
 *(.init_array)
 .init_array    0x1000998c        0x4 C:/Users/rian_/.pico-sdk/toolchain/14_2_Rel1/bin/../lib/gcc/arm-none-eabi/14.2.1/thumb/v6-m/nofp/crtbegin.o
 .init_array    0x10009990        0x4 CMakeFiles/Teste_Voltimetro.dir/C_/Users/rian_/.pico-sdk/sdk/2.1.1/src/rp2_common/pico_unique_id/unique_id.c.obj
                0x10009994                        PROVIDE (__init_array_end = .)
                0x10009994                        . = ALIGN (0x4)
                [!provide]                        PROVIDE (__fini_array_start = .)
 *(SORT_BY_NAME(.fini_array.*))
 *(.fini_array)
                [!provide]                        PROVIDE (__fini_array_end = .)
 *(.eh_frame*)
 .eh_frame      0x10009994        0x0 C:/Users/rian_/.pico-sdk/toolchain/14_2_Rel1/bin/../lib/gcc/arm-none-eabi/14.2.1/thumb/v6-m/nofp/crtbegin.o
                0x10009994                        . = ALIGN (0x4)

.glue_7         0x10009994        0x0
 .glue_7        0x10009994        0x0 linker stubs

.glue_7t        0x10009994        0x0
 .glue_7t       0x10009994        0x0 linker stubs

.vfp11_veneer   0x10009994        0x0
 .vfp11_veneer  0x10009994        0x0 linker stubs

.v4_bx          0x10009994        0x0
 .v4_bx         0x10009994        0x0 linker stubs

.iplt           0x10009994        0x0
 .iplt          0x10009994        0x0 C:/Users/rian_/.pico-sdk/toolchain/14_2_Rel1/bin/../lib/gcc/arm-none-eabi/14.2.1/thumb/v6-m/nofp/crtbegin.o

.rodata         0x10009998      0xac0
 *(EXCLUDE_FILE(*libm.a: *libc.a:*lib_a-mem*.o *libgcc.a:) .rodata*)
 .rodata.printResistorColors
                0x10009998       0x6c CMakeFiles/Teste_Voltimetro.dir/Ohmimetro01.c.obj
 .rodata.main.str1.4
                0x10009a04      0x260 CMakeFiles/Teste_Voltimetro.dir/Ohmimetro01.c.obj
                                 0x1b (size before relaxing)
 .rodata.str1.4
                0x10009c64       0x53 CMakeFiles/Teste_Voltimetro.dir/Ohmimetro01.c.obj
 .rodata.ws2818b_program
                0x10009c64        0x8 CMakeFiles/Teste_Voltimetro.dir/Ohmimetro01.c.obj
 .rodata.ws2818b_program_instructions
                0x10009c6c        0x8 CMakeFiles/Teste_Voltimetro.dir/Ohmimetro01.c.obj
 .rodata        0x10009c74       0x28 CMakeFiles/Teste_Voltimetro.dir/Ohmimetro01.c.obj
 .rodata.font   0x10009c9c      0x2f8 CMakeFiles/Teste_Voltimetro.dir/lib/ssd1306.c.obj
 .rodata.panic.str1.4
                0x10009f94       0x12 CMakeFiles/Teste_Voltimetro.dir/C_/Users/rian_/.pico-sdk/sdk/2.1.1/src/rp2_common/pico_platform_panic/panic.c.obj
 .rodata.spin_lock_claim_unused.str1.4
                0x10009f94       0x1b CMakeFiles/Teste_Voltimetro.dir/C_/Users/rian_/.pico-sdk/sdk/2.1.1/src/rp2_common/hardware_sync/sync.c.obj
 .rodata.user_irq_claim_unused.str1.4
                0x10009f94       0x1b CMakeFiles/Teste_Voltimetro.dir/C_/Users/rian_/.pico-sdk/sdk/2.1.1/src/rp2_common/hardware_irq/irq.c.obj
 .rodata.timer_hardware_alarm_claim.str1.4
                0x10009f94       0x22 CMakeFiles/Teste_Voltimetro.dir/C_/Users/rian_/.pico-sdk/sdk/2.1.1/src/rp2_common/hardware_timer/timer.c.obj
 .rodata.hard_assertion_failure.str1.4
                0x10009f94        0xc CMakeFiles/Teste_Voltimetro.dir/C_/Users/rian_/.pico-sdk/sdk/2.1.1/src/rp2_common/pico_runtime/runtime.c.obj
 .rodata.missing_double_func_shim.str1.4
                0x10009f94       0x18 CMakeFiles/Teste_Voltimetro.dir/C_/Users/rian_/.pico-sdk/sdk/2.1.1/src/rp2_common/pico_double/double_init_rom_rp2040.c.obj
 .rodata.missing_float_func_shim.str1.4
                0x10009f94        0x1 CMakeFiles/Teste_Voltimetro.dir/C_/Users/rian_/.pico-sdk/sdk/2.1.1/src/rp2_common/pico_float/float_init_rom_rp2040.c.obj
 .rodata.__wrap_malloc.str1.4
                0x10009f94        0xe CMakeFiles/Teste_Voltimetro.dir/C_/Users/rian_/.pico-sdk/sdk/2.1.1/src/rp2_common/pico_malloc/malloc.c.obj
 .rodata.str1.4
                0x10009f94       0x48 CMakeFiles/Teste_Voltimetro.dir/C_/Users/rian_/.pico-sdk/sdk/2.1.1/src/rp2_common/pico_standard_binary_info/standard_binary_info.c.obj
 .rodata.__bi_84
                0x10009f94        0xc CMakeFiles/Teste_Voltimetro.dir/C_/Users/rian_/.pico-sdk/sdk/2.1.1/src/rp2_common/pico_standard_binary_info/standard_binary_info.c.obj
 .rodata.__bi_78
                0x10009fa0        0xc CMakeFiles/Teste_Voltimetro.dir/C_/Users/rian_/.pico-sdk/sdk/2.1.1/src/rp2_common/pico_standard_binary_info/standard_binary_info.c.obj
 .rodata.__bi_54
                0x10009fac        0xc CMakeFiles/Teste_Voltimetro.dir/C_/Users/rian_/.pico-sdk/sdk/2.1.1/src/rp2_common/pico_standard_binary_info/standard_binary_info.c.obj
 .rodata.__bi_48
                0x10009fb8        0xc CMakeFiles/Teste_Voltimetro.dir/C_/Users/rian_/.pico-sdk/sdk/2.1.1/src/rp2_common/pico_standard_binary_info/standard_binary_info.c.obj
 .rodata.__bi_42
                0x10009fc4        0xc CMakeFiles/Teste_Voltimetro.dir/C_/Users/rian_/.pico-sdk/sdk/2.1.1/src/rp2_common/pico_standard_binary_info/standard_binary_info.c.obj
 .rodata.__bi_34
                0x10009fd0        0xc CMakeFiles/Teste_Voltimetro.dir/C_/Users/rian_/.pico-sdk/sdk/2.1.1/src/rp2_common/pico_standard_binary_info/standard_binary_info.c.obj
 .rodata.__bi_26
                0x10009fdc        0xc CMakeFiles/Teste_Voltimetro.dir/C_/Users/rian_/.pico-sdk/sdk/2.1.1/src/rp2_common/pico_standard_binary_info/standard_binary_info.c.obj
 .rodata._ftoa.str1.4
                0x10009fe8       0x15 CMakeFiles/Teste_Voltimetro.dir/C_/Users/rian_/.pico-sdk/sdk/2.1.1/src/rp2_common/pico_printf/printf.c.obj
 .rodata._vsnprintf
                0x10009fe8      0x19c CMakeFiles/Teste_Voltimetro.dir/C_/Users/rian_/.pico-sdk/sdk/2.1.1/src/rp2_common/pico_printf/printf.c.obj
 *fill*         0x1000a184        0x4 
 .rodata.pow10.0
                0x1000a188       0x50 CMakeFiles/Teste_Voltimetro.dir/C_/Users/rian_/.pico-sdk/sdk/2.1.1/src/rp2_common/pico_printf/printf.c.obj
 .rodata.crlf_str.0
                0x1000a1d8        0x2 CMakeFiles/Teste_Voltimetro.dir/C_/Users/rian_/.pico-sdk/sdk/2.1.1/src/rp2_common/pico_stdio/stdio.c.obj
 .rodata.str1.4
                0x1000a1da       0x2c CMakeFiles/Teste_Voltimetro.dir/C_/Users/rian_/.pico-sdk/sdk/2.1.1/src/rp2_common/pico_stdio_uart/stdio_uart.c.obj
 *fill*         0x1000a1da        0x2 
 .rodata.__bi_45.4
                0x1000a1dc        0xc CMakeFiles/Teste_Voltimetro.dir/C_/Users/rian_/.pico-sdk/sdk/2.1.1/src/rp2_common/pico_stdio_uart/stdio_uart.c.obj
 .rodata.__bi_49.5
                0x1000a1e8        0x8 CMakeFiles/Teste_Voltimetro.dir/C_/Users/rian_/.pico-sdk/sdk/2.1.1/src/rp2_common/pico_stdio_uart/stdio_uart.c.obj
 .rodata.__bi_50.6
                0x1000a1f0        0x8 CMakeFiles/Teste_Voltimetro.dir/C_/Users/rian_/.pico-sdk/sdk/2.1.1/src/rp2_common/pico_stdio_uart/stdio_uart.c.obj
 .rodata._resetd_driver
                0x1000a1f8       0x20 CMakeFiles/Teste_Voltimetro.dir/C_/Users/rian_/.pico-sdk/sdk/2.1.1/src/rp2_common/pico_stdio_usb/reset_interface.c.obj
 .rodata.desc_ms_os_20
                0x1000a218       0xa6 CMakeFiles/Teste_Voltimetro.dir/C_/Users/rian_/.pico-sdk/sdk/2.1.1/src/rp2_common/pico_stdio_usb/reset_interface.c.obj
 *fill*         0x1000a2be        0x2 
 .rodata.desc_bos
                0x1000a2c0       0x21 CMakeFiles/Teste_Voltimetro.dir/C_/Users/rian_/.pico-sdk/sdk/2.1.1/src/rp2_common/pico_stdio_usb/reset_interface.c.obj
                0x1000a2c0                desc_bos
 .rodata.str1.4
                0x1000a2e1       0x13 CMakeFiles/Teste_Voltimetro.dir/C_/Users/rian_/.pico-sdk/sdk/2.1.1/src/rp2_common/pico_stdio_usb/stdio_usb.c.obj
 *fill*         0x1000a2e1        0x3 
 .rodata.__bi_197.0
                0x1000a2e4        0xc CMakeFiles/Teste_Voltimetro.dir/C_/Users/rian_/.pico-sdk/sdk/2.1.1/src/rp2_common/pico_stdio_usb/stdio_usb.c.obj
 .rodata.str1.4
                0x1000a2f0       0x2a CMakeFiles/Teste_Voltimetro.dir/C_/Users/rian_/.pico-sdk/sdk/2.1.1/src/rp2_common/pico_stdio_usb/stdio_usb_descriptors.c.obj
 .rodata.usbd_desc_str
                0x1000a2f0       0x18 CMakeFiles/Teste_Voltimetro.dir/C_/Users/rian_/.pico-sdk/sdk/2.1.1/src/rp2_common/pico_stdio_usb/stdio_usb_descriptors.c.obj
 .rodata.usbd_desc_cfg
                0x1000a308       0x54 CMakeFiles/Teste_Voltimetro.dir/C_/Users/rian_/.pico-sdk/sdk/2.1.1/src/rp2_common/pico_stdio_usb/stdio_usb_descriptors.c.obj
 .rodata.usbd_desc_device
                0x1000a35c       0x12 CMakeFiles/Teste_Voltimetro.dir/C_/Users/rian_/.pico-sdk/sdk/2.1.1/src/rp2_common/pico_stdio_usb/stdio_usb_descriptors.c.obj
 .rodata.str1.4
                0x1000a36e       0x14 CMakeFiles/Teste_Voltimetro.dir/C_/Users/rian_/.pico-sdk/sdk/2.1.1/lib/tinyusb/src/portable/raspberrypi/rp2040/dcd_rp2040.c.obj
 .rodata.str1.4
                0x1000a36e       0x48 CMakeFiles/Teste_Voltimetro.dir/C_/Users/rian_/.pico-sdk/sdk/2.1.1/lib/tinyusb/src/portable/raspberrypi/rp2040/rp2040_usb.c.obj
 *fill*         0x1000a36e        0x2 
 .rodata.tud_task_ext
                0x1000a370       0x8c CMakeFiles/Teste_Voltimetro.dir/C_/Users/rian_/.pico-sdk/sdk/2.1.1/lib/tinyusb/src/device/usbd.c.obj
 .rodata        0x1000a3fc       0x1c CMakeFiles/Teste_Voltimetro.dir/C_/Users/rian_/.pico-sdk/sdk/2.1.1/lib/tinyusb/src/device/usbd.c.obj
 .rodata._usbd_driver
                0x1000a418       0x40 CMakeFiles/Teste_Voltimetro.dir/C_/Users/rian_/.pico-sdk/sdk/2.1.1/lib/tinyusb/src/device/usbd.c.obj
 .rodata.pio_claim_unused_sm.str1.4
                0x1000a458       0x24 CMakeFiles/Teste_Voltimetro.dir/C_/Users/rian_/.pico-sdk/sdk/2.1.1/src/rp2_common/hardware_pio/pio.c.obj
                0x1000a47c                        . = ALIGN (0x4)
 *(SORT_BY_ALIGNMENT(SORT_BY_NAME(.flashdata*)))
                0x1000a47c                        . = ALIGN (0x4)

.ARM.extab
 *(.ARM.extab* .gnu.linkonce.armextab.*)
                0x1000a458                        __exidx_start = .

.ARM.exidx
 *(.ARM.exidx* .gnu.linkonce.armexidx.*)
                0x1000a458                        __exidx_end = .
                0x1000a47c                        . = ALIGN (0x4)
                0x1000a458                        __binary_info_start = .

.binary_info    0x1000a458       0x2c
 *(.binary_info.keep.*)
 .binary_info.keep.__bi_ptr84
                0x1000a458        0x4 CMakeFiles/Teste_Voltimetro.dir/C_/Users/rian_/.pico-sdk/sdk/2.1.1/src/rp2_common/pico_standard_binary_info/standard_binary_info.c.obj
 .binary_info.keep.__bi_ptr78
                0x1000a45c        0x4 CMakeFiles/Teste_Voltimetro.dir/C_/Users/rian_/.pico-sdk/sdk/2.1.1/src/rp2_common/pico_standard_binary_info/standard_binary_info.c.obj
 .binary_info.keep.__bi_ptr54
                0x1000a460        0x4 CMakeFiles/Teste_Voltimetro.dir/C_/Users/rian_/.pico-sdk/sdk/2.1.1/src/rp2_common/pico_standard_binary_info/standard_binary_info.c.obj
 .binary_info.keep.__bi_ptr48
                0x1000a464        0x4 CMakeFiles/Teste_Voltimetro.dir/C_/Users/rian_/.pico-sdk/sdk/2.1.1/src/rp2_common/pico_standard_binary_info/standard_binary_info.c.obj
 .binary_info.keep.__bi_ptr42
                0x1000a468        0x4 CMakeFiles/Teste_Voltimetro.dir/C_/Users/rian_/.pico-sdk/sdk/2.1.1/src/rp2_common/pico_standard_binary_info/standard_binary_info.c.obj
 .binary_info.keep.__bi_ptr34
                0x1000a46c        0x4 CMakeFiles/Teste_Voltimetro.dir/C_/Users/rian_/.pico-sdk/sdk/2.1.1/src/rp2_common/pico_standard_binary_info/standard_binary_info.c.obj
 .binary_info.keep.__bi_ptr26
                0x1000a470        0x4 CMakeFiles/Teste_Voltimetro.dir/C_/Users/rian_/.pico-sdk/sdk/2.1.1/src/rp2_common/pico_standard_binary_info/standard_binary_info.c.obj
 *(.binary_info.*)
 .binary_info.__bi_ptr50
                0x1000a474        0x4 CMakeFiles/Teste_Voltimetro.dir/C_/Users/rian_/.pico-sdk/sdk/2.1.1/src/rp2_common/pico_stdio_uart/stdio_uart.c.obj
 .binary_info.__bi_ptr49
                0x1000a478        0x4 CMakeFiles/Teste_Voltimetro.dir/C_/Users/rian_/.pico-sdk/sdk/2.1.1/src/rp2_common/pico_stdio_uart/stdio_uart.c.obj
 .binary_info.__bi_ptr45
                0x1000a47c        0x4 CMakeFiles/Teste_Voltimetro.dir/C_/Users/rian_/.pico-sdk/sdk/2.1.1/src/rp2_common/pico_stdio_uart/stdio_uart.c.obj
 .binary_info.__bi_ptr197
                0x1000a480        0x4 CMakeFiles/Teste_Voltimetro.dir/C_/Users/rian_/.pico-sdk/sdk/2.1.1/src/rp2_common/pico_stdio_usb/stdio_usb.c.obj
                0x1000a484                        __binary_info_end = .

.rel.dyn        0x1000a484        0x0
 .rel.iplt      0x1000a484        0x0 C:/Users/rian_/.pico-sdk/toolchain/14_2_Rel1/bin/../lib/gcc/arm-none-eabi/14.2.1/thumb/v6-m/nofp/crtbegin.o
                0x1000a484                        . = ALIGN (0x4)

.ram_vector_table
                0x20000000       0xc0
 *(.ram_vector_table)
 .ram_vector_table
                0x20000000       0xc0 CMakeFiles/Teste_Voltimetro.dir/C_/Users/rian_/.pico-sdk/sdk/2.1.1/src/rp2_common/pico_runtime_init/runtime_init.c.obj
                0x20000000                ram_vector_table

.uninitialized_data
                0x200000c0        0x0
                0x200000c0                        . = ALIGN (0x4)
 *(.uninitialized_data*)

.data           0x200000c0     0x1590 load address 0x1000a484
                0x200000c0                        __data_start__ = .
 *(vtable)
 *(.time_critical*)
 .time_critical.mutex_try_enter
                0x200000c0       0x40 CMakeFiles/Teste_Voltimetro.dir/C_/Users/rian_/.pico-sdk/sdk/2.1.1/src/common/pico_sync/mutex.c.obj
                0x200000c0                mutex_try_enter
 .time_critical.mutex_try_enter_block_until
                0x20000100       0x98 CMakeFiles/Teste_Voltimetro.dir/C_/Users/rian_/.pico-sdk/sdk/2.1.1/src/common/pico_sync/mutex.c.obj
                0x20000100                mutex_try_enter_block_until
 .time_critical.mutex_enter_timeout_ms
                0x20000198       0x8c CMakeFiles/Teste_Voltimetro.dir/C_/Users/rian_/.pico-sdk/sdk/2.1.1/src/common/pico_sync/mutex.c.obj
                0x20000198                mutex_enter_timeout_ms
 .time_critical.mutex_exit
                0x20000224       0x28 CMakeFiles/Teste_Voltimetro.dir/C_/Users/rian_/.pico-sdk/sdk/2.1.1/src/common/pico_sync/mutex.c.obj
                0x20000224                mutex_exit
 .time_critical.flash_init_boot2_copyout
                0x2000024c       0x30 CMakeFiles/Teste_Voltimetro.dir/C_/Users/rian_/.pico-sdk/sdk/2.1.1/src/rp2_common/hardware_flash/flash.c.obj
 .time_critical.flash_enable_xip_via_boot2
                0x2000027c        0xc CMakeFiles/Teste_Voltimetro.dir/C_/Users/rian_/.pico-sdk/sdk/2.1.1/src/rp2_common/hardware_flash/flash.c.obj
 .time_critical.flash_cs_force
                0x20000288       0x38 CMakeFiles/Teste_Voltimetro.dir/C_/Users/rian_/.pico-sdk/sdk/2.1.1/src/rp2_common/hardware_flash/flash.c.obj
 .time_critical.flash_do_cmd
                0x200002c0      0x130 CMakeFiles/Teste_Voltimetro.dir/C_/Users/rian_/.pico-sdk/sdk/2.1.1/src/rp2_common/hardware_flash/flash.c.obj
                0x200002c0                flash_do_cmd
 .time_critical.reset_non_control_endpoints
                0x200003f0       0x68 CMakeFiles/Teste_Voltimetro.dir/C_/Users/rian_/.pico-sdk/sdk/2.1.1/lib/tinyusb/src/portable/raspberrypi/rp2040/dcd_rp2040.c.obj
 .time_critical.hw_handle_buff_status
                0x20000458       0xa0 CMakeFiles/Teste_Voltimetro.dir/C_/Users/rian_/.pico-sdk/sdk/2.1.1/lib/tinyusb/src/portable/raspberrypi/rp2040/dcd_rp2040.c.obj
 .time_critical.dcd_rp2040_irq
                0x200004f8      0x548 CMakeFiles/Teste_Voltimetro.dir/C_/Users/rian_/.pico-sdk/sdk/2.1.1/lib/tinyusb/src/portable/raspberrypi/rp2040/dcd_rp2040.c.obj
 .time_critical.prepare_ep_buffer
                0x20000a40       0xc8 CMakeFiles/Teste_Voltimetro.dir/C_/Users/rian_/.pico-sdk/sdk/2.1.1/lib/tinyusb/src/portable/raspberrypi/rp2040/rp2040_usb.c.obj
 .time_critical.sync_ep_buffer
                0x20000b08       0x9c CMakeFiles/Teste_Voltimetro.dir/C_/Users/rian_/.pico-sdk/sdk/2.1.1/lib/tinyusb/src/portable/raspberrypi/rp2040/rp2040_usb.c.obj
 .time_critical._hw_endpoint_xfer_sync
                0x20000ba4       0x28 CMakeFiles/Teste_Voltimetro.dir/C_/Users/rian_/.pico-sdk/sdk/2.1.1/lib/tinyusb/src/portable/raspberrypi/rp2040/rp2040_usb.c.obj
 .time_critical.e15_is_bulkin_ep
                0x20000bcc       0x28 CMakeFiles/Teste_Voltimetro.dir/C_/Users/rian_/.pico-sdk/sdk/2.1.1/lib/tinyusb/src/portable/raspberrypi/rp2040/rp2040_usb.c.obj
 .time_critical.e15_is_critical_frame_period
                0x20000bf4       0x34 CMakeFiles/Teste_Voltimetro.dir/C_/Users/rian_/.pico-sdk/sdk/2.1.1/lib/tinyusb/src/portable/raspberrypi/rp2040/rp2040_usb.c.obj
 .time_critical.hw_endpoint_reset_transfer
                0x20000c28        0xc CMakeFiles/Teste_Voltimetro.dir/C_/Users/rian_/.pico-sdk/sdk/2.1.1/lib/tinyusb/src/portable/raspberrypi/rp2040/rp2040_usb.c.obj
                0x20000c28                hw_endpoint_reset_transfer
 .time_critical._hw_endpoint_buffer_control_update32
                0x20000c34       0x50 CMakeFiles/Teste_Voltimetro.dir/C_/Users/rian_/.pico-sdk/sdk/2.1.1/lib/tinyusb/src/portable/raspberrypi/rp2040/rp2040_usb.c.obj
                0x20000c34                _hw_endpoint_buffer_control_update32
 .time_critical.hw_endpoint_start_next_buffer
                0x20000c84       0x68 CMakeFiles/Teste_Voltimetro.dir/C_/Users/rian_/.pico-sdk/sdk/2.1.1/lib/tinyusb/src/portable/raspberrypi/rp2040/rp2040_usb.c.obj
                0x20000c84                hw_endpoint_start_next_buffer
 .time_critical.hw_endpoint_xfer_continue
                0x20000cec       0x40 CMakeFiles/Teste_Voltimetro.dir/C_/Users/rian_/.pico-sdk/sdk/2.1.1/lib/tinyusb/src/portable/raspberrypi/rp2040/rp2040_usb.c.obj
                0x20000cec                hw_endpoint_xfer_continue
 .time_critical.tinyusb
                0x20000d2c      0x1e4 CMakeFiles/Teste_Voltimetro.dir/C_/Users/rian_/.pico-sdk/sdk/2.1.1/lib/tinyusb/src/device/usbd.c.obj
                0x20000d2c                dcd_event_handler
 *(.text*)
 .text          0x20000f10        0x4 C:/Users/rian_/.pico-sdk/toolchain/14_2_Rel1/bin/../lib/gcc/arm-none-eabi/14.2.1/thumb/v6-m/nofp\libgcc.a(_dvmd_tls.o)
                0x20000f10                __aeabi_idiv0
                0x20000f10                __aeabi_ldiv0
 *fill*         0x20000f14        0x4 
 .text.__stub   0x20000f18       0x80 linker stubs
                0x20000f98                        . = ALIGN (0x4)
 *(.rodata*)
                0x20000f98                        . = ALIGN (0x4)
 *(.data*)
 .data.e24_count
                0x20000f98        0x4 CMakeFiles/Teste_Voltimetro.dir/Ohmimetro01.c.obj
                0x20000f98                e24_count
 .data.e24_values
                0x20000f9c       0x60 CMakeFiles/Teste_Voltimetro.dir/Ohmimetro01.c.obj
                0x20000f9c                e24_values
 .data.ADC_RESOLUTION
                0x20000ffc        0x4 CMakeFiles/Teste_Voltimetro.dir/Ohmimetro01.c.obj
                0x20000ffc                ADC_RESOLUTION
 .data.R_conhecido
                0x20001000        0x4 CMakeFiles/Teste_Voltimetro.dir/Ohmimetro01.c.obj
                0x20001000                R_conhecido
 .data.striped_spin_lock_num
                0x20001004        0x1 CMakeFiles/Teste_Voltimetro.dir/C_/Users/rian_/.pico-sdk/sdk/2.1.1/src/rp2_common/hardware_sync/sync.c.obj
 *fill*         0x20001005        0x3 
 .data          0x20001008       0x48 CMakeFiles/Teste_Voltimetro.dir/C_/Users/rian_/.pico-sdk/sdk/2.1.1/src/rp2_common/hardware_irq/irq_handler_chain.S.obj
                0x20001008                irq_handler_chain_slots
                0x20001038                irq_handler_chain_first_slot
                0x20001042                irq_handler_chain_remove_tail
 .data.default_alarm_pool
                0x20001050       0x18 CMakeFiles/Teste_Voltimetro.dir/C_/Users/rian_/.pico-sdk/sdk/2.1.1/src/common/pico_time/time.c.obj
 *fill*         0x20001068        0x8 
 .data.aeabi_bits_funcs
                0x20001070       0x10 CMakeFiles/Teste_Voltimetro.dir/C_/Users/rian_/.pico-sdk/sdk/2.1.1/src/rp2_common/pico_bit_ops/bit_ops_aeabi.S.obj
                0x20001070                aeabi_bits_funcs
                0x20001080                aeabi_bits_funcs_end
 .data.aeabi_mem_funcs
                0x20001080       0x10 CMakeFiles/Teste_Voltimetro.dir/C_/Users/rian_/.pico-sdk/sdk/2.1.1/src/rp2_common/pico_mem_ops/mem_ops_aeabi.S.obj
                0x20001080                aeabi_mem_funcs
                0x20001090                aeabi_mem_funcs_end
 .data.stdio_uart
                0x20001090       0x18 CMakeFiles/Teste_Voltimetro.dir/C_/Users/rian_/.pico-sdk/sdk/2.1.1/src/rp2_common/pico_stdio_uart/stdio_uart.c.obj
                0x20001090                stdio_uart
 .data.stdio_usb
                0x200010a8       0x18 CMakeFiles/Teste_Voltimetro.dir/C_/Users/rian_/.pico-sdk/sdk/2.1.1/src/rp2_common/pico_stdio_usb/stdio_usb.c.obj
                0x200010a8                stdio_usb
 .data._usbd_qdef
                0x200010c0       0x1c CMakeFiles/Teste_Voltimetro.dir/C_/Users/rian_/.pico-sdk/sdk/2.1.1/lib/tinyusb/src/device/usbd.c.obj
                0x200010c0                _usbd_qdef
 .data._usbd_rhport
                0x200010dc        0x1 CMakeFiles/Teste_Voltimetro.dir/C_/Users/rian_/.pico-sdk/sdk/2.1.1/lib/tinyusb/src/device/usbd.c.obj
 *fill*         0x200010dd        0x3 
 .data.i2c1_inst
                0x200010e0        0x8 CMakeFiles/Teste_Voltimetro.dir/C_/Users/rian_/.pico-sdk/sdk/2.1.1/src/rp2_common/hardware_i2c/i2c.c.obj
                0x200010e0                i2c1_inst
 .data.i2c0_inst
                0x200010e8        0x8 CMakeFiles/Teste_Voltimetro.dir/C_/Users/rian_/.pico-sdk/sdk/2.1.1/src/rp2_common/hardware_i2c/i2c.c.obj
                0x200010e8                i2c0_inst
 .data.__malloc_sbrk_base
                0x200010f0        0x4 C:/Users/rian_/.pico-sdk/toolchain/14_2_Rel1/bin/../lib/gcc/arm-none-eabi/14.2.1/thumb/v6-m/nofp\libg.a(libc_a-mallocr.o)
                0x200010f0                __malloc_sbrk_base
 .data.__malloc_trim_threshold
                0x200010f4        0x4 C:/Users/rian_/.pico-sdk/toolchain/14_2_Rel1/bin/../lib/gcc/arm-none-eabi/14.2.1/thumb/v6-m/nofp\libg.a(libc_a-mallocr.o)
                0x200010f4                __malloc_trim_threshold
 .data.__malloc_av_