Archive member included to satisfy reference by file (symbol)

C:/Users/rian_/.pico-sdk/toolchain/14_2_Rel1/bin/../lib/gcc/arm-none-eabi/14.2.1/thumb/v6-m/nofp\libgcc.a(_dvmd_tls.o)
                              CMakeFiles/Teste_Voltimetro.dir/C_/Users/rian_/.pico-sdk/sdk/2.1.1/src/rp2_common/pico_divider/divider_hardware.S.obj (__aeabi_idiv0)
C:/Users/rian_/.pico-sdk/toolchain/14_2_Rel1/bin/../lib/gcc/arm-none-eabi/14.2.1/thumb/v6-m/nofp\libg.a(libc_a-calloc.o)
                              CMakeFiles/Teste_Voltimetro.dir/C_/Users/rian_/.pico-sdk/sdk/2.1.1/src/rp2_common/pico_malloc/malloc.c.obj (calloc)
C:/Users/rian_/.pico-sdk/toolchain/14_2_Rel1/bin/../lib/gcc/arm-none-eabi/14.2.1/thumb/v6-m/nofp\libg.a(libc_a-callocr.o)
                              C:/Users/rian_/.pico-sdk/toolchain/14_2_Rel1/bin/../lib/gcc/arm-none-eabi/14.2.1/thumb/v6-m/nofp\libg.a(libc_a-calloc.o) (_calloc_r)
C:/Users/rian_/.pico-sdk/toolchain/14_2_Rel1/bin/../lib/gcc/arm-none-eabi/14.2.1/thumb/v6-m/nofp\libg.a(libc_a-malloc.o)
                              CMakeFiles/Teste_Voltimetro.dir/C_/Users/rian_/.pico-sdk/sdk/2.1.1/src/rp2_common/pico_malloc/malloc.c.obj (malloc)
C:/Users/rian_/.pico-sdk/toolchain/14_2_Rel1/bin/../lib/gcc/arm-none-eabi/14.2.1/thumb/v6-m/nofp\libg.a(libc_a-mallocr.o)
                              C:/Users/rian_/.pico-sdk/toolchain/14_2_Rel1/bin/../lib/gcc/arm-none-eabi/14.2.1/thumb/v6-m/nofp\libg.a(libc_a-callocr.o) (_malloc_r)
C:/Users/rian_/.pico-sdk/toolchain/14_2_Rel1/bin/../lib/gcc/arm-none-eabi/14.2.1/thumb/v6-m/nofp\libg.a(libc_a-mlock.o)
                              C:/Users/rian_/.pico-sdk/toolchain/14_2_Rel1/bin/../lib/gcc/arm-none-eabi/14.2.1/thumb/v6-m/nofp\libg.a(libc_a-mallocr.o) (__malloc_lock)
C:/Users/rian_/.pico-sdk/toolchain/14_2_Rel1/bin/../lib/gcc/arm-none-eabi/14.2.1/thumb/v6-m/nofp\libg.a(libc_a-realloc.o)
                              CMakeFiles/Teste_Voltimetro.dir/C_/Users/rian_/.pico-sdk/sdk/2.1.1/src/rp2_common/pico_malloc/malloc.c.obj (realloc)
C:/Users/rian_/.pico-sdk/toolchain/14_2_Rel1/bin/../lib/gcc/arm-none-eabi/14.2.1/thumb/v6-m/nofp\libg.a(libc_a-reallocr.o)
                              C:/Users/rian_/.pico-sdk/toolchain/14_2_Rel1/bin/../lib/gcc/arm-none-eabi/14.2.1/thumb/v6-m/nofp\libg.a(libc_a-realloc.o) (_realloc_r)
C:/Users/rian_/.pico-sdk/toolchain/14_2_Rel1/bin/../lib/gcc/arm-none-eabi/14.2.1/thumb/v6-m/nofp\libg.a(libc_a-memcmp.o)
                              CMakeFiles/Teste_Voltimetro.dir/C_/Users/rian_/.pico-sdk/sdk/2.1.1/src/rp2_common/pico_atomic/atomic.c.obj (memcmp)
C:/Users/rian_/.pico-sdk/toolchain/14_2_Rel1/bin/../lib/gcc/arm-none-eabi/14.2.1/thumb/v6-m/nofp\libg.a(libc_a-memmove.o)
                              C:/Users/rian_/.pico-sdk/toolchain/14_2_Rel1/bin/../lib/gcc/arm-none-eabi/14.2.1/thumb/v6-m/nofp\libg.a(libc_a-reallocr.o) (memmove)
C:/Users/rian_/.pico-sdk/toolchain/14_2_Rel1/bin/../lib/gcc/arm-none-eabi/14.2.1/thumb/v6-m/nofp\libg.a(libc_a-lcltime_r.o)
                              CMakeFiles/Teste_Voltimetro.dir/C_/Users/rian_/.pico-sdk/sdk/2.1.1/src/common/pico_util/datetime.c.obj (localtime_r)
C:/Users/rian_/.pico-sdk/toolchain/14_2_Rel1/bin/../lib/gcc/arm-none-eabi/14.2.1/thumb/v6-m/nofp\libg.a(libc_a-mktime.o)
                              CMakeFiles/Teste_Voltimetro.dir/C_/Users/rian_/.pico-sdk/sdk/2.1.1/src/common/pico_util/datetime.c.obj (mktime)
C:/Users/rian_/.pico-sdk/toolchain/14_2_Rel1/bin/../lib/gcc/arm-none-eabi/14.2.1/thumb/v6-m/nofp\libg.a(libc_a-month_lengths.o)
                              C:/Users/rian_/.pico-sdk/toolchain/14_2_Rel1/bin/../lib/gcc/arm-none-eabi/14.2.1/thumb/v6-m/nofp\libg.a(libc_a-lcltime_r.o) (__month_lengths)
C:/Users/rian_/.pico-sdk/toolchain/14_2_Rel1/bin/../lib/gcc/arm-none-eabi/14.2.1/thumb/v6-m/nofp\libg.a(libc_a-tzcalc_limits.o)
                              C:/Users/rian_/.pico-sdk/toolchain/14_2_Rel1/bin/../lib/gcc/arm-none-eabi/14.2.1/thumb/v6-m/nofp\libg.a(libc_a-lcltime_r.o) (__tzcalc_limits)
C:/Users/rian_/.pico-sdk/toolchain/14_2_Rel1/bin/../lib/gcc/arm-none-eabi/14.2.1/thumb/v6-m/nofp\libg.a(libc_a-tzlock.o)
                              C:/Users/rian_/.pico-sdk/toolchain/14_2_Rel1/bin/../lib/gcc/arm-none-eabi/14.2.1/thumb/v6-m/nofp\libg.a(libc_a-lcltime_r.o) (__tz_lock)
C:/Users/rian_/.pico-sdk/toolchain/14_2_Rel1/bin/../lib/gcc/arm-none-eabi/14.2.1/thumb/v6-m/nofp\libg.a(libc_a-tzset.o)
                              C:/Users/rian_/.pico-sdk/toolchain/14_2_Rel1/bin/../lib/gcc/arm-none-eabi/14.2.1/thumb/v6-m/nofp\libg.a(libc_a-lcltime_r.o) (_tzset_unlocked)
C:/Users/rian_/.pico-sdk/toolchain/14_2_Rel1/bin/../lib/gcc/arm-none-eabi/14.2.1/thumb/v6-m/nofp\libg.a(libc_a-tzset_r.o)
                              C:/Users/rian_/.pico-sdk/toolchain/14_2_Rel1/bin/../lib/gcc/arm-none-eabi/14.2.1/thumb/v6-m/nofp\libg.a(libc_a-tzset.o) (_tzset_unlocked_r)
C:/Users/rian_/.pico-sdk/toolchain/14_2_Rel1/bin/../lib/gcc/arm-none-eabi/14.2.1/thumb/v6-m/nofp\libg.a(libc_a-tzvars.o)
[...]
Memory Configuration

Name             Origin             Length             Attributes
FLASH            0x10000000         0x00200000         xr
RAM              0x20000000         0x00040000         xrw
SCRATCH_X        0x20040000         0x00001000         xrw
SCRATCH_Y        0x20041000         0x00001000         xrw
*default*        0x00000000         0xffffffff

Linker script and memory map

LOAD C:/Users/rian_/.pico-sdk/toolchain/14_2_Rel1/bin/../lib/gcc/arm-none-eabi/14.2.1/thumb/v6-m/nofp/crti.o
LOAD C:/Users/rian_/.pico-sdk/toolchain/14_2_Rel1/bin/../lib/gcc/arm-none-eabi/14.2.1/thumb/v6-m/nofp/crtbegin.o
LOAD C:/Users/rian_/.pico-sdk/toolchain/14_2_Rel1/bin/../lib/gcc/arm-none-eabi/14.2.1/thumb/v6-m/nofp/crt0.o

.flash_begin    0x10000000        0x0
                0x10000000                        __flash_binary_start = .

.boot2          0x10000000      0x100
                0x10000000                        __boot2_start__ = .
 *(.boot2)
 .boot2         0x10000000      0x100 pico-sdk/src/rp2040/boot_stage2/CMakeFiles/bs2_default_library.dir/./bs2_default_padded_checksummed.S.obj
                0x10000100                        __boot2_end__ = .
                0x00000001                        ASSERT (((__boot2_end__ - __boot2_start__) == 0x100), ERROR: Pico second stage bootloader must be 256 bytes in size)

.text           0x10000100     0x6274
                0x10000100                        __logical_binary_start = .
 *(.vectors)
 .vectors       0x10000100       0xd4 CMakeFiles/Teste_Voltimetro.dir/C_/Users/rian_/.pico-sdk/sdk/2.1.1/src/rp2_common/pico_crt0/crt0.S.obj
                0x10000100                __VECTOR_TABLE
                0x10000100                __vectors
                0x100001c0                isr_invalid
                0x100001c0                __default_isrs_start
                0x100001c2                isr_nmi
                0x100001c4                isr_hardfault
                0x100001c6                isr_svcall
                0x100001c8                isr_pendsv
                0x100001ca                isr_systick
                0x100001cc                isr_irq23
                0x100001cc                isr_irq18
                0x100001cc                isr_irq11
                0x100001cc                isr_irq28
                0x100001cc                isr_irq19
                0x100001cc                isr_irq0
                0x100001cc                isr_irq6
                0x100001cc                isr_irq5
                0x100001cc                isr_irq12
                0x100001cc                isr_irq22
                0x100001cc                isr_irq31
                0x100001cc                isr_irq17
                0x100001cc                isr_irq27
                0x100001cc                isr_irq30
                0x100001cc                isr_irq2
                0x100001cc                isr_irq10
                0x100001cc                isr_irq8
                0x100001cc                isr_irq24
                0x100001cc                isr_irq1
                0x100001cc                isr_irq7
                0x100001cc                isr_irq21
                0x100001cc                isr_irq20
                0x100001cc                isr_irq15
                0x100001cc                isr_irq25
                0x100001cc                isr_irq13
                0x100001cc                __unhandled_user_irq
                0x100001cc                isr_irq4
                0x100001cc                isr_irq16
                0x100001cc                isr_irq29
                0x100001cc                isr_irq26
                0x100001cc                __default_isrs_end
                0x100001cc                isr_irq3
                0x100001cc                isr_irq14
                0x100001cc                isr_irq9
                0x100001d2                unhandled_user_irq_num_in_r0
 *(.binary_info_header)
 .binary_info_header
                0x100001d4       0x14 CMakeFiles/Teste_Voltimetro.dir/C_/Users/rian_/.pico-sdk/sdk/2.1.1/src/rp2_common/pico_crt0/crt0.S.obj
                0x100001e8                        __binary_info_header_end = .
 *(.embedded_block)
                0x100001e8                        __embedded_block_end = .
 *(.reset)
 .reset         0x100001e8       0x9c CMakeFiles/Teste_Voltimetro.dir/C_/Users/rian_/.pico-sdk/sdk/2.1.1/src/rp2_common/pico_crt0/crt0.S.obj
                0x100001e8                _entry_point
 *(.init)
 .init          0x10000284        0x4 C:/Users/rian_/.pico-sdk/toolchain/14_2_Rel1/bin/../lib/gcc/arm-none-eabi/14.2.1/thumb/v6-m/nofp/crti.o
                0x10000284                _init
 *(EXCLUDE_FILE(*libm.a: *libc.a:*lib_a-mem*.o *libgcc.a:) .text*)
 .text.register_tm_clones
                0x10000288       0x28 C:/Users/rian_/.pico-sdk/toolchain/14_2_Rel1/bin/../lib/gcc/arm-none-eabi/14.2.1/thumb/v6-m/nofp/crtbegin.o
 .text.frame_dummy
                0x100002b0       0x24 C:/Users/rian_/.pico-sdk/toolchain/14_2_Rel1/bin/../lib/gcc/arm-none-eabi/14.2.1/thumb/v6-m/nofp/crtbegin.o
 .text.gpio_irq_handler
                0x100002d4        0xc CMakeFiles/Teste_Voltimetro.dir/Ohmimetro01.c.obj
                0x100002d4                gpio_irq_handler
 .text.startup.main
                0x100002e0      0x408 CMakeFiles/Teste_Voltimetro.dir/Ohmimetro01.c.obj
                0x100002e0                main
 .text.ssd1306_init
                0x100006e8       0x34 CMakeFiles/Teste_Voltimetro.dir/lib/ssd1306.c.obj
                0x100006e8                ssd1306_init
 .text.ssd1306_config
                0x1000071c      0x1d0 CMakeFiles/Teste_Voltimetro.dir/lib/ssd1306.c.obj
                0x1000071c                ssd1306_config
 .text.ssd1306_send_data
                0x100008ec       0x8c CMakeFiles/Teste_Voltimetro.dir/lib/ssd1306.c.obj
                0x100008ec                ssd1306_send_data
 .text.ssd1306_fill
                0x10000978       0x7c CMakeFiles/Teste_Voltimetro.dir/lib/ssd1306.c.obj
                0x10000978                ssd1306_fill
 .text.ssd1306_rect
                0x100009f4      0x278 CMakeFiles/Teste_Voltimetro.dir/lib/ssd1306.c.obj
                0x100009f4                ssd1306_rect
 .text.ssd1306_line
                0x10000c6c      0x158 CMakeFiles/Teste_Voltimetro.dir/lib/ssd1306.c.obj
                0x10000c6c                ssd1306_line
 .text.ssd1306_draw_char
                0x10000dc4      0x20c CMakeFiles/Teste_Voltimetro.dir/lib/ssd1306.c.obj
                0x10000dc4                ssd1306_draw_char
 .text.ssd1306_draw_string
                0x10000fd0       0x40 CMakeFiles/Teste_Voltimetro.dir/lib/ssd1306.c.obj
                0x10000fd0                ssd1306_draw_string
 .text.gpio_default_irq_handler
                0x10001010      0x2c8 CMakeFiles/Teste_Voltimetro.dir/C_/Users/rian_/.pico-sdk/sdk/2.1.1/src/rp2_common/hardware_gpio/gpio.c.obj
 .text.gpio_set_function
                0x100012d8       0x34 CMakeFiles/Teste_Voltimetro.dir/C_/Users/rian_/.pico-sdk/sdk/2.1.1/src/rp2_common/hardware_gpio/gpio.c.obj
                0x100012d8                gpio_set_function
 .text.gpio_set_pulls
                0x1000130c       0x28 CMakeFiles/Teste_Voltimetro.dir/C_/Users/rian_/.pico-sdk/sdk/2.1.1/src/rp2_common/hardware_gpio/gpio.c.obj
                0x1000130c                gpio_set_pulls
 .text.gpio_set_irq_enabled_with_callback
                0x10001334       0xd0 CMakeFiles/Teste_Voltimetro.dir/C_/Users/rian_/.pico-sdk/sdk/2.1.1/src/rp2_common/hardware_gpio/gpio.c.obj
                0x10001334                gpio_set_irq_enabled_with_callback
 .text.gpio_set_input_enabled
                0x10001404       0x28 CMakeFiles/Teste_Voltimetro.dir/C_/Users/rian_/.pico-sdk/sdk/2.1.1/src/rp2_common/hardware_gpio/gpio.c.obj
                0x10001404                gpio_set_input_enabled
 .text.gpio_init
                0x1000142c       0x40 CMakeFiles/Teste_Voltimetro.dir/C_/Users/rian_/.pico-sdk/sdk/2.1.1/src/rp2_common/hardware_gpio/gpio.c.obj
                0x1000142c                gpio_init
 .text.panic    0x1000146c       0x30 CMakeFiles/Teste_Voltimetro.dir/C_/Users/rian_/.pico-sdk/sdk/2.1.1/src/rp2_common/pico_platform_panic/panic.c.obj
                0x1000146c                panic
 .text.hw_claim_or_assert
                0x1000149c       0x44 CMakeFiles/Teste_Voltimetro.dir/C_/Users/rian_/.pico-sdk/sdk/2.1.1/src/common/hardware_claim/claim.c.obj
                0x1000149c                hw_claim_or_assert
 .text.next_striped_spin_lock_num
                0x100014e0       0x18 CMakeFiles/Teste_Voltimetro.dir/C_/Users/rian_/.pico-sdk/sdk/2.1.1/src/rp2_common/hardware_sync/sync.c.obj
                0x100014e0                next_striped_spin_lock_num
 .text.spin_locks_reset
                0x100014f8       0x1c CMakeFiles/Teste_Voltimetro.dir/C_/Users/rian_/.pico-sdk/sdk/2.1.1/src/rp2_common/hardware_sync_spin_lock/sync_spin_lock.c.obj
                0x100014f8                spin_locks_reset
 .text.runtime_init_per_core_irq_priorities
                0x10001514       0x24 CMakeFiles/Teste_Voltimetro.dir/C_/Users/rian_/.pico-sdk/sdk/2.1.1/src/rp2_common/hardware_irq/irq.c.obj
                0x10001514                runtime_init_per_core_irq_priorities
 .text.irq_set_enabled
                0x10001538       0x24 CMakeFiles/Teste_Voltimetro.dir/C_/Users/rian_/.pico-sdk/sdk/2.1.1/src/rp2_common/hardware_irq/irq.c.obj
                0x10001538                irq_set_enabled
 .text.irq_set_exclusive_handler
                0x1000155c       0x54 CMakeFiles/Teste_Voltimetro.dir/C_/Users/rian_/.pico-sdk/sdk/2.1.1/src/rp2_common/hardware_irq/irq.c.obj
                0x1000155c                irq_set_exclusive_handler
 .text.irq_add_shared_handler
                0x100015b0      0x1f4 CMakeFiles/Teste_Voltimetro.dir/C_/Users/rian_/.pico-sdk/sdk/2.1.1/src/rp2_common/hardware_irq/irq.c.obj
                0x100015b0                irq_add_shared_handler
 .text.irq_remove_handler
                0x100017a4      0x1d4 CMakeFiles/Teste_Voltimetro.dir/C_/Users/rian_/.pico-sdk/sdk/2.1.1/src/rp2_common/hardware_irq/irq.c.obj
                0x100017a4                irq_remove_handler
 .text.irq_add_tail_to_free_list
                0x10001978       0xb4 CMakeFiles/Teste_Voltimetro.dir/C_/Users/rian_/.pico-sdk/sdk/2.1.1/src/rp2_common/hardware_irq/irq.c.obj
                0x10001978                irq_add_tail_to_free_list
 .text.lock_init
                0x10001a2c       0x10 CMakeFiles/Teste_Voltimetro.dir/C_/Users/rian_/.pico-sdk/sdk/2.1.1/src/common/pico_sync/lock_core.c.obj
                0x10001a2c                lock_init
 .text.runtime_init_mutex
                0x10001a3c       0x50 CMakeFiles/Teste_Voltimetro.dir/C_/Users/rian_/.pico-sdk/sdk/2.1.1/src/common/pico_sync/mutex.c.obj
                0x10001a3c                runtime_init_mutex
 .text.sleep_until_callback
                0x10001a8c       0x30 CMakeFiles/Teste_Voltimetro.dir/C_/Users/rian_/.pico-sdk/sdk/2.1.1/src/common/pico_time/time.c.obj
 .text.alarm_pool_irq_handler
                0x10001abc      0x300 CMakeFiles/Teste_Voltimetro.dir/C_/Users/rian_/.pico-sdk/sdk/2.1.1/src/common/pico_time/time.c.obj
 .text.runtime_init_default_alarm_pool
                0x10001dbc       0xdc CMakeFiles/Teste_Voltimetro.dir/C_/Users/rian_/.pico-sdk/sdk/2.1.1/src/common/pico_time/time.c.obj
                0x10001dbc                runtime_init_default_alarm_pool
 .text.alarm_pool_add_alarm_at_force_in_context
                0x10001e98       0xb0 CMakeFiles/Teste_Voltimetro.dir/C_/Users/rian_/.pico-sdk/sdk/2.1.1/src/common/pico_time/time.c.obj
                0x10001e98                alarm_pool_add_alarm_at_force_in_context
 .text.alarm_pool_cancel_alarm
                0x10001f48       0x74 CMakeFiles/Teste_Voltimetro.dir/C_/Users/rian_/.pico-sdk/sdk/2.1.1/src/common/pico_time/time.c.obj
                0x10001f48                alarm_pool_cancel_alarm
 .text.sleep_ms
                0x10001fbc       0xfc CMakeFiles/Teste_Voltimetro.dir/C_/Users/rian_/.pico-sdk/sdk/2.1.1/src/common/pico_time/time.c.obj
                0x10001fbc                sleep_ms
 .text.best_effort_wfe_or_timeout
                0x100020b8      0x10c CMakeFiles/Teste_Voltimetro.dir/C_/Users/rian_/.pico-sdk/sdk/2.1.1/src/common/pico_time/time.c.obj
                0x100020b8                best_effort_wfe_or_timeout
 .text.timer_hardware_alarm_claim
                0x100021c4       0x14 CMakeFiles/Teste_Voltimetro.dir/C_/Users/rian_/.pico-sdk/sdk/2.1.1/src/rp2_common/hardware_timer/timer.c.obj
                0x100021c4                timer_hardware_alarm_claim
 .text.timer_time_us_64
                0x100021d8       0x10 CMakeFiles/Teste_Voltimetro.dir/C_/Users/rian_/.pico-sdk/sdk/2.1.1/src/rp2_common/hardware_timer/timer.c.obj
                0x100021d8                timer_time_us_64
 .text.time_us_64
                0x100021e8       0x14 CMakeFiles/Teste_Voltimetro.dir/C_/Users/rian_/.pico-sdk/sdk/2.1.1/src/rp2_common/hardware_timer/timer.c.obj
                0x100021e8                time_us_64
 .text.busy_wait_until
                0x100021fc       0x20 CMakeFiles/Teste_Voltimetro.dir/C_/Users/rian_/.pico-sdk/sdk/2.1.1/src/rp2_common/hardware_timer/timer.c.obj
                0x100021fc                busy_wait_until
 .text.clock_configure_int_divider
                0x1000221c       0xf4 CMakeFiles/Teste_Voltimetro.dir/C_/Users/rian_/.pico-sdk/sdk/2.1.1/src/rp2_common/hardware_clocks/clocks.c.obj
                0x1000221c                clock_configure_int_divider
 .text.clock_configure_undivided
                0x10002310       0xe8 CMakeFiles/Teste_Voltimetro.dir/C_/Users/rian_/.pico-sdk/sdk/2.1.1/src/rp2_common/hardware_clocks/clocks.c.obj
                0x10002310                clock_configure_undivided
 .text.clock_get_hz
                0x100023f8        0xc CMakeFiles/Teste_Voltimetro.dir/C_/Users/rian_/.pico-sdk/sdk/2.1.1/src/rp2_common/hardware_clocks/clocks.c.obj
                0x100023f8                clock_get_hz
 .text.pll_init
                0x10002404       0xa4 CMakeFiles/Teste_Voltimetro.dir/C_/Users/rian_/.pico-sdk/sdk/2.1.1/src/rp2_common/hardware_pll/pll.c.obj
                0x10002404                pll_init
 .text.tick_start
                0x100024a8       0x10 CMakeFiles/Teste_Voltimetro.dir/C_/Users/rian_/.pico-sdk/sdk/2.1.1/src/rp2_common/hardware_ticks/ticks.c.obj
                0x100024a8                tick_start
 .text.rom_func_lookup
                0x100024b8       0x10 CMakeFiles/Teste_Voltimetro.dir/C_/Users/rian_/.pico-sdk/sdk/2.1.1/src/rp2_common/pico_bootrom/bootrom.c.obj
                0x100024b8                rom_func_lookup
 .text.rom_data_lookup
                0x100024c8       0x10 CMakeFiles/Teste_Voltimetro.dir/C_/Users/rian_/.pico-sdk/sdk/2.1.1/src/rp2_common/pico_bootrom/bootrom.c.obj
                0x100024c8                rom_data_lookup
 .text.rom_funcs_lookup
                0x100024d8       0x44 CMakeFiles/Teste_Voltimetro.dir/C_/Users/rian_/.pico-sdk/sdk/2.1.1/src/rp2_common/pico_bootrom/bootrom.c.obj
                0x100024d8                rom_funcs_lookup
 .text.rom_reset_usb_boot
                0x1000251c       0x1c CMakeFiles/Teste_Voltimetro.dir/C_/Users/rian_/.pico-sdk/sdk/2.1.1/src/rp2_common/pico_bootrom/bootrom.c.obj
                0x1000251c                rom_reset_usb_boot
 .text.xosc_init
                0x10002538       0x28 CMakeFiles/Teste_Voltimetro.dir/C_/Users/rian_/.pico-sdk/sdk/2.1.1/src/rp2_common/hardware_xosc/xosc.c.obj
                0x10002538                xosc_init
 .text.first_per_core_initializer
                0x10002560        0x4 CMakeFiles/Teste_Voltimetro.dir/C_/Users/rian_/.pico-sdk/sdk/2.1.1/src/rp2_common/pico_runtime/runtime.c.obj
 .text.hard_assertion_failure
                0x10002564        0xc CMakeFiles/Teste_Voltimetro.dir/C_/Users/rian_/.pico-sdk/sdk/2.1.1/src/rp2_common/pico_runtime/runtime.c.obj
                0x10002564                hard_assertion_failure
 .text.runtime_run_initializers
                0x10002570       0x28 CMakeFiles/Teste_Voltimetro.dir/C_/Users/rian_/.pico-sdk/sdk/2.1.1/src/rp2_common/pico_runtime/runtime.c.obj
                0x10002570                runtime_run_initializers
 .text.runtime_init_early_resets
                0x10002598       0x2c CMakeFiles/Teste_Voltimetro.dir/C_/Users/rian_/.pico-sdk/sdk/2.1.1/src/rp2_common/pico_runtime_init/runtime_init.c.obj
                0x10002598                runtime_init_early_resets
 .text.runtime_init_usb_power_down
                0x100025c4       0x1c CMakeFiles/Teste_Voltimetro.dir/C_/Users/rian_/.pico-sdk/sdk/2.1.1/src/rp2_common/pico_runtime_init/runtime_init.c.obj
                0x100025c4                runtime_init_usb_power_down
 .text.runtime_init_post_clock_resets
                0x100025e0       0x20 CMakeFiles/Teste_Voltimetro.dir/C_/Users/rian_/.pico-sdk/sdk/2.1.1/src/rp2_common/pico_runtime_init/runtime_init.c.obj
                0x100025e0                runtime_init_post_clock_resets
 .text.runtime_init_rp2040_gpio_ie_disable
                0x10002600       0x14 CMakeFiles/Teste_Voltimetro.dir/C_/Users/rian_/.pico-sdk/sdk/2.1.1/src/rp2_common/pico_runtime_init/runtime_init.c.obj
                0x10002600                runtime_init_rp2040_gpio_ie_disable
 .text.runtime_init_spin_locks_reset
                0x10002614        0x8 CMakeFiles/Teste_Voltimetro.dir/C_/Users/rian_/.pico-sdk/sdk/2.1.1/src/rp2_common/pico_runtime_init/runtime_init.c.obj
                0x10002614                runtime_init_spin_locks_reset
 .text.runtime_init_install_ram_vector_table
                0x1000261c       0x1c CMakeFiles/Teste_Voltimetro.dir/C_/Users/rian_/.pico-sdk/sdk/2.1.1/src/rp2_common/pico_runtime_init/runtime_init.c.obj
                0x1000261c                runtime_init_install_ram_vector_table
 .text.runtime_init_clocks
                0x10002638       0xd8 CMakeFiles/Teste_Voltimetro.dir/C_/Users/rian_/.pico-sdk/sdk/2.1.1/src/rp2_common/pico_runtime_init/runtime_init_clocks.c.obj
                0x10002638                runtime_init_clocks
 .text          0x10002710       0x10 CMakeFiles/Teste_Voltimetro.dir/C_/Users/rian_/.pico-sdk/sdk/2.1.1/src/rp2_common/pico_bit_ops/bit_ops_aeabi.S.obj
 .text.__wrap___aeabi_idiv
                0x10002720       0x50 CMakeFiles/Teste_Voltimetro.dir/C_/Users/rian_/.pico-sdk/sdk/2.1.1/src/rp2_common/pico_divider/divider_hardware.S.obj
                0x10002720                __wrap___aeabi_idivmod
                0x10002720                divmod_s32s32
                0x10002720                div_s32s32
                0x10002720                __wrap___aeabi_idiv
                0x10002728                divmod_s32s32_unsafe
                0x10002754                divmod_s32s32_savestate
 .text.__wrap___aeabi_uidiv
                0x10002770       0x4c CMakeFiles/Teste_Voltimetro.dir/C_/Users/rian_/.pico-sdk/sdk/2.1.1/src/rp2_common/pico_divider/divider_hardware.S.obj
                0x10002770                __wrap___aeabi_uidiv
                0x10002770                __wrap___aeabi_uidivmod
                0x10002770                div_u32u32
                0x10002770                divmod_u32u32
                0x10002778                divmod_u32u32_unsafe
                0x100027a0                divmod_u32u32_savestate
 .text.__wrap___aeabi_ldiv
                0x100027bc      0x424 CMakeFiles/Teste_Voltimetro.dir/C_/Users/rian_/.pico-sdk/sdk/2.1.1/src/rp2_common/pico_divider/divider_hardware.S.obj
                0x100027bc                div_s64s64
                0x100027bc                divmod_s64s64
                0x100027bc                __wrap___aeabi_ldivmod
                0x100027ec                divmod_u64u64
                0x100027ec                div_u64u64
                0x100027ec                __wrap___aeabi_uldivmod
                0x100027fc                divmod_u64u64_savestate
                0x1000281c                divmod_s64s64_unsafe
                0x100028a4                divmod_u64u64_unsafe
 .text.__wrap___aeabi_darithmetic
                0x10002be0       0x60 CMakeFiles/Teste_Voltimetro.dir/C_/Users/rian_/.pico-sdk/sdk/2.1.1/src/rp2_common/pico_double/double_aeabi_rp2040.S.obj
                0x10002be0                __wrap___aeabi_drsub
                0x10002be6                __wrap___aeabi_dsub
                0x10002bf0                __wrap___aeabi_dadd
                0x10002bfa                __wrap___aeabi_ddiv
                0x10002c2e                __wrap___aeabi_dmul
 .text.__wrap___aeabi_cdcmple
                0x10002c40       0x6c CMakeFiles/Teste_Voltimetro.dir/C_/Users/rian_/.pico-sdk/sdk/2.1.1/src/rp2_common/pico_double/double_aeabi_rp2040.S.obj
                0x10002c40                __wrap___aeabi_cdrcmple
                0x10002c50                __wrap___aeabi_cdcmpeq
                0x10002c50                __wrap___aeabi_cdcmple
 .text.__wrap___aeabi_dcmpeq
                0x10002cac       0x10 CMakeFiles/Teste_Voltimetro.dir/C_/Users/rian_/.pico-sdk/sdk/2.1.1/src/rp2_common/pico_double/double_aeabi_rp2040.S.obj
                0x10002cac                __wrap___aeabi_dcmpeq
 .text.__wrap___aeabi_dcmplt
                0x10002cbc        0xc CMakeFiles/Teste_Voltimetro.dir/C_/Users/rian_/.pico-sdk/sdk/2.1.1/src/rp2_common/pico_double/double_aeabi_rp2040.S.obj
                0x10002cbc                __wrap___aeabi_dcmplt
 .text.__wrap___aeabi_dcmple
                0x10002cc8       0x10 CMakeFiles/Teste_Voltimetro.dir/C_/Users/rian_/.pico-sdk/sdk/2.1.1/src/rp2_common/pico_double/double_aeabi_rp2040.S.obj
                0x10002cc8                __wrap___aeabi_dcmple
 .text.__wrap___aeabi_dcmpge
                0x10002cd8       0x10 CMakeFiles/Teste_Voltimetro.dir/C_/Users/rian_/.pico-sdk/sdk/2.1.1/src/rp2_common/pico_double/double_aeabi_rp2040.S.obj
                0x10002cd8                __wrap___aeabi_dcmpge
 .text.__wrap___aeabi_dcmpgt
                0x10002ce8        0xa CMakeFiles/Teste_Voltimetro.dir/C_/Users/rian_/.pico-sdk/sdk/2.1.1/src/rp2_common/pico_double/double_aeabi_rp2040.S.obj
                0x10002ce8                __wrap___aeabi_dcmpgt
 .text.__wrap___aeabi_dcmpun
                0x10002cf2       0x18 CMakeFiles/Teste_Voltimetro.dir/C_/Users/rian_/.pico-sdk/sdk/2.1.1/src/rp2_common/pico_double/double_aeabi_rp2040.S.obj
                0x10002cf2                __wrap___aeabi_dcmpun
 *fill*         0x10002d0a        0x2 
 .text.__wrap___aeabi_i2d
                0x10002d0c       0x38 CMakeFiles/Teste_Voltimetro.dir/C_/Users/rian_/.pico-sdk/sdk/2.1.1/src/rp2_common/pico_double/double_aeabi_rp2040.S.obj
                0x10002d0c                uint2double
                0x10002d0c                __wrap___aeabi_ui2d
                0x10002d14                int2double
                0x10002d14                __wrap___aeabi_i2d
 .text.__wrap___aeabi_d2iz
                0x10002d44       0x48 CMakeFiles/Teste_Voltimetro.dir/C_/Users/rian_/.pico-sdk/sdk/2.1.1/src/rp2_common/pico_double/double_aeabi_rp2040.S.obj
                0x10002d44                double2int_z
                0x10002d44                __wrap___aeabi_d2iz
 .text.__wrap___aeabi_d2uiz
                0x10002d8c       0x10 CMakeFiles/Teste_Voltimetro.dir/C_/Users/rian_/.pico-sdk/sdk/2.1.1/src/rp2_common/pico_double/double_aeabi_rp2040.S.obj
                0x10002d8c                double2uint
                0x10002d8c                __wrap___aeabi_d2uiz
                0x10002d8c                double2uint_z
 .text.__wrap___aeabi_d2f
                0x10002d9c       0x10 CMakeFiles/Teste_Voltimetro.dir/C_/Users/rian_/.pico-sdk/sdk/2.1.1/src/rp2_common/pico_double/double_aeabi_rp2040.S.obj
                0x10002d9c                __wrap___aeabi_d2f
 .text.__wrap_exp
                0x10002dac       0x10 CMakeFiles/Teste_Voltimetro.dir/C_/Users/rian_/.pico-sdk/sdk/2.1.1/src/rp2_common/pico_double/double_aeabi_rp2040.S.obj
                0x10002dac                __wrap_exp
 .text.__wrap_log
                0x10002dbc       0x10 CMakeFiles/Teste_Voltimetro.dir/C_/Users/rian_/.pico-sdk/sdk/2.1.1/src/rp2_common/pico_double/double_aeabi_rp2040.S.obj
                0x10002dbc                __wrap_log
 .text.missing_double_func_shim
                0x10002dcc        0xc CMakeFiles/Teste_Voltimetro.dir/C_/Users/rian_/.pico-sdk/sdk/2.1.1/src/rp2_common/pico_double/double_init_rom_rp2040.c.obj
 .text.__aeabi_double_init
                0x10002dd8       0xa0 CMakeFiles/Teste_Voltimetro.dir/C_/Users/rian_/.pico-sdk/sdk/2.1.1/src/rp2_common/pico_double/double_init_rom_rp2040.c.obj
                0x10002dd8                __aeabi_double_init
 .text.dpow_1   0x10002e78      0x2a0 CMakeFiles/Teste_Voltimetro.dir/C_/Users/rian_/.pico-sdk/sdk/2.1.1/src/rp2_common/pico_double/double_math.c.obj
 .text.dpow_int2
                0x10003118       0xd8 CMakeFiles/Teste_Voltimetro.dir/C_/Users/rian_/.pico-sdk/sdk/2.1.1/src/rp2_common/pico_double/double_math.c.obj
 .text.dpow_0   0x100031f0      0x16c CMakeFiles/Teste_Voltimetro.dir/C_/Users/rian_/.pico-sdk/sdk/2.1.1/src/rp2_common/pico_double/double_math.c.obj
 .text.__wrap_ldexp
                0x1000335c       0x4c CMakeFiles/Teste_Voltimetro.dir/C_/Users/rian_/.pico-sdk/sdk/2.1.1/src/rp2_common/pico_double/double_math.c.obj
                0x1000335c                __wrap_ldexp
 .text.__wrap_round
                0x100033a8       0x9c CMakeFiles/Teste_Voltimetro.dir/C_/Users/rian_/.pico-sdk/sdk/2.1.1/src/rp2_common/pico_double/double_math.c.obj
                0x100033a8                __wrap_round
 .text.__wrap_exp2
                0x10003444       0xbc CMakeFiles/Teste_Voltimetro.dir/C_/Users/rian_/.pico-sdk/sdk/2.1.1/src/rp2_common/pico_double/double_math.c.obj
                0x10003444                __wrap_exp2
 .text.__wrap_log10
                0x10003500       0x18 CMakeFiles/Teste_Voltimetro.dir/C_/Users/rian_/.pico-sdk/sdk/2.1.1/src/rp2_common/pico_double/double_math.c.obj
                0x10003500                __wrap_log10
 .text.__wrap_pow
                0x10003518      0x328 CMakeFiles/Teste_Voltimetro.dir/C_/Users/rian_/.pico-sdk/sdk/2.1.1/src/rp2_common/pico_double/double_math.c.obj
                0x10003518                __wrap_pow
 .text.double_table_shim_on_use_helper
                0x10003840       0x2c CMakeFiles/Teste_Voltimetro.dir/C_/Users/rian_/.pico-sdk/sdk/2.1.1/src/rp2_common/pico_double/double_v1_rom_shim_rp2040.S.obj
                0x10003840                double_table_shim_on_use_helper
 .text.__aeabi_lmul
                0x1000386c       0x32 CMakeFiles/Teste_Voltimetro.dir/C_/Users/rian_/.pico-sdk/sdk/2.1.1/src/rp2_common/pico_int64_ops/pico_int64_ops_aeabi.S.obj
                0x1000386c                __wrap___aeabi_lmul
 *fill*         0x1000389e        0x2 
 .text.__wrap___aeabi_farithmetic
                0x100038a0       0x48 CMakeFiles/Teste_Voltimetro.dir/C_/Users/rian_/.pico-sdk/sdk/2.1.1/src/rp2_common/pico_float/float_aeabi_rp2040.S.obj
                0x100038a0                __wrap___aeabi_frsub
                0x100038a6                __wrap___aeabi_fsub
                0x100038ac                __wrap___aeabi_fadd
                0x100038b2                __wrap___aeabi_fdiv
                0x100038da                __wrap___aeabi_fmul
 .text.__wrap___aeabi_cfcmple
                0x100038e8       0x50 CMakeFiles/Teste_Voltimetro.dir/C_/Users/rian_/.pico-sdk/sdk/2.1.1/src/rp2_common/pico_float/float_aeabi_rp2040.S.obj
                0x100038e8                __wrap___aeabi_cfrcmple
                0x100038f4                __wrap___aeabi_cfcmple
                0x100038f4                __wrap___aeabi_cfcmpeq
 .text.__wrap___aeabi_fcmplt
                0x10003938        0xc CMakeFiles/Teste_Voltimetro.dir/C_/Users/rian_/.pico-sdk/sdk/2.1.1/src/rp2_common/pico_float/float_aeabi_rp2040.S.obj
                0x10003938                __wrap___aeabi_fcmplt
 .text.__wrap___aeabi_i2f
                0x10003944       0x44 CMakeFiles/Teste_Voltimetro.dir/C_/Users/rian_/.pico-sdk/sdk/2.1.1/src/rp2_common/pico_float/float_aeabi_rp2040.S.obj
                0x10003944                __wrap___aeabi_i2f
                0x10003944                int2float
 .text.__wrap___aeabi_f2d
                0x10003988        0xc CMakeFiles/Teste_Voltimetro.dir/C_/Users/rian_/.pico-sdk/sdk/2.1.1/src/rp2_common/pico_float/float_aeabi_rp2040.S.obj
                0x10003988                __wrap___aeabi_f2d
 .text.missing_float_func_shim
                0x10003994        0xc CMakeFiles/Teste_Voltimetro.dir/C_/Users/rian_/.pico-sdk/sdk/2.1.1/src/rp2_common/pico_float/float_init_rom_rp2040.c.obj
 .text.__aeabi_float_init
                0x100039a0       0x5c CMakeFiles/Teste_Voltimetro.dir/C_/Users/rian_/.pico-sdk/sdk/2.1.1/src/rp2_common/pico_float/float_init_rom_rp2040.c.obj
                0x100039a0                __aeabi_float_init
 .text.__wrap_calloc
                0x100039fc       0x28 CMakeFiles/Teste_Voltimetro.dir/C_/Users/rian_/.pico-sdk/sdk/2.1.1/src/rp2_common/pico_malloc/malloc.c.obj
                0x100039fc                __wrap_calloc
 .text          0x10003a24       0x10 CMakeFiles/Teste_Voltimetro.dir/C_/Users/rian_/.pico-sdk/sdk/2.1.1/src/rp2_common/pico_mem_ops/mem_ops_aeabi.S.obj
                0x10003a24                __aeabi_mem_init
 .text.memset   0x10003a34        0xc CMakeFiles/Teste_Voltimetro.dir/C_/Users/rian_/.pico-sdk/sdk/2.1.1/src/rp2_common/pico_mem_ops/mem_ops_aeabi.S.obj
                0x10003a34                __wrap_memset
 .text.memcpy   0x10003a40        0xc CMakeFiles/Teste_Voltimetro.dir/C_/Users/rian_/.pico-sdk/sdk/2.1.1/src/rp2_common/pico_mem_ops/mem_ops_aeabi.S.obj
                0x10003a40                __wrap_memcpy
                0x10003a40                __wrap___aeabi_memcpy
 .text._out_buffer
                0x10003a4c        0x8 CMakeFiles/Teste_Voltimetro.dir/C_/Users/rian_/.pico-sdk/sdk/2.1.1/src/rp2_common/pico_printf/printf.c.obj
 .text._out_null
                0x10003a54        0x4 CMakeFiles/Teste_Voltimetro.dir/C_/Users/rian_/.pico-sdk/sdk/2.1.1/src/rp2_common/pico_printf/printf.c.obj
 .text._out_rev
                0x10003a58       0xac CMakeFiles/Teste_Voltimetro.dir/C_/Users/rian_/.pico-sdk/sdk/2.1.1/src/rp2_common/pico_printf/printf.c.obj
 .text._ntoa_format
                0x10003b04      0x1cc CMakeFiles/Teste_Voltimetro.dir/C_/Users/rian_/.pico-sdk/sdk/2.1.1/src/rp2_common/pico_printf/printf.c.obj
 .text._out_char
                0x10003cd0       0x10 CMakeFiles/Teste_Voltimetro.dir/C_/Users/rian_/.pico-sdk/sdk/2.1.1/src/rp2_common/pico_printf/printf.c.obj
 .text._ftoa    0x10003ce0      0x4a8 CMakeFiles/Teste_Voltimetro.dir/C_/Users/rian_/.pico-sdk/sdk/2.1.1/src/rp2_common/pico_printf/printf.c.obj
 .text._etoa    0x10004188      0x57c CMakeFiles/Teste_Voltimetro.dir/C_/Users/rian_/.pico-sdk/sdk/2.1.1/src/rp2_common/pico_printf/printf.c.obj
 .text._vsnprintf
                0x10004704      0xbe0 CMakeFiles/Teste_Voltimetro.dir/C_/Users/rian_/.pico-sdk/sdk/2.1.1/src/rp2_common/pico_printf/printf.c.obj
 .text.__wrap_sprintf
                0x100052e4       0x2c CMakeFiles/Teste_Voltimetro.dir/C_/Users/rian_/.pico-sdk/sdk/2.1.1/src/rp2_common/pico_printf/printf.c.obj
                0x100052e4                __wrap_sprintf
 .text.weak_raw_vprintf
                0x10005310       0x30 CMakeFiles/Teste_Voltimetro.dir/C_/Users/rian_/.pico-sdk/sdk/2.1.1/src/rp2_common/pico_printf/printf.c.obj
                0x10005310                weak_raw_vprintf
 .text._exit    0x10005340        0x4 CMakeFiles/Teste_Voltimetro.dir/C_/Users/rian_/.pico-sdk/sdk/2.1.1/src/rp2_common/pico_clib_interface/newlib_interface.c.obj
                0x10005340                _exit
 .text._sbrk    0x10005344       0x34 CMakeFiles/Teste_Voltimetro.dir/C_/Users/rian_/.pico-sdk/sdk/2.1.1/src/rp2_common/pico_clib_interface/newlib_interface.c.obj
                0x10005344                _sbrk
 .text.exit     0x10005378        0x8 CMakeFiles/Teste_Voltimetro.dir/C_/Users/rian_/.pico-sdk/sdk/2.1.1/src/rp2_common/pico_clib_interface/newlib_interface.c.obj
                0x10005378                exit
 .text.runtime_init
                0x10005380       0x2c CMakeFiles/Teste_Voltimetro.dir/C_/Users/rian_/.pico-sdk/sdk/2.1.1/src/rp2_common/pico_clib_interface/newlib_interface.c.obj
                0x10005380                runtime_init
 .text.stdio_out_chars_no_crlf
                0x100053ac       0x10 CMakeFiles/Teste_Voltimetro.dir/C_/Users/rian_/.pico-sdk/sdk/2.1.1/src/rp2_common/pico_stdio/stdio.c.obj
 .text.stdio_out_chars_crlf
                0x100053bc       0xb0 CMakeFiles/Teste_Voltimetro.dir/C_/Users/rian_/.pico-sdk/sdk/2.1.1/src/rp2_common/pico_stdio/stdio.c.obj
 .text.stdio_put_string
                0x1000546c       0xfc CMakeFiles/Teste_Voltimetro.dir/C_/Users/rian_/.pico-sdk/sdk/2.1.1/src/rp2_common/pico_stdio/stdio.c.obj
                0x1000546c                stdio_put_string
 .text.__wrap_putchar
                0x10005568       0x94 CMakeFiles/Teste_Voltimetro.dir/C_/Users/rian_/.pico-sdk/sdk/2.1.1/src/rp2_common/pico_stdio/stdio.c.obj
                0x10005568                __wrap_putchar
                0x10005568                stdio_putchar
 .text.__wrap_puts
                0x100055fc       0x3c CMakeFiles/Teste_Voltimetro.dir/C_/Users/rian_/.pico-sdk/sdk/2.1.1/src/rp2_common/pico_stdio/stdio.c.obj
                0x100055fc                stdio_puts
                0x100055fc                __wrap_puts
 .text.startup._retrieve_unique_id_on_boot
                0x10005638       0x10 CMakeFiles/Teste_Voltimetro.dir/C_/Users/rian_/.pico-sdk/sdk/2.1.1/src/rp2_common/pico_unique_id/unique_id.c.obj
 .text.flash_get_unique_id
                0x10005648       0x3c CMakeFiles/Teste_Voltimetro.dir/C_/Users/rian_/.pico-sdk/sdk/2.1.1/src/rp2_common/hardware_flash/flash.c.obj
                0x10005648                flash_get_unique_id
 .text.i2c_write_blocking_internal.constprop.0
                0x10005684       0xf8 CMakeFiles/Teste_Voltimetro.dir/C_/Users/rian_/.pico-sdk/sdk/2.1.1/src/rp2_common/hardware_i2c/i2c.c.obj
 .text.i2c_set_baudrate
                0x1000577c       0xc0 CMakeFiles/Teste_Voltimetro.dir/C_/Users/rian_/.pico-sdk/sdk/2.1.1/src/rp2_common/hardware_i2c/i2c.c.obj
                0x1000577c                i2c_set_baudrate
 .text.i2c_init
                0x1000583c       0x50 CMakeFiles/Teste_Voltimetro.dir/C_/Users/rian_/.pico-sdk/sdk/2.1.1/src/rp2_common/hardware_i2c/i2c.c.obj
                0x1000583c                i2c_init
 .text.i2c_write_blocking
                0x1000588c       0x14 CMakeFiles/Teste_Voltimetro.dir/C_/Users/rian_/.pico-sdk/sdk/2.1.1/src/rp2_common/hardware_i2c/i2c.c.obj
                0x1000588c                i2c_write_blocking
 .text.adc_init
                0x100058a0       0x38 CMakeFiles/Teste_Voltimetro.dir/C_/Users/rian_/.pico-sdk/sdk/2.1.1/src/rp2_common/hardware_adc/adc.c.obj
                0x100058a0                adc_init
 .text.calloc   0x100058d8       0x18 C:/Users/rian_/.pico-sdk/toolchain/14_2_Rel1/bin/../lib/gcc/arm-none-eabi/14.2.1/thumb/v6-m/nofp\libg.a(libc_a-calloc.o)
                0x100058d8                calloc
 .text._calloc_r
                0x100058f0       0xa8 C:/Users/rian_/.pico-sdk/toolchain/14_2_Rel1/bin/../lib/gcc/arm-none-eabi/14.2.1/thumb/v6-m/nofp\libg.a(libc_a-callocr.o)
                0x100058f0                _calloc_r
 .text._malloc_r
                0x10005998      0x5cc C:/Users/rian_/.pico-sdk/toolchain/14_2_Rel1/bin/../lib/gcc/arm-none-eabi/14.2.1/thumb/v6-m/nofp\libg.a(libc_a-mallocr.o)
                0x10005998                _malloc_r
 .text.__malloc_lock
                0x10005f64       0x10 C:/Users/rian_/.pico-sdk/toolchain/14_2_Rel1/bin/../lib/gcc/arm-none-eabi/14.2.1/thumb/v6-m/nofp\libg.a(libc_a-mlock.o)
                0x10005f64                __malloc_lock
 .text.__malloc_unlock
                0x10005f74       0x10 C:/Users/rian_/.pico-sdk/toolchain/14_2_Rel1/bin/../lib/gcc/arm-none-eabi/14.2.1/thumb/v6-m/nofp\libg.a(libc_a-mlock.o)
                0x10005f74                __malloc_unlock
 .text._sbrk_r  0x10005f84       0x24 C:/Users/rian_/.pico-sdk/toolchain/14_2_Rel1/bin/../lib/gcc/arm-none-eabi/14.2.1/thumb/v6-m/nofp\libg.a(libc_a-sbrkr.o)
                0x10005f84                _sbrk_r
 .text.__errno  0x10005fa8        0xc C:/Users/rian_/.pico-sdk/toolchain/14_2_Rel1/bin/../lib/gcc/arm-none-eabi/14.2.1/thumb/v6-m/nofp\libg.a(libc_a-errno.o)
                0x10005fa8                __errno
 .text.__retarget_lock_acquire_recursive
                0x10005fb4        0x4 C:/Users/rian_/.pico-sdk/toolchain/14_2_Rel1/bin/../lib/gcc/arm-none-eabi/14.2.1/thumb/v6-m/nofp\libg.a(libc_a-lock.o)
                0x10005fb4                __retarget_lock_acquire_recursive
 .text.__retarget_lock_release_recursive
                0x10005fb8        0x4 C:/Users/rian_/.pico-sdk/toolchain/14_2_Rel1/bin/../lib/gcc/arm-none-eabi/14.2.1/thumb/v6-m/nofp\libg.a(libc_a-lock.o)
                0x10005fb8                __retarget_lock_release_recursive
 .text.sysconf  0x10005fbc       0x1c C:/Users/rian_/.pico-sdk/toolchain/14_2_Rel1/bin/../lib/gcc/arm-none-eabi/14.2.1/thumb/v6-m/nofp\libg.a(libc_a-sysconf.o)
                0x10005fbc                sysconf
 .text.strlen   0x10005fd8       0x5c C:/Users/rian_/.pico-sdk/toolchain/14_2_Rel1/bin/../lib/gcc/arm-none-eabi/14.2.1/thumb/v6-m/nofp\libg.a(libc_a-strlen-stub.o)
                0x10005fd8                strlen
 .text._malloc_trim_r
                0x10006034       0xb4 C:/Users/rian_/.pico-sdk/toolchain/14_2_Rel1/bin/../lib/gcc/arm-none-eabi/14.2.1/thumb/v6-m/nofp\libg.a(libc_a-freer.o)
                0x10006034                _malloc_trim_r
 .text._free_r  0x100060e8      0x1f0 C:/Users/rian_/.pico-sdk/toolchain/14_2_Rel1/bin/../lib/gcc/arm-none-eabi/14.2.1/thumb/v6-m/nofp\libg.a(libc_a-freer.o)
                0x100060e8                _free_r
 *(.fini)
 .fini          0x100062d8        0x4 C:/Users/rian_/.pico-sdk/toolchain/14_2_Rel1/bin/../lib/gcc/arm-none-eabi/14.2.1/thumb/v6-m/nofp/crti.o
                0x100062d8                _fini
 *fill*         0x100062dc        0x4 
 .fini.__stub   0x100062e0       0x50 linker stubs
 *crtbegin.o(.ctors)
 *crtbegin?.o(.ctors)
 *(EXCLUDE_FILE(*crtend.o *crtend?.o) .ctors)
 *(SORT_BY_NAME(.ctors.*))
 *(.ctors)
 *crtbegin.o(.dtors)
 *crtbegin?.o(.dtors)
 *(EXCLUDE_FILE(*crtend.o *crtend?.o) .dtors)
 *(SORT_BY_NAME(.dtors.*))
 *(.dtors)
                0x10006330                        . = ALIGN (0x4)
                0x10006330                        PROVIDE (__preinit_array_start = .)
 *(SORT_BY_NAME(.preinit_array.*))
 .preinit_array.00100
                0x10006330        0x4 CMakeFiles/Teste_Voltimetro.dir/C_/Users/rian_/.pico-sdk/sdk/2.1.1/src/rp2_common/pico_runtime_init/runtime_init.c.obj
                0x10006330                __pre_init_runtime_init_early_resets
 .preinit_array.00101
                0x10006334        0x4 CMakeFiles/Teste_Voltimetro.dir/C_/Users/rian_/.pico-sdk/sdk/2.1.1/src/rp2_common/pico_runtime_init/runtime_init.c.obj
                0x10006334                __pre_init_runtime_init_usb_power_down
 .preinit_array.00275
                0x10006338        0x4 CMakeFiles/Teste_Voltimetro.dir/C_/Users/rian_/.pico-sdk/sdk/2.1.1/src/rp2_common/pico_bit_ops/bit_ops_aeabi.S.obj
 .preinit_array.00300
                0x1000633c        0x4 CMakeFiles/Teste_Voltimetro.dir/C_/Users/rian_/.pico-sdk/sdk/2.1.1/src/rp2_common/pico_mem_ops/mem_ops_aeabi.S.obj
 .preinit_array.00350
                0x10006340        0x4 CMakeFiles/Teste_Voltimetro.dir/C_/Users/rian_/.pico-sdk/sdk/2.1.1/src/rp2_common/pico_double/double_aeabi_rp2040.S.obj
 .preinit_array.00350
                0x10006344        0x4 CMakeFiles/Teste_Voltimetro.dir/C_/Users/rian_/.pico-sdk/sdk/2.1.1/src/rp2_common/pico_float/float_aeabi_rp2040.S.obj
 .preinit_array.00500
                0x10006348        0x4 CMakeFiles/Teste_Voltimetro.dir/C_/Users/rian_/.pico-sdk/sdk/2.1.1/src/rp2_common/pico_runtime_init/runtime_init.c.obj
                0x10006348                __pre_init_runtime_init_clocks
 .preinit_array.00600
                0x1000634c        0x4 CMakeFiles/Teste_Voltimetro.dir/C_/Users/rian_/.pico-sdk/sdk/2.1.1/src/rp2_common/pico_runtime_init/runtime_init.c.obj
                0x1000634c                __pre_init_runtime_init_post_clock_resets
 .preinit_array.00700
                0x10006350        0x4 CMakeFiles/Teste_Voltimetro.dir/C_/Users/rian_/.pico-sdk/sdk/2.1.1/src/rp2_common/pico_runtime_init/runtime_init.c.obj
                0x10006350                __pre_init_runtime_init_rp2040_gpio_ie_disable
 .preinit_array.01000
                0x10006354        0x4 CMakeFiles/Teste_Voltimetro.dir/C_/Users/rian_/.pico-sdk/sdk/2.1.1/src/rp2_common/pico_runtime_init/runtime_init.c.obj
                0x10006354                __pre_init_runtime_init_spin_locks_reset
 .preinit_array.01100
                0x10006358        0x4 CMakeFiles/Teste_Voltimetro.dir/C_/Users/rian_/.pico-sdk/sdk/2.1.1/src/common/pico_sync/mutex.c.obj
                0x10006358                __pre_init_runtime_init_mutex
 .preinit_array.10080
                0x1000635c        0x4 CMakeFiles/Teste_Voltimetro.dir/C_/Users/rian_/.pico-sdk/sdk/2.1.1/src/rp2_common/pico_runtime_init/runtime_init.c.obj
                0x1000635c                __pre_init_runtime_init_install_ram_vector_table
 .preinit_array.11000
                0x10006360        0x4 CMakeFiles/Teste_Voltimetro.dir/C_/Users/rian_/.pico-sdk/sdk/2.1.1/src/common/pico_time/time.c.obj
                0x10006360                __pre_init_runtime_init_default_alarm_pool
 .preinit_array.YYYYY
                0x10006364        0x4 CMakeFiles/Teste_Voltimetro.dir/C_/Users/rian_/.pico-sdk/sdk/2.1.1/src/rp2_common/pico_runtime/runtime.c.obj
                0x10006364                __pre_init_first_per_core_initializer
 .preinit_array.ZZZZZ.01200
                0x10006368        0x4 CMakeFiles/Teste_Voltimetro.dir/C_/Users/rian_/.pico-sdk/sdk/2.1.1/src/rp2_common/hardware_irq/irq.c.obj
                0x10006368                __pre_init_runtime_init_per_core_irq_priorities
 *(.preinit_array)
                0x1000636c                        PROVIDE (__preinit_array_end = .)
                0x1000636c                        . = ALIGN (0x4)
                0x1000636c                        PROVIDE (__init_array_start = .)
 *(SORT_BY_NAME(.init_array.*))
 *(.init_array)
 .init_array    0x1000636c        0x4 C:/Users/rian_/.pico-sdk/toolchain/14_2_Rel1/bin/../lib/gcc/arm-none-eabi/14.2.1/thumb/v6-m/nofp/crtbegin.o
 .init_array    0x10006370        0x4 CMakeFiles/Teste_Voltimetro.dir/C_/Users/rian_/.pico-sdk/sdk/2.1.1/src/rp2_common/pico_unique_id/unique_id.c.obj
                0x10006374                        PROVIDE (__init_array_end = .)
                0x10006374                        . = ALIGN (0x4)
                [!provide]                        PROVIDE (__fini_array_start = .)
 *(SORT_BY_NAME(.fini_array.*))
 *(.fini_array)
                [!provide]                        PROVIDE (__fini_array_end = .)
 *(.eh_frame*)
 .eh_frame      0x10006374        0x0 C:/Users/rian_/.pico-sdk/toolchain/14_2_Rel1/bin/../lib/gcc/arm-none-eabi/14.2.1/thumb/v6-m/nofp/crtbegin.o
                0x10006374                        . = ALIGN (0x4)

.glue_7         0x10006374        0x0
 .glue_7        0x10006374        0x0 linker stubs

.glue_7t        0x10006374        0x0
 .glue_7t       0x10006374        0x0 linker stubs

.vfp11_veneer   0x10006374        0x0
 .vfp11_veneer  0x10006374        0x0 linker stubs

.v4_bx          0x10006374        0x0
 .v4_bx         0x10006374        0x0 linker stubs

.iplt           0x10006374        0x0
 .iplt          0x10006374        0x0 C:/Users/rian_/.pico-sdk/toolchain/14_2_Rel1/bin/../lib/gcc/arm-none-eabi/14.2.1/thumb/v6-m/nofp/crtbegin.o

.rodata         0x10006378      0x6a4
 *(EXCLUDE_FILE(*libm.a: *libc.a:*lib_a-mem*.o *libgcc.a:) .rodata*)
 .rodata.main.str1.4
                0x10006378      0x139 CMakeFiles/Teste_Voltimetro.dir/Ohmimetro01.c.obj
                                 0x1b (size before relaxing)
 .rodata.str1.4
                0x100064b1       0x53 CMakeFiles/Teste_Voltimetro.dir/Ohmimetro01.c.obj
 *fill*         0x100064b1        0x3 
 .rodata        0x100064b4       0x28 CMakeFiles/Teste_Voltimetro.dir/Ohmimetro01.c.obj
 .rodata.font   0x100064dc      0x2f8 CMakeFiles/Teste_Voltimetro.dir/lib/ssd1306.c.obj
 .rodata.panic.str1.4
                0x100067d4       0x12 CMakeFiles/Teste_Voltimetro.dir/C_/Users/rian_/.pico-sdk/sdk/2.1.1/src/rp2_common/pico_platform_panic/panic.c.obj
 .rodata.timer_hardware_alarm_claim.str1.4
                0x100067d4       0x22 CMakeFiles/Teste_Voltimetro.dir/C_/Users/rian_/.pico-sdk/sdk/2.1.1/src/rp2_common/hardware_timer/timer.c.obj
 .rodata.hard_assertion_failure.str1.4
                0x100067d4        0xc CMakeFiles/Teste_Voltimetro.dir/C_/Users/rian_/.pico-sdk/sdk/2.1.1/src/rp2_common/pico_runtime/runtime.c.obj
 .rodata.missing_double_func_shim.str1.4
                0x100067d4       0x18 CMakeFiles/Teste_Voltimetro.dir/C_/Users/rian_/.pico-sdk/sdk/2.1.1/src/rp2_common/pico_double/double_init_rom_rp2040.c.obj
 .rodata.missing_float_func_shim.str1.4
                0x100067d4        0x1 CMakeFiles/Teste_Voltimetro.dir/C_/Users/rian_/.pico-sdk/sdk/2.1.1/src/rp2_common/pico_float/float_init_rom_rp2040.c.obj
 .rodata.__wrap_malloc.str1.4
                0x100067d4        0xe CMakeFiles/Teste_Voltimetro.dir/C_/Users/rian_/.pico-sdk/sdk/2.1.1/src/rp2_common/pico_malloc/malloc.c.obj
 .rodata.str1.4
                0x100067d4       0x48 CMakeFiles/Teste_Voltimetro.dir/C_/Users/rian_/.pico-sdk/sdk/2.1.1/src/rp2_common/pico_standard_binary_info/standard_binary_info.c.obj
 .rodata.__bi_84
                0x100067d4        0xc CMakeFiles/Teste_Voltimetro.dir/C_/Users/rian_/.pico-sdk/sdk/2.1.1/src/rp2_common/pico_standard_binary_info/standard_binary_info.c.obj
 .rodata.__bi_78
                0x100067e0        0xc CMakeFiles/Teste_Voltimetro.dir/C_/Users/rian_/.pico-sdk/sdk/2.1.1/src/rp2_common/pico_standard_binary_info/standard_binary_info.c.obj
 .rodata.__bi_54
                0x100067ec        0xc CMakeFiles/Teste_Voltimetro.dir/C_/Users/rian_/.pico-sdk/sdk/2.1.1/src/rp2_common/pico_standard_binary_info/standard_binary_info.c.obj
 .rodata.__bi_48
                0x100067f8        0xc CMakeFiles/Teste_Voltimetro.dir/C_/Users/rian_/.pico-sdk/sdk/2.1.1/src/rp2_common/pico_standard_binary_info/standard_binary_info.c.obj
 .rodata.__bi_42
                0x10006804        0xc CMakeFiles/Teste_Voltimetro.dir/C_/Users/rian_/.pico-sdk/sdk/2.1.1/src/rp2_common/pico_standard_binary_info/standard_binary_info.c.obj
 .rodata.__bi_34
                0x10006810        0xc CMakeFiles/Teste_Voltimetro.dir/C_/Users/rian_/.pico-sdk/sdk/2.1.1/src/rp2_common/pico_standard_binary_info/standard_binary_info.c.obj
 .rodata.__bi_26
                0x1000681c        0xc CMakeFiles/Teste_Voltimetro.dir/C_/Users/rian_/.pico-sdk/sdk/2.1.1/src/rp2_common/pico_standard_binary_info/standard_binary_info.c.obj
 .rodata._ftoa.str1.4
                0x10006828       0x15 CMakeFiles/Teste_Voltimetro.dir/C_/Users/rian_/.pico-sdk/sdk/2.1.1/src/rp2_common/pico_printf/printf.c.obj
 .rodata._vsnprintf
                0x10006828      0x19c CMakeFiles/Teste_Voltimetro.dir/C_/Users/rian_/.pico-sdk/sdk/2.1.1/src/rp2_common/pico_printf/printf.c.obj
 *fill*         0x100069c4        0x4 
 .rodata.pow10.0
                0x100069c8       0x50 CMakeFiles/Teste_Voltimetro.dir/C_/Users/rian_/.pico-sdk/sdk/2.1.1/src/rp2_common/pico_printf/printf.c.obj
 .rodata.crlf_str.0
                0x10006a18        0x2 CMakeFiles/Teste_Voltimetro.dir/C_/Users/rian_/.pico-sdk/sdk/2.1.1/src/rp2_common/pico_stdio/stdio.c.obj
                0x10006a1c                        . = ALIGN (0x4)
 *fill*         0x10006a1a        0x2 
 *(SORT_BY_ALIGNMENT(SORT_BY_NAME(.flashdata*)))
                0x10006a1c                        . = ALIGN (0x4)

.ARM.extab
 *(.ARM.extab* .gnu.linkonce.armextab.*)
                0x10006a1c                        __exidx_start = .

.ARM.exidx
 *(.ARM.exidx* .gnu.linkonce.armexidx.*)
                0x10006a1c                        __exidx_end = .
                0x10006a1c                        . = ALIGN (0x4)
                0x10006a1c                        __binary_info_start = .

.binary_info    0x10006a1c       0x1c
 *(.binary_info.keep.*)
 .binary_info.keep.__bi_ptr84
                0x10006a1c        0x4 CMakeFiles/Teste_Voltimetro.dir/C_/Users/rian_/.pico-sdk/sdk/2.1.1/src/rp2_common/pico_standard_binary_info/standard_binary_info.c.obj
 .binary_info.keep.__bi_ptr78
                0x10006a20        0x4 CMakeFiles/Teste_Voltimetro.dir/C_/Users/rian_/.pico-sdk/sdk/2.1.1/src/rp2_common/pico_standard_binary_info/standard_binary_info.c.obj
 .binary_info.keep.__bi_ptr54
                0x10006a24        0x4 CMakeFiles/Teste_Voltimetro.dir/C_/Users/rian_/.pico-sdk/sdk/2.1.1/src/rp2_common/pico_standard_binary_info/standard_binary_info.c.obj
 .binary_info.keep.__bi_ptr48
                0x10006a28        0x4 CMakeFiles/Teste_Voltimetro.dir/C_/Users/rian_/.pico-sdk/sdk/2.1.1/src/rp2_common/pico_standard_binary_info/standard_binary_info.c.obj
 .binary_info.keep.__bi_ptr42
                0x10006a2c        0x4 CMakeFiles/Teste_Voltimetro.dir/C_/Users/rian_/.pico-sdk/sdk/2.1.1/src/rp2_common/pico_standard_binary_info/standard_binary_info.c.obj
 .binary_info.keep.__bi_ptr34
                0x10006a30        0x4 CMakeFiles/Teste_Voltimetro.dir/C_/Users/rian_/.pico-sdk/sdk/2.1.1/src/rp2_common/pico_standard_binary_info/standard_binary_info.c.obj
 .binary_info.keep.__bi_ptr26
                0x10006a34        0x4 CMakeFiles/Teste_Voltimetro.dir/C_/Users/rian_/.pico-sdk/sdk/2.1.1/src/rp2_common/pico_standard_binary_info/standard_binary_info.c.obj
 *(.binary_info.*)
                0x10006a38                        __binary_info_end = .

.rel.dyn        0x10006a38        0x0
 .rel.iplt      0x10006a38        0x0 C:/Users/rian_/.pico-sdk/toolchain/14_2_Rel1/bin/../lib/gcc/arm-none-eabi/14.2.1/thumb/v6-m/nofp/crtbegin.o
                0x10006a38                        . = ALIGN (0x4)

.ram_vector_table
                0x20000000       0xc0
 *(.ram_vector_table)
 .ram_vector_table
                0x20000000       0xc0 CMakeFiles/Teste_Voltimetro.dir/C_/Users/rian_/.pico-sdk/sdk/2.1.1/src/rp2_common/pico_runtime_init/runtime_init.c.obj
                0x20000000                ram_vector_table

.uninitialized_data
                0x200000c0        0x0
                0x200000c0                        . = ALIGN (0x4)
 *(.uninitialized_data*)

.data           0x200000c0      0x8e0 load address 0x10006a38
                0x200000c0                        __data_start__ = .
 *(vtable)
 *(.time_critical*)
 .time_critical.mutex_try_enter_block_until
                0x200000c0       0x98 CMakeFiles/Teste_Voltimetro.dir/C_/Users/rian_/.pico-sdk/sdk/2.1.1/src/common/pico_sync/mutex.c.obj
                0x200000c0                mutex_try_enter_block_until
 .time_critical.mutex_exit
                0x20000158       0x28 CMakeFiles/Teste_Voltimetro.dir/C_/Users/rian_/.pico-sdk/sdk/2.1.1/src/common/pico_sync/mutex.c.obj
                0x20000158                mutex_exit
 .time_critical.flash_init_boot2_copyout
                0x20000180       0x30 CMakeFiles/Teste_Voltimetro.dir/C_/Users/rian_/.pico-sdk/sdk/2.1.1/src/rp2_common/hardware_flash/flash.c.obj
 .time_critical.flash_enable_xip_via_boot2
                0x200001b0        0xc CMakeFiles/Teste_Voltimetro.dir/C_/Users/rian_/.pico-sdk/sdk/2.1.1/src/rp2_common/hardware_flash/flash.c.obj
 .time_critical.flash_cs_force
                0x200001bc       0x38 CMakeFiles/Teste_Voltimetro.dir/C_/Users/rian_/.pico-sdk/sdk/2.1.1/src/rp2_common/hardware_flash/flash.c.obj
 .time_critical.flash_do_cmd
                0x200001f4      0x130 CMakeFiles/Teste_Voltimetro.dir/C_/Users/rian_/.pico-sdk/sdk/2.1.1/src/rp2_common/hardware_flash/flash.c.obj
                0x200001f4                flash_do_cmd
 *(.text*)
 .text          0x20000324        0x4 C:/Users/rian_/.pico-sdk/toolchain/14_2_Rel1/bin/../lib/gcc/arm-none-eabi/14.2.1/thumb/v6-m/nofp\libgcc.a(_dvmd_tls.o)
                0x20000324                __aeabi_idiv0
                0x20000324                __aeabi_ldiv0
 .text.__stub   0x20000328       0x10 linker stubs
                0x20000338                        . = ALIGN (0x4)
 *(.rodata*)
                0x20000338                        . = ALIGN (0x4)
 *(.data*)
 .data.e24_count
                0x20000338        0x4 CMakeFiles/Teste_Voltimetro.dir/Ohmimetro01.c.obj
                0x20000338                e24_count
 .data.e24_values
                0x2000033c       0x60 CMakeFiles/Teste_Voltimetro.dir/Ohmimetro01.c.obj
                0x2000033c                e24_values
 .data.ADC_RESOLUTION
                0x2000039c        0x4 CMakeFiles/Teste_Voltimetro.dir/Ohmimetro01.c.obj
                0x2000039c                ADC_RESOLUTION
 .data.R_conhecido
                0x200003a0        0x4 CMakeFiles/Teste_Voltimetro.dir/Ohmimetro01.c.obj
                0x200003a0                R_conhecido
 .data.striped_spin_lock_num
                0x200003a4        0x1 CMakeFiles/Teste_Voltimetro.dir/C_/Users/rian_/.pico-sdk/sdk/2.1.1/src/rp2_common/hardware_sync/sync.c.obj
 *fill*         0x200003a5        0x3 
 .data          0x200003a8       0x48 CMakeFiles/Teste_Voltimetro.dir/C_/Users/rian_/.pico-sdk/sdk/2.1.1/src/rp2_common/hardware_irq/irq_handler_chain.S.obj
                0x200003a8                irq_handler_chain_slots
                0x200003d8                irq_handler_chain_first_slot
                0x200003e2                irq_handler_chain_remove_tail
 .data.default_alarm_pool
                0x200003f0       0x18 CMakeFiles/Teste_Voltimetro.dir/C_/Users/rian_/.pico-sdk/sdk/2.1.1/src/common/pico_time/time.c.obj
 *fill*         0x20000408        0x8 
 .data.aeabi_bits_funcs
                0x20000410       0x10 CMakeFiles/Teste_Voltimetro.dir/C_/Users/rian_/.pico-sdk/sdk/2.1.1/src/rp2_common/pico_bit_ops/bit_ops_aeabi.S.obj
                0x20000410                aeabi_bits_funcs
                0x20000420                aeabi_bits_funcs_end
 .data.aeabi_mem_funcs
                0x20000420       0x10 CMakeFiles/Teste_Voltimetro.dir/C_/Users/rian_/.pico-sdk/sdk/2.1.1/src/rp2_common/pico_mem_ops/mem_ops_aeabi.S.obj
                0x20000420                aeabi_mem_funcs
                0x20000430                aeabi_mem_funcs_end
 .data.i2c1_inst
                0x20000430        0x8 CMakeFiles/Teste_Voltimetro.dir/C_/Users/rian_/.pico-sdk/sdk/2.1.1/src/rp2_common/hardware_i2c/i2c.c.obj
                0x20000430                i2c1_inst
 .data.i2c0_inst
                0x20000438        0x8 CMakeFiles/Teste_Voltimetro.dir/C_/Users/rian_/.pico-sdk/sdk/2.1.1/src/rp2_common/hardware_i2c/i2c.c.obj
                0x20000438                i2c0_inst
 .data.__malloc_sbrk_base
                0x20000440        0x4 C:/Users/rian_/.pico-sdk/toolchain/14_2_Rel1/bin/../lib/gcc/arm-none-eabi/14.2.1/thumb/v6-m/nofp\libg.a(libc_a-mallocr.o)
                0x20000440                __malloc_sbrk_base
 .data.__malloc_trim_threshold
                0x20000444        0x4 C:/Users/rian_/.pico-sdk/toolchain/14_2_Rel1/bin/../lib/gcc/arm-none-eabi/14.2.1/thumb/v6-m/nofp\libg.a(libc_a-mallocr.o)
                0x20000444                __malloc_trim_threshold
 .data.__malloc_av_
                0x20000448      0x408 C:/Users/rian_/.pico-sdk/toolchain/14_2_Rel1/bin/../lib/gcc/arm-none-eabi/14.2.1/thumb/v6-m/nofp\libg.a(libc_a-mallocr.o)
                0x20000448                __malloc_av_
 .data._impure_ptr
                0x20000850        0x4 C:/Users/rian_/.pico-sdk/toolchain/14_2_Rel1/bin/../lib/gcc/arm-none-eabi/14.2.1/thumb/v6-m/nofp\libg.a(libc_a-impure.o)
                0x20000850                _impure_ptr
 *fill*         0x20000854        0x4 
 .data._impure_data
                0x20000858      0x140 C:/Users/rian_/.pico-sdk/toolchain/14_2_Rel1/bin/../lib/gcc/arm-none-eabi/14.2.1/thumb/v6-m/nofp\libg.a(libc_a-impure.o)
                0x20000858                _impure_data
                0x20000998                        . = ALIGN (0x4)
 *(.after_data.*)
                0x20000998                        . = ALIGN (0x4)
                0x20000998                        PROVIDE (__mutex_array_start = .)
 *(SORT_BY_NAME(.mutex_array.*))
 *(.mutex_array)
 .mutex_array   0x20000998        0x8 CMakeFiles/Teste_Voltimetro.dir/C_/Users/rian_/.pico-sdk/sdk/2.1.1/src/rp2_common/pico_stdio/stdio.c.obj
                0x200009a0                        PROVIDE (__mutex_array_end = .)
                0x200009a0                        . = ALIGN (0x4)
 *(.jcr)
                0x200009a0                        . = ALIGN (0x4)

.tm_clone_table
                0x200009a0        0x0 load address 0x10007318
 .tm_clone_table
                0x200009a0        0x0 C:/Users/rian_/.pico-sdk/toolchain/14_2_Rel1/bin/../lib/gcc/arm-none-eabi/14.2.1/thumb/v6-m/nofp/crtbegin.o
 .tm_clone_table
                0x200009a0        0x0 C:/Users/rian_/.pico-sdk/toolchain/14_2_Rel1/bin/../lib/gcc/arm-none-eabi/14.2.1/thumb/v6-m/nofp/crtend.o

.igot.plt       0x200009a0        0x0 load address 0x10007318
 .igot.plt      0x200009a0        0x0 C:/Users/rian_/.pico-sdk/toolchain/14_2_Rel1/bin/../lib/gcc/arm-none-eabi/14.2.1/thumb/v6-m/nofp/crtbegin.o

.tdata          0x200009a0        0x0 load address 0x10007318
                0x200009a0                        . = ALIGN (0x4)
 *(.tdata .tdata.* .gnu.linkonce.td.*)
                0x200009a0                        __tdata_end = .
                0x200009a0                        PROVIDE (__data_end__ = .)
                0x10006a38                        __etext = LOADADDR (.data)

.tbss           0x200009a0        0x0 load address 0x10007318
                0x200009a0                        . = ALIGN (0x4)
                0x200009a0                        __bss_start__ = .
                0x200009a0                        __tls_base = .
 *(.tbss .tbss.* .gnu.linkonce.tb.*)
 *(.tcommon)
                0x200009a0                        __tls_end = .

.bss            0x200009a0      0x680 load address 0x10007318
                0x200009a0                        . = ALIGN (0x4)
                0x200009a0                        __tbss_end = .
 *(SORT_BY_ALIGNMENT(SORT_BY_NAME(.bss*)))
 .bss.default_alarm_pool_entries
                0x200009a0      0x180 CMakeFiles/Teste_Voltimetro.dir/C_/Users/rian_/.pico-sdk/sdk/2.1.1/src/common/pico_time/time.c.obj
 .bss.sd_table  0x20000b20      0x100 CMakeFiles/Teste_Voltimetro.dir/C_/Users/rian_/.pico-sdk/sdk/2.1.1/src/rp2_common/pico_double/double_init_rom_rp2040.c.obj
                0x20000b20                sd_table
 .bss.R_x       0x20000c20        0x4 CMakeFiles/Teste_Voltimetro.dir/Ohmimetro01.c.obj
                0x20000c20                R_x
 .bss.__lock___malloc_recursive_mutex
                0x20000c24        0x1 C:/Users/rian_/.pico-sdk/toolchain/14_2_Rel1/bin/../lib/gcc/arm-none-eabi/14.2.1/thumb/v6-m/nofp\libg.a(libc_a-lock.o)
                0x20000c24                __lock___malloc_recursive_mutex
 *fill*         0x20000c25        0x3 
 .bss.__malloc_current_mallinfo
                0x20000c28       0x28 C:/Users/rian_/.pico-sdk/toolchain/14_2_Rel1/bin/../lib/gcc/arm-none-eabi/14.2.1/thumb/v6-m/nofp\libg.a(libc_a-mallocr.o)
                0x20000c28                __malloc_current_mallinfo
 .bss.__malloc_max_sbrked_mem
                0x20000c50        0x4 C:/Users/rian_/.pico-sdk/toolchain/14_2_Rel1/bin/../lib/gcc/arm-none-eabi/14.2.1/thumb/v6-m/nofp\libg.a(libc_a-mallocr.o)
                0x20000c50                __malloc_max_sbrked_mem
 .bss.__malloc_max_total_mem
                0x20000c54        0x4 C:/Users/rian_/.pico-sdk/toolchain/14_2_Rel1/bin/../lib/gcc/arm-none-eabi/14.2.1/thumb/v6-m/nofp\libg.a(libc_a-mallocr.o)
                0x20000c54                __malloc_max_total_mem
 .bss.__malloc_top_pad
                0x20000c58        0x4 C:/Users/rian_/.pico-sdk/toolchain/14_2_Rel1/bin/../lib/gcc/arm-none-eabi/14.2.1/thumb/v6-m/nofp\libg.a(libc_a-mallocr.o)
                0x20000c58                __malloc_top_pad
 .bss.__sf      0x20000c5c      0x138 C:/Users/rian_/.pico-sdk/toolchain/14_2_Rel1/bin/../lib/gcc/arm-none-eabi/14.2.1/thumb/v6-m/nofp\libg.a(libc_a-findfp.o)
                0x20000c5c                __sf
 .bss.boot2_copyout
                0x20000d94      0x100 CMakeFiles/Teste_Voltimetro.dir/C_/Users/rian_/.pico-sdk/sdk/2.1.1/src/rp2_common/hardware_flash/flash.c.obj
 .bss.callbacks
                0x20000e94        0x8 CMakeFiles/Teste_Voltimetro.dir/C_/Users/rian_/.pico-sdk/sdk/2.1.1/src/rp2_common/hardware_gpio/gpio.c.obj
 .bss.claimed   0x20000e9c        0x1 CMakeFiles/Teste_Voltimetro.dir/C_/Users/rian_/.pico-sdk/sdk/2.1.1/src/rp2_common/hardware_timer/timer.c.obj
 *fill*         0x20000e9d        0x3 
 .bss.configured_freq
                0x20000ea0       0x28 CMakeFiles/Teste_Voltimetro.dir/C_/Users/rian_/.pico-sdk/sdk/2.1.1/src/rp2_common/hardware_clocks/clocks.c.obj
 .bss.drivers   0x20000ec8        0x4 CMakeFiles/Teste_Voltimetro.dir/C_/Users/rian_/.pico-sdk/sdk/2.1.1/src/rp2_common/pico_stdio/stdio.c.obj
 .bss.errno     0x20000ecc        0x4 C:/Users/rian_/.pico-sdk/toolchain/14_2_Rel1/bin/../lib/gcc/arm-none-eabi/14.2.1/thumb/v6-m/nofp\libg.a(libc_a-reent.o)
                0x20000ecc                errno
 .bss.filter    0x20000ed0        0x4 CMakeFiles/Teste_Voltimetro.dir/C_/Users/rian_/.pico-sdk/sdk/2.1.1/src/rp2_common/pico_stdio/stdio.c.obj
 .bss.heap_end.0
                0x20000ed4        0x4 CMakeFiles/Teste_Voltimetro.dir/C_/Users/rian_/.pico-sdk/sdk/2.1.1/src/rp2_common/pico_clib_interface/newlib_interface.c.obj
 .bss.lazy_vsnprintf
                0x20000ed8        0x4 CMakeFiles/Teste_Voltimetro.dir/C_/Users/rian_/.pico-sdk/sdk/2.1.1/src/rp2_common/pico_printf/printf.c.obj
 .bss.object.0  0x20000edc       0x18 C:/Users/rian_/.pico-sdk/toolchain/14_2_Rel1/bin/../lib/gcc/arm-none-eabi/14.2.1/thumb/v6-m/nofp/crtbegin.o
 .bss.pools     0x20000ef4       0x10 CMakeFiles/Teste_Voltimetro.dir/C_/Users/rian_/.pico-sdk/sdk/2.1.1/src/common/pico_time/time.c.obj
 .bss.raw_irq_mask
                0x20000f04        0x8 CMakeFiles/Teste_Voltimetro.dir/C_/Users/rian_/.pico-sdk/sdk/2.1.1/src/rp2_common/hardware_gpio/gpio.c.obj
 .bss.retrieved_id
                0x20000f0c        0x8 CMakeFiles/Teste_Voltimetro.dir/C_/Users/rian_/.pico-sdk/sdk/2.1.1/src/rp2_common/pico_unique_id/unique_id.c.obj
 .bss.sf_clz_func
                0x20000f14        0x4 CMakeFiles/Teste_Voltimetro.dir/C_/Users/rian_/.pico-sdk/sdk/2.1.1/src/rp2_common/pico_double/double_init_rom_rp2040.c.obj
                0x20000f14                sf_clz_func
 .bss.sf_table  0x20000f18      0x100 CMakeFiles/Teste_Voltimetro.dir/C_/Users/rian_/.pico-sdk/sdk/2.1.1/src/rp2_common/pico_float/float_init_rom_rp2040.c.obj
                0x20000f18                sf_table
 .bss.sleep_notifier
                0x20001018        0x4 CMakeFiles/Teste_Voltimetro.dir/C_/Users/rian_/.pico-sdk/sdk/2.1.1/src/common/pico_time/time.c.obj
 .bss.boot2_copyout_valid
                0x2000101c        0x1 CMakeFiles/Teste_Voltimetro.dir/C_/Users/rian_/.pico-sdk/sdk/2.1.1/src/rp2_common/hardware_flash/flash.c.obj
 .bss.irq_handler_chain_free_slot_head
                0x2000101d        0x1 CMakeFiles/Teste_Voltimetro.dir/C_/Users/rian_/.pico-sdk/sdk/2.1.1/src/rp2_common/hardware_irq/irq.c.obj
 *(COMMON)
                0x20001020                        . = ALIGN (0x4)
 *fill*         0x2000101e        0x2 
                0x20001020                        __bss_end__ = .

.heap           0x20001020      0x800 load address 0x10007318
                0x20001020                        __end__ = .
                0x20001020                        end = __end__
 *(.heap*)
 .heap          0x20001020      0x800 CMakeFiles/Teste_Voltimetro.dir/C_/Users/rian_/.pico-sdk/sdk/2.1.1/src/rp2_common/pico_crt0/crt0.S.obj
                0x20040000                        __HeapLimit = (ORIGIN (RAM) + LENGTH (RAM))

.scratch_x      0x20040000        0x0 load address 0x10007318
                0x20040000                        __scratch_x_start__ = .
 *(.scratch_x.*)
                0x20040000                        . = ALIGN (0x4)
                0x20040000                        __scratch_x_end__ = .
                0x10007318                        __scratch_x_source__ = LOADADDR (.scratch_x)

.scratch_y      0x20041000        0x0 load address 0x10007318
                0x20041000                        __scratch_y_start__ = .
 *(.scratch_y.*)
                0x20041000                        . = ALIGN (0x4)
                0x20041000                        __scratch_y_end__ = .
                0x10007318                        __scratch_y_source__ = LOADADDR (.scratch_y)

.stack1_dummy
 *(.stack1*)

.stack_dummy    0x20041000      0x800
 *(.stack*)
 .stack         0x20041000      0x800 CMakeFiles/Teste_Voltimetro.dir/C_/Users/rian_/.pico-sdk/sdk/2.1.1/src/rp2_common/pico_crt0/crt0.S.obj

.flash_end      0x10007318        0x0
 *(.embedded_end_block*)
                0x10007318                        PROVIDE (__flash_binary_end = .)
                0x20040000                        __StackLimit = (ORIGIN (RAM) + LENGTH (RAM))
                0x20041000                        __StackOneTop = (ORIGIN (SCRATCH_X) + LENGTH (SCRATCH_X))
                0x20042000                        __StackTop = (ORIGIN (SCRATCH_Y) + LENGTH (SCRATCH_Y))
                0x20041000                        __StackOneBottom = (__StackOneTop - SIZEOF (.stack1_dummy))
                0x20041800                        __StackBottom = (__StackTop - SIZEOF (.stack_dummy))
                0x20042000                        PROVIDE (__stack = __StackTop)
                [!provide]                        PROVIDE (__heap_start = __end__)
                [!provide]                        PROVIDE (__heap_end = __HeapLimit)
                [!provide]                        PROVIDE (__tls_align = MAX (ALIGNOF (.tdata), ALIGNOF (.tbss)))
                [!provide]                        PROVIDE (__tls_size_align = (((__tls_size + __tls_align) - 0x1) & ~ ((__tls_align - 0x1))))
                [!provide]                        PROVIDE (__arm32_tls_tcb_offset = MAX (0x8, __tls_align))
                [!provide]                        PROVIDE (_end = __end__)
                [!provide]                        PROVIDE (__llvm_libc_heap_limit = __HeapLimit)
                0x00000001                        ASSERT ((__StackLimit >= __HeapLimit), region RAM overflowed)
                0x00000001                        ASSERT (((__binary_info_header_end - __logical_binary_start) <= 0x100), Binary info must be in first 256 bytes of the binary)
LOAD CMakeFiles/Teste_Voltimetro.dir/Ohmimetro01.c.obj
LOAD CMakeFiles/Teste_Voltimetro.dir/lib/ssd1306.c.obj
LOAD CMakeFiles/Teste_Voltimetro.dir/C_/Users/rian_/.pico-sdk/sdk/2.1.1/src/rp2_common/pico_stdlib/stdlib.c.obj
LOAD CMakeFiles/Teste_Voltimetro.dir/C_/Users/rian_/.pico-sdk/sdk/2.1.1/src/rp2_common/hardware_gpio/gpio.c.obj
LOAD CMakeFiles/Teste_Voltimetro.dir/C_/Users/rian_/.pico-sdk/sdk/2.1.1/src/rp2040/pico_platform/platform.c.obj
LOAD CMakeFiles/Teste_Voltimetro.dir/C_/Users/rian_/.pico-sdk/sdk/2.1.1/src/rp2_common/pico_platform_panic/panic.c.obj
LOAD CMakeFiles/Teste_Voltimetro.dir/C_/Users/rian_/.pico-sdk/sdk/2.1.1/src/common/hardware_claim/claim.c.obj
LOAD CMakeFiles/Teste_Voltimetro.dir/C_/Users/rian_/.pico-sdk/sdk/2.1.1/src/rp2_common/hardware_sync/sync.c.obj
LOAD CMakeFiles/Teste_Voltimetro.dir/C_/Users/rian_/.pico-sdk/sdk/2.1.1/src/rp2_common/hardware_sync_spin_lock/sync_spin_lock.c.obj
LOAD CMakeFiles/Teste_Voltimetro.dir/C_/Users/rian_/.pico-sdk/sdk/2.1.1/src/rp2_common/hardware_irq/irq.c.obj
LOAD CMakeFiles/Teste_Voltimetro.dir/C_/Users/rian_/.pico-sdk/sdk/2.1.1/src/rp2_common/hardware_irq/irq_handler_chain.S.obj
LOAD CMakeFiles/Teste_Voltimetro.dir/C_/Users/rian_/.pico-sdk/sdk/2.1.1/src/common/pico_sync/sem.c.obj
LOAD CMakeFiles/Teste_Voltimetro.dir/C_/Users/rian_/.pico-sdk/sdk/2.1.1/src/common/pico_sync/lock_core.c.obj
LOAD CMakeFiles/Teste_Voltimetro.dir/C_/Users/rian_/.pico-sdk/sdk/2.1.1/src/common/pico_sync/mutex.c.obj
LOAD CMakeFiles/Teste_Voltimetro.dir/C_/Users/rian_/.pico-sdk/sdk/2.1.1/src/common/pico_sync/critical_section.c.obj
LOAD CMakeFiles/Teste_Voltimetro.dir/C_/Users/rian_/.pico-sdk/sdk/2.1.1/src/common/pico_time/time.c.obj
LOAD CMakeFiles/Teste_Voltimetro.dir/C_/Users/rian_/.pico-sdk/sdk/2.1.1/src/common/pico_time/timeout_helper.c.obj
LOAD CMakeFiles/Teste_Voltimetro.dir/C_/Users/rian_/.pico-sdk/sdk/2.1.1/src/rp2_common/hardware_timer/timer.c.obj
LOAD CMakeFiles/Teste_Voltimetro.dir/C_/Users/rian_/.pico-sdk/sdk/2.1.1/src/common/pico_util/datetime.c.obj
LOAD CMakeFiles/Teste_Voltimetro.dir/C_/Users/rian_/.pico-sdk/sdk/2.1.1/src/common/pico_util/pheap.c.obj
LOAD CMakeFiles/Teste_Voltimetro.dir/C_/Users/rian_/.pico-sdk/sdk/2.1.1/src/common/pico_util/queue.c.obj
LOAD CMakeFiles/Teste_Voltimetro.dir/C_/Users/rian_/.pico-sdk/sdk/2.1.1/src/rp2_common/hardware_uart/uart.c.obj
LOAD CMakeFiles/Teste_Voltimetro.dir/C_/Users/rian_/.pico-sdk/sdk/2.1.1/src/rp2_common/hardware_clocks/clocks.c.obj
LOAD CMakeFiles/Teste_Voltimetro.dir/C_/Users/rian_/.pico-sdk/sdk/2.1.1/src/rp2_common/hardware_pll/pll.c.obj
LOAD CMakeFiles/Teste_Voltimetro.dir/C_/Users/rian_/.pico-sdk/sdk/2.1.1/src/rp2_common/hardware_vreg/vreg.c.obj
LOAD CMakeFiles/Teste_Voltimetro.dir/C_/Users/rian_/.pico-sdk/sdk/2.1.1/src/rp2_common/hardware_watchdog/watchdog.c.obj
LOAD CMakeFiles/Teste_Voltimetro.dir/C_/Users/rian_/.pico-sdk/sdk/2.1.1/src/rp2_common/hardware_ticks/ticks.c.obj
LOAD CMakeFiles/Teste_Voltimetro.dir/C_/Users/rian_/.pico-sdk/sdk/2.1.1/src/rp2_common/pico_bootrom/bootrom.c.obj
LOAD CMakeFiles/Teste_Voltimetro.dir/C_/Users/rian_/.pico-sdk/sdk/2.1.1/src/rp2_common/pico_bootrom/bootrom_lock.c.obj
LOAD CMakeFiles/Teste_Voltimetro.dir/C_/Users/rian_/.pico-sdk/sdk/2.1.1/src/rp2_common/hardware_boot_lock/boot_lock.c.obj
LOAD CMakeFiles/Teste_Voltimetro.dir/C_/Users/rian_/.pico-sdk/sdk/2.1.1/src/rp2_common/pico_flash/flash.c.obj
LOAD CMakeFiles/Teste_Voltimetro.dir/C_/Users/rian_/.pico-sdk/sdk/2.1.1/src/rp2_common/hardware_xosc/xosc.c.obj
LOAD CMakeFiles/Teste_Voltimetro.dir/C_/Users/rian_/.pico-sdk/sdk/2.1.1/src/rp2_common/hardware_divider/divider.S.obj
LOAD CMakeFiles/Teste_Voltimetro.dir/C_/Users/rian_/.pico-sdk/sdk/2.1.1/src/rp2_common/pico_runtime/runtime.c.obj
LOAD CMakeFiles/Teste_Voltimetro.dir/C_/Users/rian_/.pico-sdk/sdk/2.1.1/src/rp2_common/pico_runtime_init/runtime_init.c.obj
LOAD CMakeFiles/Teste_Voltimetro.dir/C_/Users/rian_/.pico-sdk/sdk/2.1.1/src/rp2_common/pico_runtime_init/runtime_init_clocks.c.obj
LOAD CMakeFiles/Teste_Voltimetro.dir/C_/Users/rian_/.pico-sdk/sdk/2.1.1/src/rp2_common/pico_runtime_init/runtime_init_stack_guard.c.obj
LOAD CMakeFiles/Teste_Voltimetro.dir/C_/Users/rian_/.pico-sdk/sdk/2.1.1/src/rp2_common/pico_bit_ops/bit_ops_aeabi.S.obj
LOAD CMakeFiles/Teste_Voltimetro.dir/C_/Users/rian_/.pico-sdk/sdk/2.1.1/src/rp2_common/pico_divider/divider_hardware.S.obj
LOAD CMakeFiles/Teste_Voltimetro.dir/C_/Users/rian_/.pico-sdk/sdk/2.1.1/src/rp2_common/pico_double/double_aeabi_rp2040.S.obj
LOAD CMakeFiles/Teste_Voltimetro.dir/C_/Users/rian_/.pico-sdk/sdk/2.1.1/src/rp2_common/pico_double/double_init_rom_rp2040.c.obj
LOAD CMakeFiles/Teste_Voltimetro.dir/C_/Users/rian_/.pico-sdk/sdk/2.1.1/src/rp2_common/pico_double/double_math.c.obj
LOAD CMakeFiles/Teste_Voltimetro.dir/C_/Users/rian_/.pico-sdk/sdk/2.1.1/src/rp2_common/pico_double/double_v1_rom_shim_rp2040.S.obj
LOAD CMakeFiles/Teste_Voltimetro.dir/C_/Users/rian_/.pico-sdk/sdk/2.1.1/src/rp2_common/pico_int64_ops/pico_int64_ops_aeabi.S.obj
LOAD CMakeFiles/Teste_Voltimetro.dir/C_/Users/rian_/.pico-sdk/sdk/2.1.1/src/rp2_common/pico_float/float_aeabi_rp2040.S.obj
LOAD CMakeFiles/Teste_Voltimetro.dir/C_/Users/rian_/.pico-sdk/sdk/2.1.1/src/rp2_common/pico_float/float_init_rom_rp2040.c.obj
LOAD CMakeFiles/Teste_Voltimetro.dir/C_/Users/rian_/.pico-sdk/sdk/2.1.1/src/rp2_common/pico_float/float_math.c.obj
LOAD CMakeFiles/Teste_Voltimetro.dir/C_/Users/rian_/.pico-sdk/sdk/2.1.1/src/rp2_common/pico_float/float_v1_rom_shim_rp2040.S.obj
LOAD CMakeFiles/Teste_Voltimetro.dir/C_/Users/rian_/.pico-sdk/sdk/2.1.1/src/rp2_common/pico_malloc/malloc.c.obj
LOAD CMakeFiles/Teste_Voltimetro.dir/C_/Users/rian_/.pico-sdk/sdk/2.1.1/src/rp2_common/pico_mem_ops/mem_ops_aeabi.S.obj
LOAD CMakeFiles/Teste_Voltimetro.dir/C_/Users/rian_/.pico-sdk/sdk/2.1.1/src/rp2_common/pico_atomic/atomic.c.obj
LOAD CMakeFiles/Teste_Voltimetro.dir/C_/Users/rian_/.pico-sdk/sdk/2.1.1/src/rp2_common/pico_cxx_options/new_delete.cpp.obj
LOAD CMakeFiles/Teste_Voltimetro.dir/C_/Users/rian_/.pico-sdk/sdk/2.1.1/src/rp2_common/pico_standard_binary_info/standard_binary_info.c.obj
LOAD CMakeFiles/Teste_Voltimetro.dir/C_/Users/rian_/.pico-sdk/sdk/2.1.1/src/rp2_common/pico_printf/printf.c.obj
LOAD CMakeFiles/Teste_Voltimetro.dir/C_/Users/rian_/.pico-sdk/sdk/2.1.1/src/rp2_common/pico_crt0/crt0.S.obj
LOAD CMakeFiles/Teste_Voltimetro.dir/C_/Users/rian_/.pico-sdk/sdk/2.1.1/src/rp2_common/pico_clib_interface/newlib_interface.c.obj
LOAD CMakeFiles/Teste_Voltimetro.dir/C_/Users/rian_/.pico-sdk/sdk/2.1.1/src/rp2_common/pico_stdio/stdio.c.obj
LOAD CMakeFiles/Teste_Voltimetro.dir/C_/Users/rian_/.pico-sdk/sdk/2.1.1/src/rp2_common/pico_stdio_uart/stdio_uart.c.obj
LOAD CMakeFiles/Teste_Voltimetro.dir/C_/Users/rian_/.pico-sdk/sdk/2.1.1/src/rp2_common/pico_stdio_usb/reset_interface.c.obj
LOAD CMakeFiles/Teste_Voltimetro.dir/C_/Users/rian_/.pico-sdk/sdk/2.1.1/src/rp2_common/pico_stdio_usb/stdio_usb.c.obj
LOAD CMakeFiles/Teste_Voltimetro.dir/C_/Users/rian_/.pico-sdk/sdk/2.1.1/src/rp2_common/pico_stdio_usb/stdio_usb_descriptors.c.obj
LOAD CMakeFiles/Teste_Voltimetro.dir/C_/Users/rian_/.pico-sdk/sdk/2.1.1/src/rp2_common/pico_unique_id/unique_id.c.obj
LOAD CMakeFiles/Teste_Voltimetro.dir/C_/Users/rian_/.pico-sdk/sdk/2.1.1/src/rp2_common/hardware_flash/flash.c.obj
LOAD CMakeFiles/Teste_Voltimetro.dir/C_/Users/rian_/.pico-sdk/sdk/2.1.1/src/rp2_common/hardware_xip_cache/xip_cache.c.obj
LOAD CMakeFiles/Teste_Voltimetro.dir/C_/Users/rian_/.pico-sdk/sdk/2.1.1/lib/tinyusb/src/portable/raspberrypi/rp2040/dcd_rp2040.c.obj
LOAD CMakeFiles/Teste_Voltimetro.dir/C_/Users/rian_/.pico-sdk/sdk/2.1.1/lib/tinyusb/src/portable/raspberrypi/rp2040/rp2040_usb.c.obj
LOAD CMakeFiles/Teste_Voltimetro.dir/C_/Users/rian_/.pico-sdk/sdk/2.1.1/lib/tinyusb/src/device/usbd.c.obj
LOAD CMakeFiles/Teste_Voltimetro.dir/C_/Users/rian_/.pico-sdk/sdk/2.1.1/lib/tinyusb/src/device/usbd_control.c.obj
LOAD CMakeFiles/Teste_Voltimetro.dir/C_/Users/rian_/.pico-sdk/sdk/2.1.1/lib/tinyusb/src/class/audio/audio_device.c.obj
LOAD CMakeFiles/Teste_Voltimetro.dir/C_/Users/rian_/.pico-sdk/sdk/2.1.1/lib/tinyusb/src/class/cdc/cdc_device.c.obj
LOAD CMakeFiles/Teste_Voltimetro.dir/C_/Users/rian_/.pico-sdk/sdk/2.1.1/lib/tinyusb/src/class/dfu/dfu_device.c.obj
LOAD CMakeFiles/Teste_Voltimetro.dir/C_/Users/rian_/.pico-sdk/sdk/2.1.1/lib/tinyusb/src/class/dfu/dfu_rt_device.c.obj
LOAD CMakeFiles/Teste_Voltimetro.dir/C_/Users/rian_/.pico-sdk/sdk/2.1.1/lib/tinyusb/src/class/hid/hid_device.c.obj
LOAD CMakeFiles/Teste_Voltimetro.dir/C_/Users/rian_/.pico-sdk/sdk/2.1.1/lib/tinyusb/src/class/midi/midi_device.c.obj
LOAD CMakeFiles/Teste_Voltimetro.dir/C_/Users/rian_/.pico-sdk/sdk/2.1.1/lib/tinyusb/src/class/msc/msc_device.c.obj
LOAD CMakeFiles/Teste_Voltimetro.dir/C_/Users/rian_/.pico-sdk/sdk/2.1.1/lib/tinyusb/src/class/net/ecm_rndis_device.c.obj
LOAD CMakeFiles/Teste_Voltimetro.dir/C_/Users/rian_/.pico-sdk/sdk/2.1.1/lib/tinyusb/src/class/net/ncm_device.c.obj
LOAD CMakeFiles/Teste_Voltimetro.dir/C_/Users/rian_/.pico-sdk/sdk/2.1.1/lib/tinyusb/src/class/usbtmc/usbtmc_device.c.obj
LOAD CMakeFiles/Teste_Voltimetro.dir/C_/Users/rian_/.pico-sdk/sdk/2.1.1/lib/tinyusb/src/class/vendor/vendor_device.c.obj
LOAD CMakeFiles/Teste_Voltimetro.dir/C_/Users/rian_/.pico-sdk/sdk/2.1.1/lib/tinyusb/src/class/video/video_device.c.obj
LOAD CMakeFiles/Teste_Voltimetro.dir/C_/Users/rian_/.pico-sdk/sdk/2.1.1/lib/tinyusb/src/tusb.c.obj
LOAD CMakeFiles/Teste_Voltimetro.dir/C_/Users/rian_/.pico-sdk/sdk/2.1.1/lib/tinyusb/src/common/tusb_fifo.c.obj
LOAD CMakeFiles/Teste_Voltimetro.dir/C_/Users/rian_/.pico-sdk/sdk/2.1.1/src/rp2_common/pico_fix/rp2040_usb_device_enumeration/rp2040_usb_device_enumeration.c.obj
LOAD CMakeFiles/Teste_Voltimetro.dir/C_/Users/rian_/.pico-sdk/sdk/2.1.1/src/rp2_common/hardware_i2c/i2c.c.obj
LOAD CMakeFiles/Teste_Voltimetro.dir/C_/Users/rian_/.pico-sdk/sdk/2.1.1/src/rp2_common/hardware_adc/adc.c.obj
LOAD pico-sdk/src/rp2040/boot_stage2/CMakeFiles/bs2_default_library.dir/./bs2_default_padded_checksummed.S.obj
LOAD C:/Users/rian_/.pico-sdk/toolchain/14_2_Rel1/bin/../lib/gcc/arm-none-eabi/14.2.1/thumb/v6-m/nofp\libstdc++.a
LOAD C:/Users/rian_/.pico-sdk/toolchain/14_2_Rel1/bin/../lib/gcc/arm-none-eabi/14.2.1/thumb/v6-m/nofp\libm.a
START GROUP
LOAD C:/Users/rian_/.pico-sdk/toolchain/14_2_Rel1/bin/../lib/gcc/arm-none-eabi/14.2.1/thumb/v6-m/nofp\libgcc.a
LOAD C:/Users/rian_/.pico-sdk/toolchain/14_2_Rel1/bin/../lib/gcc/arm-none-eabi/14.2.1/thumb/v6-m/nofp\libg.a
LOAD C:/Users/rian_/.pico-sdk/toolchain/14_2_Rel1/bin/../lib/gcc/arm-none-eabi/14.2.1/thumb/v6-m/nofp\libc.a
END GROUP
START GROUP
LOAD C:/Users/rian_/.pico-sdk/toolchain/14_2_Rel1/bin/../lib/gcc/arm-none-eabi/14.2.1/thumb/v6-m/nofp\libgcc.a
LOAD C:/Users/rian_/.pico-sdk/toolchain/14_2_Rel1/bin/../lib/gcc/arm-none-eabi/14.2.1/thumb/v6-m/nofp\libc.a
LOAD C:/Users/rian_/.pico-sdk/toolchain/14_2_Rel1/bin/../lib/gcc/arm-none-eabi/14.2.1/thumb/v6-m/nofp\libnosys.a
END GROUP
LOAD C:/Users/rian_/.pico-sdk/toolchain/14_2_Rel1/bin/../lib/gcc/arm-none-eabi/14.2.1/thumb/v6-m/nofp/crtend.o
LOAD C:/Users/rian_/.pico-sdk/toolchain/14_2_Rel1/bin/../lib/gcc/arm-none-eabi/14.2.1/thumb/v6-m/nofp/crtn.o
OUTPUT(Teste_Voltimetro.elf elf32-littlearm)
LOAD linker stubs

.ARM.attributes
                0x00000000       0x28
 .ARM.attributes
                0x00000000       0x1e C:/Users/rian_/.pico-sdk/toolchain/14_2_Rel1/bin/../lib/gcc/arm-none-eabi/14.2.1/thumb/v6-m/nofp/crti.o
 .ARM.attributes
                0x0000001e       0x2c C:/Users/rian_/.pico-sdk/toolchain/14_2_Rel1/bin/../lib/gcc/arm-none-eabi/14.2.1/thumb/v6-m/nofp/crtbegin.o
 .ARM.attributes
                0x0000004a       0x2c CMakeFiles/Teste_Voltimetro.dir/Ohmimetro01.c.obj
 .ARM.attributes
                0x00000076       0x2c CMakeFiles/Teste_Voltimetro.dir/lib/ssd1306.c.obj
 .ARM.attributes
                0x000000a2       0x2c CMakeFiles/Teste_Voltimetro.dir/C_/Users/rian_/.pico-sdk/sdk/2.1.1/src/rp2_common/hardware_gpio/gpio.c.obj
 .ARM.attributes
                0x000000ce       0x2c CMakeFiles/Teste_Voltimetro.dir/C_/Users/rian_/.pico-sdk/sdk/2.1.1/src/rp2_common/pico_platform_panic/panic.c.obj
 .ARM.attributes
                0x000000fa       0x2c CMakeFiles/Teste_Voltimetro.dir/C_/Users/rian_/.pico-sdk/sdk/2.1.1/src/common/hardware_claim/claim.c.obj
 .ARM.attributes
                0x00000126       0x2c CMakeFiles/Teste_Voltimetro.dir/C_/Users/rian_/.pico-sdk/sdk/2.1.1/src/rp2_common/hardware_sync/sync.c.obj
 .ARM.attributes
                0x00000152       0x2c CMakeFiles/Teste_Voltimetro.dir/C_/Users/rian_/.pico-sdk/sdk/2.1.1/src/rp2_common/hardware_sync_spin_lock/sync_spin_lock.c.obj
 .ARM.attributes
                0x0000017e       0x2c CMakeFiles/Teste_Voltimetro.dir/C_/Users/rian_/.pico-sdk/sdk/2.1.1/src/rp2_common/hardware_irq/irq.c.obj
 .ARM.attributes
                0x000001aa       0x22 CMakeFiles/Teste_Voltimetro.dir/C_/Users/rian_/.pico-sdk/sdk/2.1.1/src/rp2_common/hardware_irq/irq_handler_chain.S.obj
 .ARM.attributes
                0x000001cc       0x2c CMakeFiles/Teste_Voltimetro.dir/C_/Users/rian_/.pico-sdk/sdk/2.1.1/src/common/pico_sync/lock_core.c.obj
 .ARM.attributes
                0x000001f8       0x2c CMakeFiles/Teste_Voltimetro.dir/C_/Users/rian_/.pico-sdk/sdk/2.1.1/src/common/pico_sync/mutex.c.obj
 .ARM.attributes
                0x00000224       0x2c CMakeFiles/Teste_Voltimetro.dir/C_/Users/rian_/.pico-sdk/sdk/2.1.1/src/common/pico_time/time.c.obj
 .ARM.attributes
                0x00000250       0x2c CMakeFiles/Teste_Voltimetro.dir/C_/Users/rian_/.pico-sdk/sdk/2.1.1/src/rp2_common/hardware_timer/timer.c.obj
 .ARM.attributes
                0x0000027c       0x2c CMakeFiles/Teste_Voltimetro.dir/C_/Users/rian_/.pico-sdk/sdk/2.1.1/src/rp2_common/hardware_clocks/clocks.c.obj
 .ARM.attributes
                0x000002a8       0x2c CMakeFiles/Teste_Voltimetro.dir/C_/Users/rian_/.pico-sdk/sdk/2.1.1/src/rp2_common/hardware_pll/pll.c.obj
 .ARM.attributes
                0x000002d4       0x2c CMakeFiles/Teste_Voltimetro.dir/C_/Users/rian_/.pico-sdk/sdk/2.1.1/src/rp2_common/hardware_ticks/ticks.c.obj
 .ARM.attributes
                0x00000300       0x2c CMakeFiles/Teste_Voltimetro.dir/C_/Users/rian_/.pico-sdk/sdk/2.1.1/src/rp2_common/pico_bootrom/bootrom.c.obj
 .ARM.attributes
                0x0000032c       0x2c CMakeFiles/Teste_Voltimetro.dir/C_/Users/rian_/.pico-sdk/sdk/2.1.1/src/rp2_common/hardware_xosc/xosc.c.obj
 .ARM.attributes
                0x00000358       0x2c CMakeFiles/Teste_Voltimetro.dir/C_/Users/rian_/.pico-sdk/sdk/2.1.1/src/rp2_common/pico_runtime/runtime.c.obj
 .ARM.attributes
                0x00000384       0x2c CMakeFiles/Teste_Voltimetro.dir/C_/Users/rian_/.pico-sdk/sdk/2.1.1/src/rp2_common/pico_runtime_init/runtime_init.c.obj
 .ARM.attributes
                0x000003b0       0x2c CMakeFiles/Teste_Voltimetro.dir/C_/Users/rian_/.pico-sdk/sdk/2.1.1/src/rp2_common/pico_runtime_init/runtime_init_clocks.c.obj
 .ARM.attributes
                0x000003dc       0x22 CMakeFiles/Teste_Voltimetro.dir/C_/Users/rian_/.pico-sdk/sdk/2.1.1/src/rp2_common/pico_bit_ops/bit_ops_aeabi.S.obj
 .ARM.attributes
                0x000003fe       0x22 CMakeFiles/Teste_Voltimetro.dir/C_/Users/rian_/.pico-sdk/sdk/2.1.1/src/rp2_common/pico_divider/divider_hardware.S.obj
 .ARM.attributes
                0x00000420       0x22 CMakeFiles/Teste_Voltimetro.dir/C_/Users/rian_/.pico-sdk/sdk/2.1.1/src/rp2_common/pico_double/double_aeabi_rp2040.S.obj
 .ARM.attributes
                0x00000442       0x2c CMakeFiles/Teste_Voltimetro.dir/C_/Users/rian_/.pico-sdk/sdk/2.1.1/src/rp2_common/pico_double/double_init_rom_rp2040.c.obj
 .ARM.attributes
                0x0000046e       0x2c CMakeFiles/Teste_Voltimetro.dir/C_/Users/rian_/.pico-sdk/sdk/2.1.1/src/rp2_common/pico_double/double_math.c.obj
 .ARM.attributes
                0x0000049a       0x22 CMakeFiles/Teste_Voltimetro.dir/C_/Users/rian_/.pico-sdk/sdk/2.1.1/src/rp2_common/pico_double/double_v1_rom_shim_rp2040.S.obj
 .ARM.attributes
                0x000004bc       0x22 CMakeFiles/Teste_Voltimetro.dir/C_/Users/rian_/.pico-sdk/sdk/2.1.1/src/rp2_common/pico_int64_ops/pico_int64_ops_aeabi.S.obj
 .ARM.attributes
                0x000004de       0x22 CMakeFiles/Teste_Voltimetro.dir/C_/Users/rian_/.pico-sdk/sdk/2.1.1/src/rp2_common/pico_float/float_aeabi_rp2040.S.obj
 .ARM.attributes
                0x00000500       0x2c CMakeFiles/Teste_Voltimetro.dir/C_/Users/rian_/.pico-sdk/sdk/2.1.1/src/rp2_common/pico_float/float_init_rom_rp2040.c.obj
 .ARM.attributes
                0x0000052c       0x2c CMakeFiles/Teste_Voltimetro.dir/C_/Users/rian_/.pico-sdk/sdk/2.1.1/src/rp2_common/pico_malloc/malloc.c.obj
 .ARM.attributes
                0x00000558       0x22 CMakeFiles/Teste_Voltimetro.dir/C_/Users/rian_/.pico-sdk/sdk/2.1.1/src/rp2_common/pico_mem_ops/mem_ops_aeabi.S.obj
 .ARM.attributes
                0x0000057a       0x2c CMakeFiles/Teste_Voltimetro.dir/C_/Users/rian_/.pico-sdk/sdk/2.1.1/src/rp2_common/pico_standard_binary_info/standard_binary_info.c.obj
 .ARM.attributes
                0x000005a6       0x2c CMakeFiles/Teste_Voltimetro.dir/C_/Users/rian_/.pico-sdk/sdk/2.1.1/src/rp2_common/pico_printf/printf.c.obj
 .ARM.attributes
                0x000005d2       0x22 CMakeFiles/Teste_Voltimetro.dir/C_/Users/rian_/.pico-sdk/sdk/2.1.1/src/rp2_common/pico_crt0/crt0.S.obj
 .ARM.attributes
                0x000005f4       0x2c CMakeFiles/Teste_Voltimetro.dir/C_/Users/rian_/.pico-sdk/sdk/2.1.1/src/rp2_common/pico_clib_interface/newlib_interface.c.obj
 .ARM.attributes
                0x00000620       0x2c CMakeFiles/Teste_Voltimetro.dir/C_/Users/rian_/.pico-sdk/sdk/2.1.1/src/rp2_common/pico_stdio/stdio.c.obj
 .ARM.attributes
                0x0000064c       0x2c CMakeFiles/Teste_Voltimetro.dir/C_/Users/rian_/.pico-sdk/sdk/2.1.1/src/rp2_common/pico_unique_id/unique_id.c.obj
 .ARM.attributes
                0x00000678       0x2c CMakeFiles/Teste_Voltimetro.dir/C_/Users/rian_/.pico-sdk/sdk/2.1.1/src/rp2_common/hardware_flash/flash.c.obj
 .ARM.attributes
                0x000006a4       0x2c CMakeFiles/Teste_Voltimetro.dir/C_/Users/rian_/.pico-sdk/sdk/2.1.1/src/rp2_common/hardware_i2c/i2c.c.obj
 .ARM.attributes
                0x000006d0       0x2c CMakeFiles/Teste_Voltimetro.dir/C_/Users/rian_/.pico-sdk/sdk/2.1.1/src/rp2_common/hardware_adc/adc.c.obj
 .ARM.attributes
                0x000006fc       0x22 pico-sdk/src/rp2040/boot_stage2/CMakeFiles/bs2_default_library.dir/./bs2_default_padded_checksummed.S.obj
 .ARM.attributes
                0x0000071e       0x1e C:/Users/rian_/.pico-sdk/toolchain/14_2_Rel1/bin/../lib/gcc/arm-none-eabi/14.2.1/thumb/v6-m/nofp\libgcc.a(_dvmd_tls.o)
 .ARM.attributes
                0x0000073c       0x2c C:/Users/rian_/.pico-sdk/toolchain/14_2_Rel1/bin/../lib/gcc/arm-none-eabi/14.2.1/thumb/v6-m/nofp\libg.a(libc_a-calloc.o)
 .ARM.attributes
                0x00000768       0x2c C:/Users/rian_/.pico-sdk/toolchain/14_2_Rel1/bin/../lib/gcc/arm-none-eabi/14.2.1/thumb/v6-m/nofp\libg.a(libc_a-callocr.o)
 .ARM.attributes
                0x00000794       0x2c C:/Users/rian_/.pico-sdk/toolchain/14_2_Rel1/bin/../lib/gcc/arm-none-eabi/14.2.1/thumb/v6-m/nofp\libg.a(libc_a-mallocr.o)
 .ARM.attributes
                0x000007c0       0x2c C:/Users/rian_/.pico-sdk/toolchain/14_2_Rel1/bin/../lib/gcc/arm-none-eabi/14.2.1/thumb/v6-m/nofp\libg.a(libc_a-mlock.o)
 .ARM.attributes
                0x000007ec       0x2c C:/Users/rian_/.pico-sdk/toolchain/14_2_Rel1/bin/../lib/gcc/arm-none-eabi/14.2.1/thumb/v6-m/nofp\libg.a(libc_a-impure.o)
 .ARM.attributes
                0x00000818       0x2c C:/Users/rian_/.pico-sdk/toolchain/14_2_Rel1/bin/../lib/gcc/arm-none-eabi/14.2.1/thumb/v6-m/nofp\libg.a(libc_a-sbrkr.o)
 .ARM.attributes
                0x00000844       0x2c C:/Users/rian_/.pico-sdk/toolchain/14_2_Rel1/bin/../lib/gcc/arm-none-eabi/14.2.1/thumb/v6-m/nofp\libg.a(libc_a-errno.o)
 .ARM.attributes
                0x00000870       0x2c C:/Users/rian_/.pico-sdk/toolchain/14_2_Rel1/bin/../lib/gcc/arm-none-eabi/14.2.1/thumb/v6-m/nofp\libg.a(libc_a-lock.o)
 .ARM.attributes
                0x0000089c       0x2c C:/Users/rian_/.pico-sdk/toolchain/14_2_Rel1/bin/../lib/gcc/arm-none-eabi/14.2.1/thumb/v6-m/nofp\libg.a(libc_a-sysconf.o)
 .ARM.attributes
                0x000008c8       0x2c C:/Users/rian_/.pico-sdk/toolchain/14_2_Rel1/bin/../lib/gcc/arm-none-eabi/14.2.1/thumb/v6-m/nofp\libg.a(libc_a-strlen-stub.o)
 .ARM.attributes
                0x000008f4       0x2c C:/Users/rian_/.pico-sdk/toolchain/14_2_Rel1/bin/../lib/gcc/arm-none-eabi/14.2.1/thumb/v6-m/nofp\libg.a(libc_a-freer.o)
 .ARM.attributes
                0x00000920       0x2c C:/Users/rian_/.pico-sdk/toolchain/14_2_Rel1/bin/../lib/gcc/arm-none-eabi/14.2.1/thumb/v6-m/nofp\libg.a(libc_a-findfp.o)
 .ARM.attributes
                0x0000094c       0x2c C:/Users/rian_/.pico-sdk/toolchain/14_2_Rel1/bin/../lib/gcc/arm-none-eabi/14.2.1/thumb/v6-m/nofp\libg.a(libc_a-reent.o)
 .ARM.attributes
                0x00000978       0x2c C:/Users/rian_/.pico-sdk/toolchain/14_2_Rel1/bin/../lib/gcc/arm-none-eabi/14.2.1/thumb/v6-m/nofp/crtend.o

.comment        0x00000000       0x45
 .comment       0x00000000       0x45 CMakeFiles/Teste_Voltimetro.dir/Ohmimetro01.c.obj
                                 0x46 (size before relaxing)
 .comment       0x00000045       0x46 CMakeFiles/Teste_Voltimetro.dir/lib/ssd1306.c.obj
 .comment       0x00000045       0x46 CMakeFiles/Teste_Voltimetro.dir/C_/Users/rian_/.pico-sdk/sdk/2.1.1/src/rp2_common/hardware_gpio/gpio.c.obj
 .comment       0x00000045       0x46 CMakeFiles/Teste_Voltimetro.dir/C_/Users/rian_/.pico-sdk/sdk/2.1.1/src/rp2_common/pico_platform_panic/panic.c.obj
 .comment       0x00000045       0x46 CMakeFiles/Teste_Voltimetro.dir/C_/Users/rian_/.pico-sdk/sdk/2.1.1/src/common/hardware_claim/claim.c.obj
 .comment       0x00000045       0x46 CMakeFiles/Teste_Voltimetro.dir/C_/Users/rian_/.pico-sdk/sdk/2.1.1/src/rp2_common/hardware_sync/sync.c.obj
 .comment       0x00000045       0x46 CMakeFiles/Teste_Voltimetro.dir/C_/Users/rian_/.pico-sdk/sdk/2.1.1/src/rp2_common/hardware_sync_spin_lock/sync_spin_lock.c.obj
 .comment       0x00000045       0x46 CMakeFiles/Teste_Voltimetro.dir/C_/Users/rian_/.pico-sdk/sdk/2.1.1/src/rp2_common/hardware_irq/irq.c.obj
 .comment       0x00000045       0x46 CMakeFiles/Teste_Voltimetro.dir/C_/Users/rian_/.pico-sdk/sdk/2.1.1/src/common/pico_sync/lock_core.c.obj
 .comment       0x00000045       0x46 CMakeFiles/Teste_Voltimetro.dir/C_/Users/rian_/.pico-sdk/sdk/2.1.1/src/common/pico_sync/mutex.c.obj
 .comment       0x00000045       0x46 CMakeFiles/Teste_Voltimetro.dir/C_/Users/rian_/.pico-sdk/sdk/2.1.1/src/common/pico_time/time.c.obj
 .comment       0x00000045       0x46 CMakeFiles/Teste_Voltimetro.dir/C_/Users/rian_/.pico-sdk/sdk/2.1.1/src/rp2_common/hardware_timer/timer.c.obj
 .comment       0x00000045       0x46 CMakeFiles/Teste_Voltimetro.dir/C_/Users/rian_/.pico-sdk/sdk/2.1.1/src/rp2_common/hardware_clocks/clocks.c.obj
 .comment       0x00000045       0x46 CMakeFiles/Teste_Voltimetro.dir/C_/Users/rian_/.pico-sdk/sdk/2.1.1/src/rp2_common/hardware_pll/pll.c.obj
 .comment       0x00000045       0x46 CMakeFiles/Teste_Voltimetro.dir/C_/Users/rian_/.pico-sdk/sdk/2.1.1/src/rp2_common/hardware_ticks/ticks.c.obj
 .comment       0x00000045       0x46 CMakeFiles/Teste_Voltimetro.dir/C_/Users/rian_/.pico-sdk/sdk/2.1.1/src/rp2_common/pico_bootrom/bootrom.c.obj
 .comment       0x00000045       0x46 CMakeFiles/Teste_Voltimetro.dir/C_/Users/rian_/.pico-sdk/sdk/2.1.1/src/rp2_common/hardware_xosc/xosc.c.obj
 .comment       0x00000045       0x46 CMakeFiles/Teste_Voltimetro.dir/C_/Users/rian_/.pico-sdk/sdk/2.1.1/src/rp2_common/pico_runtime/runtime.c.obj
 .comment       0x00000045       0x46 CMakeFiles/Teste_Voltimetro.dir/C_/Users/rian_/.pico-sdk/sdk/2.1.1/src/rp2_common/pico_runtime_init/runtime_init.c.obj
 .comment       0x00000045       0x46 CMakeFiles/Teste_Voltimetro.dir/C_/Users/rian_/.pico-sdk/sdk/2.1.1/src/rp2_common/pico_runtime_init/runtime_init_clocks.c.obj
 .comment       0x00000045       0x46 CMakeFiles/Teste_Voltimetro.dir/C_/Users/rian_/.pico-sdk/sdk/2.1.1/src/rp2_common/pico_double/double_init_rom_rp2040.c.obj
 .comment       0x00000045       0x46 CMakeFiles/Teste_Voltimetro.dir/C_/Users/rian_/.pico-sdk/sdk/2.1.1/src/rp2_common/pico_double/double_math.c.obj
 .comment       0x00000045       0x46 CMakeFiles/Teste_Voltimetro.dir/C_/Users/rian_/.pico-sdk/sdk/2.1.1/src/rp2_common/pico_float/float_init_rom_rp2040.c.obj
 .comment       0x00000045       0x46 CMakeFiles/Teste_Voltimetro.dir/C_/Users/rian_/.pico-sdk/sdk/2.1.1/src/rp2_common/pico_malloc/malloc.c.obj
 .comment       0x00000045       0x46 CMakeFiles/Teste_Voltimetro.dir/C_/Users/rian_/.pico-sdk/sdk/2.1.1/src/rp2_common/pico_standard_binary_info/standard_binary_info.c.obj
 .comment       0x00000045       0x46 CMakeFiles/Teste_Voltimetro.dir/C_/Users/rian_/.pico-sdk/sdk/2.1.1/src/rp2_common/pico_printf/printf.c.obj
 .comment       0x00000045       0x46 CMakeFiles/Teste_Voltimetro.dir/C_/Users/rian_/.pico-sdk/sdk/2.1.1/src/rp2_common/pico_clib_interface/newlib_interface.c.obj
 .comment       0x00000045       0x46 CMakeFiles/Teste_Voltimetro.dir/C_/Users/rian_/.pico-sdk/sdk/2.1.1/src/rp2_common/pico_stdio/stdio.c.obj
 .comment       0x00000045       0x46 CMakeFiles/Teste_Voltimetro.dir/C_/Users/rian_/.pico-sdk/sdk/2.1.1/src/rp2_common/pico_unique_id/unique_id.c.obj
 .comment       0x00000045       0x46 CMakeFiles/Teste_Voltimetro.dir/C_/Users/rian_/.pico-sdk/sdk/2.1.1/src/rp2_common/hardware_flash/flash.c.obj
 .comment       0x00000045       0x46 CMakeFiles/Teste_Voltimetro.dir/C_/Users/rian_/.pico-sdk/sdk/2.1.1/src/rp2_common/hardware_i2c/i2c.c.obj
 .comment       0x00000045       0x46 CMakeFiles/Teste_Voltimetro.dir/C_/Users/rian_/.pico-sdk/sdk/2.1.1/src/rp2_common/hardware_adc/adc.c.obj

.debug_info     0x00000000    0x24a46
 .debug_info    0x00000000     0x1af3 CMakeFiles/Teste_Voltimetro.dir/Ohmimetro01.c.obj
 .debug_info    0x00001af3     0x1b0b CMakeFiles/Teste_Voltimetro.dir/lib/ssd1306.c.obj
 .debug_info    0x000035fe     0x242d CMakeFiles/Teste_Voltimetro.dir/C_/Users/rian_/.pico-sdk/sdk/2.1.1/src/rp2_common/hardware_gpio/gpio.c.obj
 .debug_info    0x00005a2b      0x1bf CMakeFiles/Teste_Voltimetro.dir/C_/Users/rian_/.pico-sdk/sdk/2.1.1/src/rp2_common/pico_platform_panic/panic.c.obj
 .debug_info    0x00005bea      0x9a1 CMakeFiles/Teste_Voltimetro.dir/C_/Users/rian_/.pico-sdk/sdk/2.1.1/src/common/hardware_claim/claim.c.obj
 .debug_info    0x0000658b      0x45c CMakeFiles/Teste_Voltimetro.dir/C_/Users/rian_/.pico-sdk/sdk/2.1.1/src/rp2_common/hardware_sync/sync.c.obj
 .debug_info    0x000069e7      0x245 CMakeFiles/Teste_Voltimetro.dir/C_/Users/rian_/.pico-sdk/sdk/2.1.1/src/rp2_common/hardware_sync_spin_lock/sync_spin_lock.c.obj
 .debug_info    0x00006c2c     0x220f CMakeFiles/Teste_Voltimetro.dir/C_/Users/rian_/.pico-sdk/sdk/2.1.1/src/rp2_common/hardware_irq/irq.c.obj
 .debug_info    0x00008e3b      0x15f CMakeFiles/Teste_Voltimetro.dir/C_/Users/rian_/.pico-sdk/sdk/2.1.1/src/common/pico_sync/lock_core.c.obj
 .debug_info    0x00008f9a     0x27f1 CMakeFiles/Teste_Voltimetro.dir/C_/Users/rian_/.pico-sdk/sdk/2.1.1/src/common/pico_sync/mutex.c.obj
 .debug_info    0x0000b78b     0x5036 CMakeFiles/Teste_Voltimetro.dir/C_/Users/rian_/.pico-sdk/sdk/2.1.1/src/common/pico_time/time.c.obj
 .debug_info    0x000107c1     0x2b13 CMakeFiles/Teste_Voltimetro.dir/C_/Users/rian_/.pico-sdk/sdk/2.1.1/src/rp2_common/hardware_timer/timer.c.obj